Archive member included to satisfy reference by file (symbol)

c:/siliconlabs/simplicitystudio/v5/developer/toolchains/gnu_arm/12.2.rel1_2023.7/bin/../lib/gcc/arm-none-eabi/12.2.1/thumb/v8-m.main+fp/hard\libgcc.a(_arm_muldf3.o)
                              CMakeFiles/slc_XDRONE.dir/default_config/C_/Users/Public/Documents/Altium/Projects/XDRONE/Firmware/gecko_sdk_4.4.3/util/third_party/printf/printf.c.obj (__aeabi_dmul)
c:/siliconlabs/simplicitystudio/v5/developer/toolchains/gnu_arm/12.2.rel1_2023.7/bin/../lib/gcc/arm-none-eabi/12.2.1/thumb/v8-m.main+fp/hard\libgcc.a(_arm_addsubdf3.o)
                              CMakeFiles/slc_XDRONE.dir/default_config/C_/Users/Public/Documents/Altium/Projects/XDRONE/Firmware/gecko_sdk_4.4.3/util/third_party/printf/printf.c.obj (__aeabi_dsub)
c:/siliconlabs/simplicitystudio/v5/developer/toolchains/gnu_arm/12.2.rel1_2023.7/bin/../lib/gcc/arm-none-eabi/12.2.1/thumb/v8-m.main+fp/hard\libgcc.a(_arm_muldivdf3.o)
                              CMakeFiles/slc_XDRONE.dir/default_config/C_/Users/Public/Documents/Altium/Projects/XDRONE/Firmware/gecko_sdk_4.4.3/util/third_party/printf/printf.c.obj (__aeabi_ddiv)
c:/siliconlabs/simplicitystudio/v5/developer/toolchains/gnu_arm/12.2.rel1_2023.7/bin/../lib/gcc/arm-none-eabi/12.2.1/thumb/v8-m.main+fp/hard\libgcc.a(_arm_cmpdf2.o)
                              CMakeFiles/slc_XDRONE.dir/default_config/C_/Users/Public/Documents/Altium/Projects/XDRONE/Firmware/gecko_sdk_4.4.3/util/third_party/printf/printf.c.obj (__aeabi_dcmpeq)
c:/siliconlabs/simplicitystudio/v5/developer/toolchains/gnu_arm/12.2.rel1_2023.7/bin/../lib/gcc/arm-none-eabi/12.2.1/thumb/v8-m.main+fp/hard\libgcc.a(_arm_fixdfsi.o)
                              CMakeFiles/slc_XDRONE.dir/default_config/C_/Users/Public/Documents/Altium/Projects/XDRONE/Firmware/gecko_sdk_4.4.3/util/third_party/printf/printf.c.obj (__aeabi_d2iz)
c:/siliconlabs/simplicitystudio/v5/developer/toolchains/gnu_arm/12.2.rel1_2023.7/bin/../lib/gcc/arm-none-eabi/12.2.1/thumb/v8-m.main+fp/hard\libgcc.a(_arm_fixunsdfsi.o)
                              CMakeFiles/slc_XDRONE.dir/default_config/C_/Users/Public/Documents/Altium/Projects/XDRONE/Firmware/gecko_sdk_4.4.3/util/third_party/printf/printf.c.obj (__aeabi_d2uiz)
c:/siliconlabs/simplicitystudio/v5/developer/toolchains/gnu_arm/12.2.rel1_2023.7/bin/../lib/gcc/arm-none-eabi/12.2.1/thumb/v8-m.main+fp/hard\libgcc.a(_aeabi_ldivmod.o)
                              CMakeFiles/slc_XDRONE.dir/default_config/C_/Users/Public/Documents/Altium/Projects/XDRONE/Firmware/gecko_sdk_4.4.3/platform/emlib/src/em_usart.c.obj (__aeabi_ldivmod)
c:/siliconlabs/simplicitystudio/v5/developer/toolchains/gnu_arm/12.2.rel1_2023.7/bin/../lib/gcc/arm-none-eabi/12.2.1/thumb/v8-m.main+fp/hard\libgcc.a(_aeabi_uldivmod.o)
                              CMakeFiles/slc_XDRONE.dir/default_config/C_/Users/Public/Documents/Altium/Projects/XDRONE/Firmware/gecko_sdk_4.4.3/platform/emlib/src/em_usart.c.obj (__aeabi_uldivmod)
c:/siliconlabs/simplicitystudio/v5/developer/toolchains/gnu_arm/12.2.rel1_2023.7/bin/../lib/gcc/arm-none-eabi/12.2.1/thumb/v8-m.main+fp/hard\libgcc.a(_udivmoddi4.o)
                              c:/siliconlabs/simplicitystudio/v5/developer/toolchains/gnu_arm/12.2.rel1_2023.7/bin/../lib/gcc/arm-none-eabi/12.2.1/thumb/v8-m.main+fp/hard\libgcc.a(_aeabi_ldivmod.o) (__udivmoddi4)
c:/siliconlabs/simplicitystudio/v5/developer/toolchains/gnu_arm/12.2.rel1_2023.7/bin/../lib/gcc/arm-none-eabi/12.2.1/thumb/v8-m.main+fp/hard\libgcc.a(_dvmd_tls.o)
                              c:/siliconlabs/simplicitystudio/v5/developer/toolchains/gnu_arm/12.2.rel1_2023.7/bin/../lib/gcc/arm-none-eabi/12.2.1/thumb/v8-m.main+fp/hard\libgcc.a(_aeabi_ldivmod.o) (__aeabi_ldiv0)
c:/siliconlabs/simplicitystudio/v5/developer/toolchains/gnu_arm/12.2.rel1_2023.7/bin/../lib/gcc/arm-none-eabi/12.2.1/thumb/v8-m.main+fp/hard\libc_nano.a(libc_a-exit.o)
                              c:/siliconlabs/simplicitystudio/v5/developer/toolchains/gnu_arm/12.2.rel1_2023.7/bin/../lib/gcc/arm-none-eabi/12.2.1/thumb/v8-m.main+fp/hard/crt0.o (exit)
c:/siliconlabs/simplicitystudio/v5/developer/toolchains/gnu_arm/12.2.rel1_2023.7/bin/../lib/gcc/arm-none-eabi/12.2.1/thumb/v8-m.main+fp/hard\libc_nano.a(libc_a-strtol.o)
                              CMakeFiles/slc_XDRONE.dir/default_config/C_/Users/Public/Documents/Altium/Projects/XDRONE/Firmware/gecko_sdk_4.4.3/platform/service/cli/src/sl_cli_arguments.c.obj (strtol)
c:/siliconlabs/simplicitystudio/v5/developer/toolchains/gnu_arm/12.2.rel1_2023.7/bin/../lib/gcc/arm-none-eabi/12.2.1/thumb/v8-m.main+fp/hard\libc_nano.a(libc_a-strtoul.o)
                              CMakeFiles/slc_XDRONE.dir/default_config/C_/Users/Public/Documents/Altium/Projects/XDRONE/Firmware/gecko_sdk_4.4.3/platform/service/cli/src/sl_cli_arguments.c.obj (strtoul)
[...]
Memory Configuration

Name             Origin             Length             Attributes
FLASH            0x08000000         0x000fe000         xr
RAM              0x20000000         0x00040000         xrw
*default*        0x00000000         0xffffffff

Linker script and memory map

LOAD c:/siliconlabs/simplicitystudio/v5/developer/toolchains/gnu_arm/12.2.rel1_2023.7/bin/../lib/gcc/arm-none-eabi/12.2.1/thumb/v8-m.main+fp/hard/crti.o
LOAD c:/siliconlabs/simplicitystudio/v5/developer/toolchains/gnu_arm/12.2.rel1_2023.7/bin/../lib/gcc/arm-none-eabi/12.2.1/thumb/v8-m.main+fp/hard/crtbegin.o
LOAD c:/siliconlabs/simplicitystudio/v5/developer/toolchains/gnu_arm/12.2.rel1_2023.7/bin/../lib/gcc/arm-none-eabi/12.2.1/thumb/v8-m.main+fp/hard/crt0.o
LOAD CMakeFiles/slc_XDRONE.dir/default_config/C_/Users/Public/Documents/Altium/Projects/XDRONE/Firmware/gecko_sdk_4.4.3/platform/common/src/sl_assert.c.obj
LOAD CMakeFiles/slc_XDRONE.dir/default_config/C_/Users/Public/Documents/Altium/Projects/XDRONE/Firmware/gecko_sdk_4.4.3/platform/common/src/sl_slist.c.obj
LOAD CMakeFiles/slc_XDRONE.dir/default_config/C_/Users/Public/Documents/Altium/Projects/XDRONE/Firmware/gecko_sdk_4.4.3/platform/common/src/sl_string.c.obj
LOAD CMakeFiles/slc_XDRONE.dir/default_config/C_/Users/Public/Documents/Altium/Projects/XDRONE/Firmware/gecko_sdk_4.4.3/platform/common/src/sl_syscalls.c.obj
LOAD CMakeFiles/slc_XDRONE.dir/default_config/C_/Users/Public/Documents/Altium/Projects/XDRONE/Firmware/gecko_sdk_4.4.3/platform/common/toolchain/src/sl_memory.c.obj
LOAD CMakeFiles/slc_XDRONE.dir/default_config/b5bb5260dacc7379f80b8d14ba2fd242/Firmware/gecko_sdk_4.4.3/platform/Device/SiliconLabs/EFR32FG28/Source/startup_efr32fg28.c.obj
LOAD CMakeFiles/slc_XDRONE.dir/default_config/b5bb5260dacc7379f80b8d14ba2fd242/Firmware/gecko_sdk_4.4.3/platform/Device/SiliconLabs/EFR32FG28/Source/system_efr32fg28.c.obj
LOAD CMakeFiles/slc_XDRONE.dir/default_config/C_/Users/Public/Documents/Altium/Projects/XDRONE/Firmware/gecko_sdk_4.4.3/platform/emdrv/dmadrv/src/dmadrv.c.obj
LOAD CMakeFiles/slc_XDRONE.dir/default_config/C_/Users/Public/Documents/Altium/Projects/XDRONE/Firmware/gecko_sdk_4.4.3/platform/emlib/src/em_cmu.c.obj
LOAD CMakeFiles/slc_XDRONE.dir/default_config/C_/Users/Public/Documents/Altium/Projects/XDRONE/Firmware/gecko_sdk_4.4.3/platform/emlib/src/em_core.c.obj
LOAD CMakeFiles/slc_XDRONE.dir/default_config/C_/Users/Public/Documents/Altium/Projects/XDRONE/Firmware/gecko_sdk_4.4.3/platform/emlib/src/em_emu.c.obj
LOAD CMakeFiles/slc_XDRONE.dir/default_config/C_/Users/Public/Documents/Altium/Projects/XDRONE/Firmware/gecko_sdk_4.4.3/platform/emlib/src/em_gpio.c.obj
LOAD CMakeFiles/slc_XDRONE.dir/default_config/C_/Users/Public/Documents/Altium/Projects/XDRONE/Firmware/gecko_sdk_4.4.3/platform/emlib/src/em_ldma.c.obj
LOAD CMakeFiles/slc_XDRONE.dir/default_config/C_/Users/Public/Documents/Altium/Projects/XDRONE/Firmware/gecko_sdk_4.4.3/platform/emlib/src/em_msc.c.obj
LOAD CMakeFiles/slc_XDRONE.dir/default_config/C_/Users/Public/Documents/Altium/Projects/XDRONE/Firmware/gecko_sdk_4.4.3/platform/emlib/src/em_system.c.obj
LOAD CMakeFiles/slc_XDRONE.dir/default_config/C_/Users/Public/Documents/Altium/Projects/XDRONE/Firmware/gecko_sdk_4.4.3/platform/emlib/src/em_timer.c.obj
LOAD CMakeFiles/slc_XDRONE.dir/default_config/C_/Users/Public/Documents/Altium/Projects/XDRONE/Firmware/gecko_sdk_4.4.3/platform/emlib/src/em_usart.c.obj
LOAD CMakeFiles/slc_XDRONE.dir/default_config/C_/Users/Public/Documents/Altium/Projects/XDRONE/Firmware/gecko_sdk_4.4.3/platform/service/cli/src/sl_cli.c.obj
LOAD CMakeFiles/slc_XDRONE.dir/default_config/C_/Users/Public/Documents/Altium/Projects/XDRONE/Firmware/gecko_sdk_4.4.3/platform/service/cli/src/sl_cli_arguments.c.obj
LOAD CMakeFiles/slc_XDRONE.dir/default_config/C_/Users/Public/Documents/Altium/Projects/XDRONE/Firmware/gecko_sdk_4.4.3/platform/service/cli/src/sl_cli_command.c.obj
LOAD CMakeFiles/slc_XDRONE.dir/default_config/C_/Users/Public/Documents/Altium/Projects/XDRONE/Firmware/gecko_sdk_4.4.3/platform/service/cli/src/sl_cli_input.c.obj
LOAD CMakeFiles/slc_XDRONE.dir/default_config/C_/Users/Public/Documents/Altium/Projects/XDRONE/Firmware/gecko_sdk_4.4.3/platform/service/cli/src/sl_cli_io.c.obj
LOAD CMakeFiles/slc_XDRONE.dir/default_config/C_/Users/Public/Documents/Altium/Projects/XDRONE/Firmware/gecko_sdk_4.4.3/platform/service/cli/src/sl_cli_tokenize.c.obj
LOAD CMakeFiles/slc_XDRONE.dir/default_config/bf440dac2f447c31269e52145c203f2d/XDRONE/Firmware/gecko_sdk_4.4.3/platform/service/device_init/src/sl_device_init_dcdc_s2.c.obj
LOAD CMakeFiles/slc_XDRONE.dir/default_config/bf440dac2f447c31269e52145c203f2d/XDRONE/Firmware/gecko_sdk_4.4.3/platform/service/device_init/src/sl_device_init_dpll_s2.c.obj
LOAD CMakeFiles/slc_XDRONE.dir/default_config/bf440dac2f447c31269e52145c203f2d/XDRONE/Firmware/gecko_sdk_4.4.3/platform/service/device_init/src/sl_device_init_emu_s2.c.obj
LOAD CMakeFiles/slc_XDRONE.dir/default_config/bf440dac2f447c31269e52145c203f2d/XDRONE/Firmware/gecko_sdk_4.4.3/platform/service/device_init/src/sl_device_init_hfxo_s2.c.obj
LOAD CMakeFiles/slc_XDRONE.dir/default_config/bf440dac2f447c31269e52145c203f2d/XDRONE/Firmware/gecko_sdk_4.4.3/platform/service/device_init/src/sl_device_init_lfxo_s2.c.obj
LOAD CMakeFiles/slc_XDRONE.dir/default_config/bf440dac2f447c31269e52145c203f2d/XDRONE/Firmware/gecko_sdk_4.4.3/platform/service/device_init/src/sl_device_init_nvic.c.obj
LOAD CMakeFiles/slc_XDRONE.dir/default_config/C_/Users/Public/Documents/Altium/Projects/XDRONE/Firmware/gecko_sdk_4.4.3/platform/service/iostream/src/sl_iostream.c.obj
LOAD CMakeFiles/slc_XDRONE.dir/default_config/C_/Users/Public/Documents/Altium/Projects/XDRONE/Firmware/gecko_sdk_4.4.3/platform/service/iostream/src/sl_iostream_uart.c.obj
LOAD CMakeFiles/slc_XDRONE.dir/default_config/C_/Users/Public/Documents/Altium/Projects/XDRONE/Firmware/gecko_sdk_4.4.3/platform/service/iostream/src/sl_iostream_usart.c.obj
LOAD CMakeFiles/slc_XDRONE.dir/default_config/C_/Users/Public/Documents/Altium/Projects/XDRONE/Firmware/gecko_sdk_4.4.3/platform/service/system/src/sl_system_init.c.obj
LOAD CMakeFiles/slc_XDRONE.dir/default_config/bf440dac2f447c31269e52145c203f2d/XDRONE/Firmware/gecko_sdk_4.4.3/platform/service/system/src/sl_system_process_action.c.obj
LOAD CMakeFiles/slc_XDRONE.dir/default_config/C_/Users/Public/Documents/Altium/Projects/XDRONE/Firmware/gecko_sdk_4.4.3/util/third_party/printf/printf.c.obj
LOAD CMakeFiles/slc_XDRONE.dir/default_config/C_/Users/Public/Documents/Altium/Projects/XDRONE/Firmware/gecko_sdk_4.4.3/util/third_party/printf/src/iostream_printf.c.obj
LOAD CMakeFiles/slc_XDRONE.dir/default_config/C_/Users/Public/Documents/Altium/Projects/XDRONE/Firmware/app.c.obj
LOAD CMakeFiles/slc_XDRONE.dir/default_config/C_/Users/Public/Documents/Altium/Projects/XDRONE/Firmware/autogen/sl_cli_command_table.c.obj
LOAD CMakeFiles/slc_XDRONE.dir/default_config/C_/Users/Public/Documents/Altium/Projects/XDRONE/Firmware/autogen/sl_cli_instances.c.obj
LOAD CMakeFiles/slc_XDRONE.dir/default_config/C_/Users/Public/Documents/Altium/Projects/XDRONE/Firmware/autogen/sl_device_init_clocks.c.obj
LOAD CMakeFiles/slc_XDRONE.dir/default_config/C_/Users/Public/Documents/Altium/Projects/XDRONE/Firmware/autogen/sl_event_handler.c.obj
LOAD CMakeFiles/slc_XDRONE.dir/default_config/C_/Users/Public/Documents/Altium/Projects/XDRONE/Firmware/autogen/sl_iostream_handles.c.obj
LOAD CMakeFiles/slc_XDRONE.dir/default_config/C_/Users/Public/Documents/Altium/Projects/XDRONE/Firmware/autogen/sl_iostream_init_usart_instances.c.obj
LOAD CMakeFiles/slc_XDRONE.dir/default_config/C_/Users/Public/Documents/Altium/Projects/XDRONE/Firmware/autogen/sli_cli_hooks.c.obj
LOAD CMakeFiles/slc_XDRONE.dir/default_config/C_/Users/Public/Documents/Altium/Projects/XDRONE/Firmware/main.c.obj
LOAD CMakeFiles/XDRONE.dir/default_config/C_/Users/Public/Documents/Altium/Projects/XDRONE/Firmware/XDRONE/01_Drivers/src/led.c.obj
LOAD CMakeFiles/XDRONE.dir/default_config/C_/Users/Public/Documents/Altium/Projects/XDRONE/Firmware/XDRONE/04_CLI/cli.c.obj
LOAD CMakeFiles/XDRONE.dir/default_config/C_/Users/Public/Documents/Altium/Projects/XDRONE/Firmware/XDRONE/04_CLI/cli_led.c.obj
START GROUP
LOAD c:/siliconlabs/simplicitystudio/v5/developer/toolchains/gnu_arm/12.2.rel1_2023.7/bin/../lib/gcc/arm-none-eabi/12.2.1/thumb/v8-m.main+fp/hard\libgcc.a
LOAD c:/siliconlabs/simplicitystudio/v5/developer/toolchains/gnu_arm/12.2.rel1_2023.7/bin/../lib/gcc/arm-none-eabi/12.2.1/thumb/v8-m.main+fp/hard\libc_nano.a
LOAD c:/siliconlabs/simplicitystudio/v5/developer/toolchains/gnu_arm/12.2.rel1_2023.7/bin/../lib/gcc/arm-none-eabi/12.2.1/thumb/v8-m.main+fp/hard\libm.a
LOAD c:/siliconlabs/simplicitystudio/v5/developer/toolchains/gnu_arm/12.2.rel1_2023.7/bin/../lib/gcc/arm-none-eabi/12.2.1/thumb/v8-m.main+fp/hard\libnosys.a
END GROUP
START GROUP
LOAD c:/siliconlabs/simplicitystudio/v5/developer/toolchains/gnu_arm/12.2.rel1_2023.7/bin/../lib/gcc/arm-none-eabi/12.2.1/thumb/v8-m.main+fp/hard\libgcc.a
LOAD c:/siliconlabs/simplicitystudio/v5/developer/toolchains/gnu_arm/12.2.rel1_2023.7/bin/../lib/gcc/arm-none-eabi/12.2.1/thumb/v8-m.main+fp/hard\libc_nano.a
END GROUP
START GROUP
LOAD c:/siliconlabs/simplicitystudio/v5/developer/toolchains/gnu_arm/12.2.rel1_2023.7/bin/../lib/gcc/arm-none-eabi/12.2.1/thumb/v8-m.main+fp/hard\libgcc.a
LOAD c:/siliconlabs/simplicitystudio/v5/developer/toolchains/gnu_arm/12.2.rel1_2023.7/bin/../lib/gcc/arm-none-eabi/12.2.1/thumb/v8-m.main+fp/hard\libc_nano.a
END GROUP
LOAD c:/siliconlabs/simplicitystudio/v5/developer/toolchains/gnu_arm/12.2.rel1_2023.7/bin/../lib/gcc/arm-none-eabi/12.2.1/thumb/v8-m.main+fp/hard/crtend.o
LOAD c:/siliconlabs/simplicitystudio/v5/developer/toolchains/gnu_arm/12.2.rel1_2023.7/bin/../lib/gcc/arm-none-eabi/12.2.1/thumb/v8-m.main+fp/hard/crtn.o

.text           0x08000000     0x75e8
                0x08000000                linker_vectors_begin = .
 *(.vectors)
 .vectors       0x08000000      0x17c CMakeFiles/slc_XDRONE.dir/default_config/b5bb5260dacc7379f80b8d14ba2fd242/Firmware/gecko_sdk_4.4.3/platform/Device/SiliconLabs/EFR32FG28/Source/startup_efr32fg28.c.obj
                0x08000000                __Vectors
                0x0800017c                linker_vectors_end = .
                0x0800017c                __Vectors_End = .
                0x0800017c                __Vectors_Size = (__Vectors_End - __Vectors)
                0x0800017c                linker_code_begin = .
 *(SORT_BY_ALIGNMENT(.text*))
 *fill*         0x0800017c        0x4 
 .text._etoa    0x08000180      0x374 CMakeFiles/slc_XDRONE.dir/default_config/C_/Users/Public/Documents/Altium/Projects/XDRONE/Firmware/gecko_sdk_4.4.3/util/third_party/printf/printf.c.obj
 *fill*         0x080004f4        0x4 
 .text._ftoa    0x080004f8      0x30c CMakeFiles/slc_XDRONE.dir/default_config/C_/Users/Public/Documents/Altium/Projects/XDRONE/Firmware/gecko_sdk_4.4.3/util/third_party/printf/printf.c.obj
 .text.deregister_tm_clones
                0x08000804       0x1c c:/siliconlabs/simplicitystudio/v5/developer/toolchains/gnu_arm/12.2.rel1_2023.7/bin/../lib/gcc/arm-none-eabi/12.2.1/thumb/v8-m.main+fp/hard/crtbegin.o
 .text.register_tm_clones
                0x08000820       0x28 c:/siliconlabs/simplicitystudio/v5/developer/toolchains/gnu_arm/12.2.rel1_2023.7/bin/../lib/gcc/arm-none-eabi/12.2.1/thumb/v8-m.main+fp/hard/crtbegin.o
 .text.__do_global_dtors_aux
                0x08000848       0x28 c:/siliconlabs/simplicitystudio/v5/developer/toolchains/gnu_arm/12.2.rel1_2023.7/bin/../lib/gcc/arm-none-eabi/12.2.1/thumb/v8-m.main+fp/hard/crtbegin.o
 .text.frame_dummy
                0x08000870       0x24 c:/siliconlabs/simplicitystudio/v5/developer/toolchains/gnu_arm/12.2.rel1_2023.7/bin/../lib/gcc/arm-none-eabi/12.2.1/thumb/v8-m.main+fp/hard/crtbegin.o
 .text          0x08000894       0x7c c:/siliconlabs/simplicitystudio/v5/developer/toolchains/gnu_arm/12.2.rel1_2023.7/bin/../lib/gcc/arm-none-eabi/12.2.1/thumb/v8-m.main+fp/hard/crt0.o
                0x08000894                _stack_init
                0x0800089c                _start
                0x0800089c                _mainCRTStartup
 .text.sl_slist_push
                0x08000910       0x20 CMakeFiles/slc_XDRONE.dir/default_config/C_/Users/Public/Documents/Altium/Projects/XDRONE/Firmware/gecko_sdk_4.4.3/platform/common/src/sl_slist.c.obj
                0x08000910                sl_slist_push
 .text.sl_strcasecmp
                0x08000930       0x44 CMakeFiles/slc_XDRONE.dir/default_config/C_/Users/Public/Documents/Altium/Projects/XDRONE/Firmware/gecko_sdk_4.4.3/platform/common/src/sl_string.c.obj
                0x08000930                sl_strcasecmp
 .text.CopyRamFuncs
                0x08000974       0x1c CMakeFiles/slc_XDRONE.dir/default_config/b5bb5260dacc7379f80b8d14ba2fd242/Firmware/gecko_sdk_4.4.3/platform/Device/SiliconLabs/EFR32FG28/Source/startup_efr32fg28.c.obj
                0x08000974                CopyRamFuncs
 .text.Reset_Handler
                0x08000990       0x64 CMakeFiles/slc_XDRONE.dir/default_config/b5bb5260dacc7379f80b8d14ba2fd242/Firmware/gecko_sdk_4.4.3/platform/Device/SiliconLabs/EFR32FG28/Source/startup_efr32fg28.c.obj
                0x08000990                Reset_Handler
 .text.SystemInit
                0x080009f4       0x68 CMakeFiles/slc_XDRONE.dir/default_config/b5bb5260dacc7379f80b8d14ba2fd242/Firmware/gecko_sdk_4.4.3/platform/Device/SiliconLabs/EFR32FG28/Source/system_efr32fg28.c.obj
                0x080009f4                SystemInit
 .text.SystemHFRCODPLLClockGet
                0x08000a5c        0xc CMakeFiles/slc_XDRONE.dir/default_config/b5bb5260dacc7379f80b8d14ba2fd242/Firmware/gecko_sdk_4.4.3/platform/Device/SiliconLabs/EFR32FG28/Source/system_efr32fg28.c.obj
                0x08000a5c                SystemHFRCODPLLClockGet
 .text.SystemHFRCODPLLClockSet
                0x08000a68        0xc CMakeFiles/slc_XDRONE.dir/default_config/b5bb5260dacc7379f80b8d14ba2fd242/Firmware/gecko_sdk_4.4.3/platform/Device/SiliconLabs/EFR32FG28/Source/system_efr32fg28.c.obj
                0x08000a68                SystemHFRCODPLLClockSet
 .text.SystemSYSCLKGet
                0x08000a74       0x34 CMakeFiles/slc_XDRONE.dir/default_config/b5bb5260dacc7379f80b8d14ba2fd242/Firmware/gecko_sdk_4.4.3/platform/Device/SiliconLabs/EFR32FG28/Source/system_efr32fg28.c.obj
                0x08000a74                SystemSYSCLKGet
 .text.SystemHCLKGet
                0x08000aa8       0x24 CMakeFiles/slc_XDRONE.dir/default_config/b5bb5260dacc7379f80b8d14ba2fd242/Firmware/gecko_sdk_4.4.3/platform/Device/SiliconLabs/EFR32FG28/Source/system_efr32fg28.c.obj
                0x08000aa8                SystemHCLKGet
 .text.SystemMaxCoreClockGet
                0x08000acc        0x8 CMakeFiles/slc_XDRONE.dir/default_config/b5bb5260dacc7379f80b8d14ba2fd242/Firmware/gecko_sdk_4.4.3/platform/Device/SiliconLabs/EFR32FG28/Source/system_efr32fg28.c.obj
                0x08000acc                SystemMaxCoreClockGet
 .text.SystemHFXOClockGet
                0x08000ad4        0xc CMakeFiles/slc_XDRONE.dir/default_config/b5bb5260dacc7379f80b8d14ba2fd242/Firmware/gecko_sdk_4.4.3/platform/Device/SiliconLabs/EFR32FG28/Source/system_efr32fg28.c.obj
                0x08000ad4                SystemHFXOClockGet
 .text.SystemHFXOClockSet
                0x08000ae0       0x20 CMakeFiles/slc_XDRONE.dir/default_config/b5bb5260dacc7379f80b8d14ba2fd242/Firmware/gecko_sdk_4.4.3/platform/Device/SiliconLabs/EFR32FG28/Source/system_efr32fg28.c.obj
                0x08000ae0                SystemHFXOClockSet
 .text.SystemFSRCOClockGet
                0x08000b00        0x8 CMakeFiles/slc_XDRONE.dir/default_config/b5bb5260dacc7379f80b8d14ba2fd242/Firmware/gecko_sdk_4.4.3/platform/Device/SiliconLabs/EFR32FG28/Source/system_efr32fg28.c.obj
                0x08000b00                SystemFSRCOClockGet
 .text.SystemHFRCOEM23ClockGet
                0x08000b08       0x84 CMakeFiles/slc_XDRONE.dir/default_config/b5bb5260dacc7379f80b8d14ba2fd242/Firmware/gecko_sdk_4.4.3/platform/Device/SiliconLabs/EFR32FG28/Source/system_efr32fg28.c.obj
                0x08000b08                SystemHFRCOEM23ClockGet
 .text.SystemLFXOClockGet
                0x08000b8c        0xc CMakeFiles/slc_XDRONE.dir/default_config/b5bb5260dacc7379f80b8d14ba2fd242/Firmware/gecko_sdk_4.4.3/platform/Device/SiliconLabs/EFR32FG28/Source/system_efr32fg28.c.obj
                0x08000b8c                SystemLFXOClockGet
 .text.StartTransfer
                0x08000b98      0x17c CMakeFiles/slc_XDRONE.dir/default_config/C_/Users/Public/Documents/Altium/Projects/XDRONE/Firmware/gecko_sdk_4.4.3/platform/emdrv/dmadrv/src/dmadrv.c.obj
 .text.DMADRV_AllocateChannel
                0x08000d14       0x60 CMakeFiles/slc_XDRONE.dir/default_config/C_/Users/Public/Documents/Altium/Projects/XDRONE/Firmware/gecko_sdk_4.4.3/platform/emdrv/dmadrv/src/dmadrv.c.obj
                0x08000d14                DMADRV_AllocateChannel
 .text.DMADRV_DeInit
                0x08000d74       0x44 CMakeFiles/slc_XDRONE.dir/default_config/C_/Users/Public/Documents/Altium/Projects/XDRONE/Firmware/gecko_sdk_4.4.3/platform/emdrv/dmadrv/src/dmadrv.c.obj
                0x08000d74                DMADRV_DeInit
 .text.DMADRV_FreeChannel
                0x08000db8       0x4c CMakeFiles/slc_XDRONE.dir/default_config/C_/Users/Public/Documents/Altium/Projects/XDRONE/Firmware/gecko_sdk_4.4.3/platform/emdrv/dmadrv/src/dmadrv.c.obj
                0x08000db8                DMADRV_FreeChannel
 .text.DMADRV_Init
                0x08000e04       0x68 CMakeFiles/slc_XDRONE.dir/default_config/C_/Users/Public/Documents/Altium/Projects/XDRONE/Firmware/gecko_sdk_4.4.3/platform/emdrv/dmadrv/src/dmadrv.c.obj
                0x08000e04                DMADRV_Init
 .text.DMADRV_PauseTransfer
                0x08000e6c       0x40 CMakeFiles/slc_XDRONE.dir/default_config/C_/Users/Public/Documents/Altium/Projects/XDRONE/Firmware/gecko_sdk_4.4.3/platform/emdrv/dmadrv/src/dmadrv.c.obj
                0x08000e6c                DMADRV_PauseTransfer
 .text.DMADRV_ResumeTransfer
                0x08000eac       0x40 CMakeFiles/slc_XDRONE.dir/default_config/C_/Users/Public/Documents/Altium/Projects/XDRONE/Firmware/gecko_sdk_4.4.3/platform/emdrv/dmadrv/src/dmadrv.c.obj
                0x08000eac                DMADRV_ResumeTransfer
 .text.DMADRV_StopTransfer
                0x08000eec       0x40 CMakeFiles/slc_XDRONE.dir/default_config/C_/Users/Public/Documents/Altium/Projects/XDRONE/Firmware/gecko_sdk_4.4.3/platform/emdrv/dmadrv/src/dmadrv.c.obj
                0x08000eec                DMADRV_StopTransfer
 .text.DMADRV_TransferCompletePending
                0x08000f2c       0x50 CMakeFiles/slc_XDRONE.dir/default_config/C_/Users/Public/Documents/Altium/Projects/XDRONE/Firmware/gecko_sdk_4.4.3/platform/emdrv/dmadrv/src/dmadrv.c.obj
                0x08000f2c                DMADRV_TransferCompletePending
 .text.DMADRV_TransferDone
                0x08000f7c       0x44 CMakeFiles/slc_XDRONE.dir/default_config/C_/Users/Public/Documents/Altium/Projects/XDRONE/Firmware/gecko_sdk_4.4.3/platform/emdrv/dmadrv/src/dmadrv.c.obj
                0x08000f7c                DMADRV_TransferDone
 .text.LDMA_IRQHandler
                0x08000fc0       0x74 CMakeFiles/slc_XDRONE.dir/default_config/C_/Users/Public/Documents/Altium/Projects/XDRONE/Firmware/gecko_sdk_4.4.3/platform/emdrv/dmadrv/src/dmadrv.c.obj
                0x08000fc0                LDMA_IRQHandler
 .text.EMU_VScaleGet
                0x08001034       0x18 CMakeFiles/slc_XDRONE.dir/default_config/C_/Users/Public/Documents/Altium/Projects/XDRONE/Firmware/gecko_sdk_4.4.3/platform/emlib/src/em_cmu.c.obj
 .text.HFRCODPLLDevinfoGet
                0x0800104c      0x108 CMakeFiles/slc_XDRONE.dir/default_config/C_/Users/Public/Documents/Altium/Projects/XDRONE/Firmware/gecko_sdk_4.4.3/platform/emlib/src/em_cmu.c.obj
 .text.traceClkGet
                0x08001154       0x54 CMakeFiles/slc_XDRONE.dir/default_config/C_/Users/Public/Documents/Altium/Projects/XDRONE/Firmware/gecko_sdk_4.4.3/platform/emlib/src/em_cmu.c.obj
 .text.em01GrpaClkGet
                0x080011a8       0x74 CMakeFiles/slc_XDRONE.dir/default_config/C_/Users/Public/Documents/Altium/Projects/XDRONE/Firmware/gecko_sdk_4.4.3/platform/emlib/src/em_cmu.c.obj
 .text.em01GrpcClkGet
                0x0800121c       0x70 CMakeFiles/slc_XDRONE.dir/default_config/C_/Users/Public/Documents/Altium/Projects/XDRONE/Firmware/gecko_sdk_4.4.3/platform/emlib/src/em_cmu.c.obj
 .text.iadcClkGet
                0x0800128c       0x60 CMakeFiles/slc_XDRONE.dir/default_config/C_/Users/Public/Documents/Altium/Projects/XDRONE/Firmware/gecko_sdk_4.4.3/platform/emlib/src/em_cmu.c.obj
 .text.lesenseHFClkGet
                0x080012ec       0x48 CMakeFiles/slc_XDRONE.dir/default_config/C_/Users/Public/Documents/Altium/Projects/XDRONE/Firmware/gecko_sdk_4.4.3/platform/emlib/src/em_cmu.c.obj
 .text.eusart0ClkGet
                0x08001334       0x74 CMakeFiles/slc_XDRONE.dir/default_config/C_/Users/Public/Documents/Altium/Projects/XDRONE/Firmware/gecko_sdk_4.4.3/platform/emlib/src/em_cmu.c.obj
 .text.em23GrpaClkGet
                0x080013a8       0x48 CMakeFiles/slc_XDRONE.dir/default_config/C_/Users/Public/Documents/Altium/Projects/XDRONE/Firmware/gecko_sdk_4.4.3/platform/emlib/src/em_cmu.c.obj
 .text.vdac0ClkGet
                0x080013f0       0x70 CMakeFiles/slc_XDRONE.dir/default_config/C_/Users/Public/Documents/Altium/Projects/XDRONE/Firmware/gecko_sdk_4.4.3/platform/emlib/src/em_cmu.c.obj
 .text.pcnt0ClkGet
                0x08001460       0x4c CMakeFiles/slc_XDRONE.dir/default_config/C_/Users/Public/Documents/Altium/Projects/XDRONE/Firmware/gecko_sdk_4.4.3/platform/emlib/src/em_cmu.c.obj
 .text.wdog0ClkGet
                0x080014ac       0x64 CMakeFiles/slc_XDRONE.dir/default_config/C_/Users/Public/Documents/Altium/Projects/XDRONE/Firmware/gecko_sdk_4.4.3/platform/emlib/src/em_cmu.c.obj
 .text.wdog1ClkGet
                0x08001510       0x64 CMakeFiles/slc_XDRONE.dir/default_config/C_/Users/Public/Documents/Altium/Projects/XDRONE/Firmware/gecko_sdk_4.4.3/platform/emlib/src/em_cmu.c.obj
 .text.sysrtcClkGet
                0x08001574       0x48 CMakeFiles/slc_XDRONE.dir/default_config/C_/Users/Public/Documents/Altium/Projects/XDRONE/Firmware/gecko_sdk_4.4.3/platform/emlib/src/em_cmu.c.obj
 .text.lcdClkGet
                0x080015bc       0x54 CMakeFiles/slc_XDRONE.dir/default_config/C_/Users/Public/Documents/Altium/Projects/XDRONE/Firmware/gecko_sdk_4.4.3/platform/emlib/src/em_cmu.c.obj
 .text.em4GrpaClkGet
                0x08001610       0x48 CMakeFiles/slc_XDRONE.dir/default_config/C_/Users/Public/Documents/Altium/Projects/XDRONE/Firmware/gecko_sdk_4.4.3/platform/emlib/src/em_cmu.c.obj
 .text.CMU_ClockDivGet
                0x08001658       0x78 CMakeFiles/slc_XDRONE.dir/default_config/C_/Users/Public/Documents/Altium/Projects/XDRONE/Firmware/gecko_sdk_4.4.3/platform/emlib/src/em_cmu.c.obj
                0x08001658                CMU_ClockDivGet
 .text.flashWaitStateControl
                0x080016d0       0x58 CMakeFiles/slc_XDRONE.dir/default_config/C_/Users/Public/Documents/Altium/Projects/XDRONE/Firmware/gecko_sdk_4.4.3/platform/emlib/src/em_cmu.c.obj
 .text.CMU_ClockEnable
                0x08001728       0x50 CMakeFiles/slc_XDRONE.dir/default_config/C_/Users/Public/Documents/Altium/Projects/XDRONE/Firmware/gecko_sdk_4.4.3/platform/emlib/src/em_cmu.c.obj
                0x08001728                CMU_ClockEnable
 .text.CMU_ClockFreqGet
                0x08001778      0x280 CMakeFiles/slc_XDRONE.dir/default_config/C_/Users/Public/Documents/Altium/Projects/XDRONE/Firmware/gecko_sdk_4.4.3/platform/emlib/src/em_cmu.c.obj
                0x08001778                CMU_ClockFreqGet
 .text.rhclkPrescOptimize
                0x080019f8       0x20 CMakeFiles/slc_XDRONE.dir/default_config/C_/Users/Public/Documents/Altium/Projects/XDRONE/Firmware/gecko_sdk_4.4.3/platform/emlib/src/em_cmu.c.obj
 .text.CMU_ClockSelectGet
                0x08001a18      0x278 CMakeFiles/slc_XDRONE.dir/default_config/C_/Users/Public/Documents/Altium/Projects/XDRONE/Firmware/gecko_sdk_4.4.3/platform/emlib/src/em_cmu.c.obj
                0x08001a18                CMU_ClockSelectGet
 .text.CMU_HFXOInit
                0x08001c90      0x238 CMakeFiles/slc_XDRONE.dir/default_config/C_/Users/Public/Documents/Altium/Projects/XDRONE/Firmware/gecko_sdk_4.4.3/platform/emlib/src/em_cmu.c.obj
                0x08001c90                CMU_HFXOInit
 .text.CMU_HFXOCTuneDeltaGet
                0x08001ec8        0xc CMakeFiles/slc_XDRONE.dir/default_config/C_/Users/Public/Documents/Altium/Projects/XDRONE/Firmware/gecko_sdk_4.4.3/platform/emlib/src/em_cmu.c.obj
                0x08001ec8                CMU_HFXOCTuneDeltaGet
 .text.CMU_LFXOInit
                0x08001ed4       0xc4 CMakeFiles/slc_XDRONE.dir/default_config/C_/Users/Public/Documents/Altium/Projects/XDRONE/Firmware/gecko_sdk_4.4.3/platform/emlib/src/em_cmu.c.obj
                0x08001ed4                CMU_LFXOInit
 .text.CMU_LFXOPrecisionSet
                0x08001f98        0xc CMakeFiles/slc_XDRONE.dir/default_config/C_/Users/Public/Documents/Altium/Projects/XDRONE/Firmware/gecko_sdk_4.4.3/platform/emlib/src/em_cmu.c.obj
                0x08001f98                CMU_LFXOPrecisionSet
 .text.CMU_HFXOPrecisionSet
                0x08001fa4        0xc CMakeFiles/slc_XDRONE.dir/default_config/C_/Users/Public/Documents/Altium/Projects/XDRONE/Firmware/gecko_sdk_4.4.3/platform/emlib/src/em_cmu.c.obj
                0x08001fa4                CMU_HFXOPrecisionSet
 .text.CMU_ClockDivSet
                0x08001fb0      0x12c CMakeFiles/slc_XDRONE.dir/default_config/C_/Users/Public/Documents/Altium/Projects/XDRONE/Firmware/gecko_sdk_4.4.3/platform/emlib/src/em_cmu.c.obj
                0x08001fb0                CMU_ClockDivSet
 .text.sli_em_cmu_SYSCLKInitPreClockSelect
                0x080020dc       0x20 CMakeFiles/slc_XDRONE.dir/default_config/C_/Users/Public/Documents/Altium/Projects/XDRONE/Firmware/gecko_sdk_4.4.3/platform/emlib/src/em_cmu.c.obj
                0x080020dc                sli_em_cmu_SYSCLKInitPreClockSelect
 .text.pclkDivOptimize
                0x080020fc       0x24 CMakeFiles/slc_XDRONE.dir/default_config/C_/Users/Public/Documents/Altium/Projects/XDRONE/Firmware/gecko_sdk_4.4.3/platform/emlib/src/em_cmu.c.obj
 .text.CMU_DPLLLock
                0x08002120      0x288 CMakeFiles/slc_XDRONE.dir/default_config/C_/Users/Public/Documents/Altium/Projects/XDRONE/Firmware/gecko_sdk_4.4.3/platform/emlib/src/em_cmu.c.obj
                0x08002120                CMU_DPLLLock
 .text.EMU_DCDCSync
                0x080023a8       0x10 CMakeFiles/slc_XDRONE.dir/default_config/C_/Users/Public/Documents/Altium/Projects/XDRONE/Firmware/gecko_sdk_4.4.3/platform/emlib/src/em_emu.c.obj
 .text.EMU_EM4Init
                0x080023b8       0x14 CMakeFiles/slc_XDRONE.dir/default_config/C_/Users/Public/Documents/Altium/Projects/XDRONE/Firmware/gecko_sdk_4.4.3/platform/emlib/src/em_emu.c.obj
                0x080023b8                EMU_EM4Init
 .text.EMU_VScaleEM01
                0x080023cc       0xa8 CMakeFiles/slc_XDRONE.dir/default_config/C_/Users/Public/Documents/Altium/Projects/XDRONE/Firmware/gecko_sdk_4.4.3/platform/emlib/src/em_emu.c.obj
                0x080023cc                EMU_VScaleEM01
 .text.EMU_VScaleEM01ByClock
                0x08002474       0x30 CMakeFiles/slc_XDRONE.dir/default_config/C_/Users/Public/Documents/Altium/Projects/XDRONE/Firmware/gecko_sdk_4.4.3/platform/emlib/src/em_emu.c.obj
                0x08002474                EMU_VScaleEM01ByClock
 .text.EMU_DCDCModeSet
                0x080024a4       0xac CMakeFiles/slc_XDRONE.dir/default_config/C_/Users/Public/Documents/Altium/Projects/XDRONE/Firmware/gecko_sdk_4.4.3/platform/emlib/src/em_emu.c.obj
                0x080024a4                EMU_DCDCModeSet
 .text.GPIO_PinOutSet
                0x08002550       0x3c CMakeFiles/slc_XDRONE.dir/default_config/C_/Users/Public/Documents/Altium/Projects/XDRONE/Firmware/gecko_sdk_4.4.3/platform/emlib/src/em_gpio.c.obj
 .text.GPIO_PinOutClear
                0x0800258c       0x3c CMakeFiles/slc_XDRONE.dir/default_config/C_/Users/Public/Documents/Altium/Projects/XDRONE/Firmware/gecko_sdk_4.4.3/platform/emlib/src/em_gpio.c.obj
 .text.GPIO_PinModeSet
                0x080025c8       0x94 CMakeFiles/slc_XDRONE.dir/default_config/C_/Users/Public/Documents/Altium/Projects/XDRONE/Firmware/gecko_sdk_4.4.3/platform/emlib/src/em_gpio.c.obj
                0x080025c8                GPIO_PinModeSet
 .text.LDMA_DeInit
                0x0800265c       0x3c CMakeFiles/slc_XDRONE.dir/default_config/C_/Users/Public/Documents/Altium/Projects/XDRONE/Firmware/gecko_sdk_4.4.3/platform/emlib/src/em_ldma.c.obj
                0x0800265c                LDMA_DeInit
 .text.LDMA_EnableChannelRequest
                0x08002698       0x40 CMakeFiles/slc_XDRONE.dir/default_config/C_/Users/Public/Documents/Altium/Projects/XDRONE/Firmware/gecko_sdk_4.4.3/platform/emlib/src/em_ldma.c.obj
                0x08002698                LDMA_EnableChannelRequest
 .text.LDMA_Init
                0x080026d8       0x94 CMakeFiles/slc_XDRONE.dir/default_config/C_/Users/Public/Documents/Altium/Projects/XDRONE/Firmware/gecko_sdk_4.4.3/platform/emlib/src/em_ldma.c.obj
                0x080026d8                LDMA_Init
 .text.LDMA_StartTransfer
                0x0800276c      0x104 CMakeFiles/slc_XDRONE.dir/default_config/C_/Users/Public/Documents/Altium/Projects/XDRONE/Firmware/gecko_sdk_4.4.3/platform/emlib/src/em_ldma.c.obj
                0x0800276c                LDMA_StartTransfer
 .text.LDMA_StopTransfer
                0x08002870       0x38 CMakeFiles/slc_XDRONE.dir/default_config/C_/Users/Public/Documents/Altium/Projects/XDRONE/Firmware/gecko_sdk_4.4.3/platform/emlib/src/em_ldma.c.obj
                0x08002870                LDMA_StopTransfer
 .text.LDMA_TransferDone
                0x080028a8       0x44 CMakeFiles/slc_XDRONE.dir/default_config/C_/Users/Public/Documents/Altium/Projects/XDRONE/Firmware/gecko_sdk_4.4.3/platform/emlib/src/em_ldma.c.obj
                0x080028a8                LDMA_TransferDone
 .text.TIMER_Valid
                0x080028ec       0x34 CMakeFiles/slc_XDRONE.dir/default_config/C_/Users/Public/Documents/Altium/Projects/XDRONE/Firmware/gecko_sdk_4.4.3/platform/emlib/src/em_timer.c.obj
 .text.timerPrsConfig
                0x08002920       0x70 CMakeFiles/slc_XDRONE.dir/default_config/C_/Users/Public/Documents/Altium/Projects/XDRONE/Firmware/gecko_sdk_4.4.3/platform/emlib/src/em_timer.c.obj
 .text.TIMER_Init
                0x08002990       0x98 CMakeFiles/slc_XDRONE.dir/default_config/C_/Users/Public/Documents/Altium/Projects/XDRONE/Firmware/gecko_sdk_4.4.3/platform/emlib/src/em_timer.c.obj
                0x08002990                TIMER_Init
 .text.TIMER_InitCC
                0x08002a28       0xac CMakeFiles/slc_XDRONE.dir/default_config/C_/Users/Public/Documents/Altium/Projects/XDRONE/Firmware/gecko_sdk_4.4.3/platform/emlib/src/em_timer.c.obj
                0x08002a28                TIMER_InitCC
 .text.USART_BaudrateAsyncSet
                0x08002ad4       0xe0 CMakeFiles/slc_XDRONE.dir/default_config/C_/Users/Public/Documents/Altium/Projects/XDRONE/Firmware/gecko_sdk_4.4.3/platform/emlib/src/em_usart.c.obj
                0x08002ad4                USART_BaudrateAsyncSet
 .text.USART_Enable
                0x08002bb4       0x3c CMakeFiles/slc_XDRONE.dir/default_config/C_/Users/Public/Documents/Altium/Projects/XDRONE/Firmware/gecko_sdk_4.4.3/platform/emlib/src/em_usart.c.obj
                0x08002bb4                USART_Enable
 .text.USART_Reset
                0x08002bf0       0x58 CMakeFiles/slc_XDRONE.dir/default_config/C_/Users/Public/Documents/Altium/Projects/XDRONE/Firmware/gecko_sdk_4.4.3/platform/emlib/src/em_usart.c.obj
                0x08002bf0                USART_Reset
 .text.USART_InitAsync
                0x08002c48       0xd4 CMakeFiles/slc_XDRONE.dir/default_config/C_/Users/Public/Documents/Altium/Projects/XDRONE/Firmware/gecko_sdk_4.4.3/platform/emlib/src/em_usart.c.obj
                0x08002c48                USART_InitAsync
 .text.sl_cli_clear
                0x08002d1c       0x30 CMakeFiles/slc_XDRONE.dir/default_config/C_/Users/Public/Documents/Altium/Projects/XDRONE/Firmware/gecko_sdk_4.4.3/platform/service/cli/src/sl_cli.c.obj
                0x08002d1c                sl_cli_clear
 .text.sl_cli_handle_input
                0x08002d4c       0x44 CMakeFiles/slc_XDRONE.dir/default_config/C_/Users/Public/Documents/Altium/Projects/XDRONE/Firmware/gecko_sdk_4.4.3/platform/service/cli/src/sl_cli.c.obj
                0x08002d4c                sl_cli_handle_input
 .text.sli_cli_tick
                0x08002d90       0x94 CMakeFiles/slc_XDRONE.dir/default_config/C_/Users/Public/Documents/Altium/Projects/XDRONE/Firmware/gecko_sdk_4.4.3/platform/service/cli/src/sl_cli.c.obj
                0x08002d90                sli_cli_tick
 .text.sli_cli_arguments_validate_uint
                0x08002e24       0xc4 CMakeFiles/slc_XDRONE.dir/default_config/C_/Users/Public/Documents/Altium/Projects/XDRONE/Firmware/gecko_sdk_4.4.3/platform/service/cli/src/sl_cli_arguments.c.obj
                0x08002e24                sli_cli_arguments_validate_uint
 .text.sli_cli_arguments_validate_hex_string
                0x08002ee8       0x44 CMakeFiles/slc_XDRONE.dir/default_config/C_/Users/Public/Documents/Altium/Projects/XDRONE/Firmware/gecko_sdk_4.4.3/platform/service/cli/src/sl_cli_arguments.c.obj
                0x08002ee8                sli_cli_arguments_validate_hex_string
 .text.print_and_pad
                0x08002f2c       0x28 CMakeFiles/slc_XDRONE.dir/default_config/C_/Users/Public/Documents/Altium/Projects/XDRONE/Firmware/gecko_sdk_4.4.3/platform/service/cli/src/sl_cli_command.c.obj
 .text.cmd_help_command
                0x08002f54      0x1f0 CMakeFiles/slc_XDRONE.dir/default_config/C_/Users/Public/Documents/Altium/Projects/XDRONE/Firmware/gecko_sdk_4.4.3/platform/service/cli/src/sl_cli_command.c.obj
 .text.sl_cli_command_find_matches
                0x08003144      0x19c CMakeFiles/slc_XDRONE.dir/default_config/C_/Users/Public/Documents/Altium/Projects/XDRONE/Firmware/gecko_sdk_4.4.3/platform/service/cli/src/sl_cli_command.c.obj
                0x08003144                sl_cli_command_find_matches
 .text.sl_cli_command_find
                0x080032e0       0x74 CMakeFiles/slc_XDRONE.dir/default_config/C_/Users/Public/Documents/Altium/Projects/XDRONE/Firmware/gecko_sdk_4.4.3/platform/service/cli/src/sl_cli_command.c.obj
                0x080032e0                sl_cli_command_find
 .text.sl_cli_input_autocomplete
                0x08003354      0x1f0 CMakeFiles/slc_XDRONE.dir/default_config/C_/Users/Public/Documents/Altium/Projects/XDRONE/Firmware/gecko_sdk_4.4.3/platform/service/cli/src/sl_cli_input.c.obj
                0x08003354                sl_cli_input_autocomplete
 .text.sl_cli_input_char
                0x08003544      0x1d4 CMakeFiles/slc_XDRONE.dir/default_config/C_/Users/Public/Documents/Altium/Projects/XDRONE/Firmware/gecko_sdk_4.4.3/platform/service/cli/src/sl_cli_input.c.obj
                0x08003544                sl_cli_input_char
 .text.sl_device_init_dpll
                0x08003718       0x7c CMakeFiles/slc_XDRONE.dir/default_config/bf440dac2f447c31269e52145c203f2d/XDRONE/Firmware/gecko_sdk_4.4.3/platform/service/device_init/src/sl_device_init_dpll_s2.c.obj
                0x08003718                sl_device_init_dpll
 .text.sl_device_init_emu
                0x08003794       0x24 CMakeFiles/slc_XDRONE.dir/default_config/bf440dac2f447c31269e52145c203f2d/XDRONE/Firmware/gecko_sdk_4.4.3/platform/service/device_init/src/sl_device_init_emu_s2.c.obj
                0x08003794                sl_device_init_emu
 .text.sl_device_init_hfxo
                0x080037b8       0x70 CMakeFiles/slc_XDRONE.dir/default_config/bf440dac2f447c31269e52145c203f2d/XDRONE/Firmware/gecko_sdk_4.4.3/platform/service/device_init/src/sl_device_init_hfxo_s2.c.obj
                0x080037b8                sl_device_init_hfxo
 .text.sl_device_init_lfxo
                0x08003828       0x2c CMakeFiles/slc_XDRONE.dir/default_config/bf440dac2f447c31269e52145c203f2d/XDRONE/Firmware/gecko_sdk_4.4.3/platform/service/device_init/src/sl_device_init_lfxo_s2.c.obj
                0x08003828                sl_device_init_lfxo
 .text.sl_device_init_nvic
                0x08003854       0x3c CMakeFiles/slc_XDRONE.dir/default_config/bf440dac2f447c31269e52145c203f2d/XDRONE/Firmware/gecko_sdk_4.4.3/platform/service/device_init/src/sl_device_init_nvic.c.obj
                0x08003854                sl_device_init_nvic
 .text.sl_iostream_set_default
                0x08003890       0x18 CMakeFiles/slc_XDRONE.dir/default_config/C_/Users/Public/Documents/Altium/Projects/XDRONE/Firmware/gecko_sdk_4.4.3/platform/service/iostream/src/sl_iostream.c.obj
                0x08003890                sl_iostream_set_default
 .text.sl_iostream_get_default
                0x080038a8       0x18 CMakeFiles/slc_XDRONE.dir/default_config/C_/Users/Public/Documents/Altium/Projects/XDRONE/Firmware/gecko_sdk_4.4.3/platform/service/iostream/src/sl_iostream.c.obj
                0x080038a8                sl_iostream_get_default
 .text.get_write_ptr
                0x080038c0       0x40 CMakeFiles/slc_XDRONE.dir/default_config/C_/Users/Public/Documents/Altium/Projects/XDRONE/Firmware/gecko_sdk_4.4.3/platform/service/iostream/src/sl_iostream_uart.c.obj
 .text.dma_irq_handler
                0x08003900       0x74 CMakeFiles/slc_XDRONE.dir/default_config/C_/Users/Public/Documents/Altium/Projects/XDRONE/Firmware/gecko_sdk_4.4.3/platform/service/iostream/src/sl_iostream_uart.c.obj
 .text.uart_read
                0x08003974      0x1f4 CMakeFiles/slc_XDRONE.dir/default_config/C_/Users/Public/Documents/Altium/Projects/XDRONE/Firmware/gecko_sdk_4.4.3/platform/service/iostream/src/sl_iostream_uart.c.obj
 .text.uart_deinit
                0x08003b68       0x98 CMakeFiles/slc_XDRONE.dir/default_config/C_/Users/Public/Documents/Altium/Projects/XDRONE/Firmware/gecko_sdk_4.4.3/platform/service/iostream/src/sl_iostream_uart.c.obj
 .text.uart_write
                0x08003c00       0xc0 CMakeFiles/slc_XDRONE.dir/default_config/C_/Users/Public/Documents/Altium/Projects/XDRONE/Firmware/gecko_sdk_4.4.3/platform/service/iostream/src/sl_iostream_uart.c.obj
 .text.sli_iostream_uart_context_init
                0x08003cc0       0xf8 CMakeFiles/slc_XDRONE.dir/default_config/C_/Users/Public/Documents/Altium/Projects/XDRONE/Firmware/gecko_sdk_4.4.3/platform/service/iostream/src/sl_iostream_uart.c.obj
                0x08003cc0                sli_iostream_uart_context_init
 .text.sl_iostream_usart_init
                0x08003db8      0x174 CMakeFiles/slc_XDRONE.dir/default_config/C_/Users/Public/Documents/Altium/Projects/XDRONE/Firmware/gecko_sdk_4.4.3/platform/service/iostream/src/sl_iostream_usart.c.obj
                0x08003db8                sl_iostream_usart_init
 .text._vsnprintf
                0x08003f2c      0x528 CMakeFiles/slc_XDRONE.dir/default_config/C_/Users/Public/Documents/Altium/Projects/XDRONE/Firmware/gecko_sdk_4.4.3/util/third_party/printf/printf.c.obj
 .text.printf   0x08004454       0x28 CMakeFiles/slc_XDRONE.dir/default_config/C_/Users/Public/Documents/Altium/Projects/XDRONE/Firmware/gecko_sdk_4.4.3/util/third_party/printf/printf.c.obj
                0x08004454                printf
 .text.vprintf  0x0800447c       0x1c CMakeFiles/slc_XDRONE.dir/default_config/C_/Users/Public/Documents/Altium/Projects/XDRONE/Firmware/gecko_sdk_4.4.3/util/third_party/printf/printf.c.obj
                0x0800447c                vprintf
 .text.sl_cli_instances_init
                0x08004498       0x40 CMakeFiles/slc_XDRONE.dir/default_config/C_/Users/Public/Documents/Altium/Projects/XDRONE/Firmware/autogen/sl_cli_instances.c.obj
                0x08004498                sl_cli_instances_init
 .text.sl_cli_instances_tick
                0x080044d8       0x28 CMakeFiles/slc_XDRONE.dir/default_config/C_/Users/Public/Documents/Altium/Projects/XDRONE/Firmware/autogen/sl_cli_instances.c.obj
                0x080044d8                sl_cli_instances_tick
 .text.sl_device_init_clocks
                0x08004500       0x90 CMakeFiles/slc_XDRONE.dir/default_config/C_/Users/Public/Documents/Altium/Projects/XDRONE/Firmware/autogen/sl_device_init_clocks.c.obj
                0x08004500                sl_device_init_clocks
 .text.sl_iostream_usart_init_uart_cli
                0x08004590       0x9c CMakeFiles/slc_XDRONE.dir/default_config/C_/Users/Public/Documents/Altium/Projects/XDRONE/Firmware/autogen/sl_iostream_init_usart_instances.c.obj
                0x08004590                sl_iostream_usart_init_uart_cli
 .text.sl_iostream_usart_init_instances
                0x0800462c       0x1c CMakeFiles/slc_XDRONE.dir/default_config/C_/Users/Public/Documents/Altium/Projects/XDRONE/Firmware/autogen/sl_iostream_init_usart_instances.c.obj
                0x0800462c                sl_iostream_usart_init_instances
 .text.USART0_RX_IRQHandler
                0x08004648        0xc CMakeFiles/slc_XDRONE.dir/default_config/C_/Users/Public/Documents/Altium/Projects/XDRONE/Firmware/autogen/sl_iostream_init_usart_instances.c.obj
                0x08004648                USART0_RX_IRQHandler
 .text.startup.main
                0x08004654       0x4c CMakeFiles/slc_XDRONE.dir/default_config/C_/Users/Public/Documents/Altium/Projects/XDRONE/Firmware/main.c.obj
                0x08004654                main
 .text.TIMER_CompareSet.constprop.0
                0x080046a0       0x28 CMakeFiles/XDRONE.dir/default_config/C_/Users/Public/Documents/Altium/Projects/XDRONE/Firmware/XDRONE/01_Drivers/src/led.c.obj
 .text.led_getIntesity
                0x080046c8        0xc CMakeFiles/XDRONE.dir/default_config/C_/Users/Public/Documents/Altium/Projects/XDRONE/Firmware/XDRONE/01_Drivers/src/led.c.obj
                0x080046c8                led_getIntesity
 .text.led_getState
                0x080046d4        0xc CMakeFiles/XDRONE.dir/default_config/C_/Users/Public/Documents/Altium/Projects/XDRONE/Firmware/XDRONE/01_Drivers/src/led.c.obj
                0x080046d4                led_getState
 .text.led_getRGB
                0x080046e0       0x28 CMakeFiles/XDRONE.dir/default_config/C_/Users/Public/Documents/Altium/Projects/XDRONE/Firmware/XDRONE/01_Drivers/src/led.c.obj
                0x080046e0                led_getRGB
 .text.led_setRGB
                0x08004708       0x70 CMakeFiles/XDRONE.dir/default_config/C_/Users/Public/Documents/Altium/Projects/XDRONE/Firmware/XDRONE/01_Drivers/src/led.c.obj
                0x08004708                led_setRGB
 .text.led_setIntesity
                0x08004778       0x24 CMakeFiles/XDRONE.dir/default_config/C_/Users/Public/Documents/Altium/Projects/XDRONE/Firmware/XDRONE/01_Drivers/src/led.c.obj
                0x08004778                led_setIntesity
 .text.led_setState
                0x0800479c       0x24 CMakeFiles/XDRONE.dir/default_config/C_/Users/Public/Documents/Altium/Projects/XDRONE/Firmware/XDRONE/01_Drivers/src/led.c.obj
                0x0800479c                led_setState
 .text.led_init
                0x080047c0      0x128 CMakeFiles/XDRONE.dir/default_config/C_/Users/Public/Documents/Altium/Projects/XDRONE/Firmware/XDRONE/01_Drivers/src/led.c.obj
                0x080047c0                led_init
 .text.cli_init
                0x080048e8       0x14 CMakeFiles/XDRONE.dir/default_config/C_/Users/Public/Documents/Altium/Projects/XDRONE/Firmware/XDRONE/04_CLI/cli.c.obj
                0x080048e8                cli_init
 .text.cli_led_print
                0x080048fc       0xa0 CMakeFiles/XDRONE.dir/default_config/C_/Users/Public/Documents/Altium/Projects/XDRONE/Firmware/XDRONE/04_CLI/cli_led.c.obj
 .text.cli_led_rgb
                0x0800499c       0x60 CMakeFiles/XDRONE.dir/default_config/C_/Users/Public/Documents/Altium/Projects/XDRONE/Firmware/XDRONE/04_CLI/cli_led.c.obj
 .text.cli_led_intensity
                0x080049fc       0x2c CMakeFiles/XDRONE.dir/default_config/C_/Users/Public/Documents/Altium/Projects/XDRONE/Firmware/XDRONE/04_CLI/cli_led.c.obj
 .text.cli_led_state
                0x08004a28       0x34 CMakeFiles/XDRONE.dir/default_config/C_/Users/Public/Documents/Altium/Projects/XDRONE/Firmware/XDRONE/04_CLI/cli_led.c.obj
 .text          0x08004a5c      0x378 c:/siliconlabs/simplicitystudio/v5/developer/toolchains/gnu_arm/12.2.rel1_2023.7/bin/../lib/gcc/arm-none-eabi/12.2.1/thumb/v8-m.main+fp/hard\libgcc.a(_arm_addsubdf3.o)
                0x08004a5c                __aeabi_drsub
                0x08004a64                __aeabi_dsub
                0x08004a64                __subdf3
                0x08004a68                __aeabi_dadd
                0x08004a68                __adddf3
                0x08004ce0                __floatunsidf
                0x08004ce0                __aeabi_ui2d
                0x08004d00                __floatsidf
                0x08004d00                __aeabi_i2d
                0x08004d24                __aeabi_f2d
                0x08004d24                __extendsfdf2
                0x08004d68                __floatundidf
                0x08004d68                __aeabi_ul2d
                0x08004d78                __floatdidf
                0x08004d78                __aeabi_l2d
 .text          0x08004dd4      0x424 c:/siliconlabs/simplicitystudio/v5/developer/toolchains/gnu_arm/12.2.rel1_2023.7/bin/../lib/gcc/arm-none-eabi/12.2.1/thumb/v8-m.main+fp/hard\libgcc.a(_arm_muldivdf3.o)
                0x08004dd4                __aeabi_dmul
                0x08004dd4                __muldf3
                0x08005028                __divdf3
                0x08005028                __aeabi_ddiv
 .text          0x080051f8      0x110 c:/siliconlabs/simplicitystudio/v5/developer/toolchains/gnu_arm/12.2.rel1_2023.7/bin/../lib/gcc/arm-none-eabi/12.2.1/thumb/v8-m.main+fp/hard\libgcc.a(_arm_cmpdf2.o)
                0x080051f8                __gtdf2
                0x080051f8                __gedf2
                0x08005200                __ltdf2
                0x08005200                __ledf2
                0x08005208                __nedf2
                0x08005208                __eqdf2
                0x08005208                __cmpdf2
                0x08005284                __aeabi_cdrcmple
                0x08005294                __aeabi_cdcmpeq
                0x08005294                __aeabi_cdcmple
                0x080052a4                __aeabi_dcmpeq
                0x080052b8                __aeabi_dcmplt
                0x080052cc                __aeabi_dcmple
                0x080052e0                __aeabi_dcmpge
                0x080052f4                __aeabi_dcmpgt
 .text          0x08005308       0x50 c:/siliconlabs/simplicitystudio/v5/developer/toolchains/gnu_arm/12.2.rel1_2023.7/bin/../lib/gcc/arm-none-eabi/12.2.1/thumb/v8-m.main+fp/hard\libgcc.a(_arm_fixdfsi.o)
                0x08005308                __aeabi_d2iz
                0x08005308                __fixdfsi
 .text          0x08005358       0x40 c:/siliconlabs/simplicitystudio/v5/developer/toolchains/gnu_arm/12.2.rel1_2023.7/bin/../lib/gcc/arm-none-eabi/12.2.1/thumb/v8-m.main+fp/hard\libgcc.a(_arm_fixunsdfsi.o)
                0x08005358                __aeabi_d2uiz
                0x08005358                __fixunsdfsi
 .text          0x08005398       0x30 c:/siliconlabs/simplicitystudio/v5/developer/toolchains/gnu_arm/12.2.rel1_2023.7/bin/../lib/gcc/arm-none-eabi/12.2.1/thumb/v8-m.main+fp/hard\libgcc.a(_aeabi_uldivmod.o)
                0x08005398                __aeabi_uldivmod
 .text.__udivmoddi4
                0x080053c8      0x2ec c:/siliconlabs/simplicitystudio/v5/developer/toolchains/gnu_arm/12.2.rel1_2023.7/bin/../lib/gcc/arm-none-eabi/12.2.1/thumb/v8-m.main+fp/hard\libgcc.a(_udivmoddi4.o)
                0x080053c8                __udivmoddi4
 .text          0x080056b4        0x4 c:/siliconlabs/simplicitystudio/v5/developer/toolchains/gnu_arm/12.2.rel1_2023.7/bin/../lib/gcc/arm-none-eabi/12.2.1/thumb/v8-m.main+fp/hard\libgcc.a(_dvmd_tls.o)
                0x080056b4                __aeabi_idiv0
                0x080056b4                __aeabi_ldiv0
 .text.exit     0x080056b8       0x24 c:/siliconlabs/simplicitystudio/v5/developer/toolchains/gnu_arm/12.2.rel1_2023.7/bin/../lib/gcc/arm-none-eabi/12.2.1/thumb/v8-m.main+fp/hard\libc_nano.a(libc_a-exit.o)
                0x080056b8                exit
 .text._strtol_l.constprop.0
                0x080056dc       0xfc c:/siliconlabs/simplicitystudio/v5/developer/toolchains/gnu_arm/12.2.rel1_2023.7/bin/../lib/gcc/arm-none-eabi/12.2.1/thumb/v8-m.main+fp/hard\libc_nano.a(libc_a-strtol.o)
 .text.strtol   0x080057d8       0x14 c:/siliconlabs/simplicitystudio/v5/developer/toolchains/gnu_arm/12.2.rel1_2023.7/bin/../lib/gcc/arm-none-eabi/12.2.1/thumb/v8-m.main+fp/hard\libc_nano.a(libc_a-strtol.o)
                0x080057d8                strtol
 .text._strtoul_l.constprop.0
                0x080057ec       0xe4 c:/siliconlabs/simplicitystudio/v5/developer/toolchains/gnu_arm/12.2.rel1_2023.7/bin/../lib/gcc/arm-none-eabi/12.2.1/thumb/v8-m.main+fp/hard\libc_nano.a(libc_a-strtoul.o)
 .text.strtoul  0x080058d0       0x14 c:/siliconlabs/simplicitystudio/v5/developer/toolchains/gnu_arm/12.2.rel1_2023.7/bin/../lib/gcc/arm-none-eabi/12.2.1/thumb/v8-m.main+fp/hard\libc_nano.a(libc_a-strtoul.o)
                0x080058d0                strtoul
 .text._strtoll_l.constprop.0
                0x080058e4      0x128 c:/siliconlabs/simplicitystudio/v5/developer/toolchains/gnu_arm/12.2.rel1_2023.7/bin/../lib/gcc/arm-none-eabi/12.2.1/thumb/v8-m.main+fp/hard\libc_nano.a(libc_a-strtoll.o)
 .text.strtoll  0x08005a0c       0x14 c:/siliconlabs/simplicitystudio/v5/developer/toolchains/gnu_arm/12.2.rel1_2023.7/bin/../lib/gcc/arm-none-eabi/12.2.1/thumb/v8-m.main+fp/hard\libc_nano.a(libc_a-strtoll.o)
                0x08005a0c                strtoll
 .text.__errno  0x08005a20        0xc c:/siliconlabs/simplicitystudio/v5/developer/toolchains/gnu_arm/12.2.rel1_2023.7/bin/../lib/gcc/arm-none-eabi/12.2.1/thumb/v8-m.main+fp/hard\libc_nano.a(libc_a-errno.o)
                0x08005a20                __errno
 .text.__libc_init_array
                0x08005a2c       0x48 c:/siliconlabs/simplicitystudio/v5/developer/toolchains/gnu_arm/12.2.rel1_2023.7/bin/../lib/gcc/arm-none-eabi/12.2.1/thumb/v8-m.main+fp/hard\libc_nano.a(libc_a-init.o)
                0x08005a2c                __libc_init_array
 .text.assertEFM
                0x08005a74        0x2 CMakeFiles/slc_XDRONE.dir/default_config/C_/Users/Public/Documents/Altium/Projects/XDRONE/Firmware/gecko_sdk_4.4.3/platform/common/src/sl_assert.c.obj
                0x08005a74                assertEFM
 .text.sl_slist_init
                0x08005a76        0x6 CMakeFiles/slc_XDRONE.dir/default_config/C_/Users/Public/Documents/Altium/Projects/XDRONE/Firmware/gecko_sdk_4.4.3/platform/common/src/sl_slist.c.obj
                0x08005a76                sl_slist_init
 .text.sl_strcpy_s
                0x08005a7c       0x22 CMakeFiles/slc_XDRONE.dir/default_config/C_/Users/Public/Documents/Altium/Projects/XDRONE/Firmware/gecko_sdk_4.4.3/platform/common/src/sl_string.c.obj
                0x08005a7c                sl_strcpy_s
 .text.sl_strnlen
                0x08005a9e       0x16 CMakeFiles/slc_XDRONE.dir/default_config/C_/Users/Public/Documents/Altium/Projects/XDRONE/Firmware/gecko_sdk_4.4.3/platform/common/src/sl_string.c.obj
                0x08005a9e                sl_strnlen
 .text.sl_strlen
                0x08005ab4        0x8 CMakeFiles/slc_XDRONE.dir/default_config/C_/Users/Public/Documents/Altium/Projects/XDRONE/Firmware/gecko_sdk_4.4.3/platform/common/src/sl_string.c.obj
                0x08005ab4                sl_strlen
 .text.sl_strcat_s
                0x08005abc       0x26 CMakeFiles/slc_XDRONE.dir/default_config/C_/Users/Public/Documents/Altium/Projects/XDRONE/Firmware/gecko_sdk_4.4.3/platform/common/src/sl_string.c.obj
                0x08005abc                sl_strcat_s
 .text._exit    0x08005ae2        0x2 CMakeFiles/slc_XDRONE.dir/default_config/C_/Users/Public/Documents/Altium/Projects/XDRONE/Firmware/gecko_sdk_4.4.3/platform/common/src/sl_syscalls.c.obj
                0x08005ae2                _exit
 .text.Default_Handler
                0x08005ae4        0x2 CMakeFiles/slc_XDRONE.dir/default_config/b5bb5260dacc7379f80b8d14ba2fd242/Firmware/gecko_sdk_4.4.3/platform/Device/SiliconLabs/EFR32FG28/Source/startup_efr32fg28.c.obj
                0x08005ae4                ULFRCO_IRQHandler
                0x08005ae4                AHB2AHB1_IRQHandler
                0x08005ae4                SW2_IRQHandler
                0x08005ae4                TIMER2_IRQHandler
                0x08005ae4                DebugMon_Handler
                0x08005ae4                IADC_IRQHandler
                0x08005ae4                EUSART0_TX_IRQHandler
                0x08005ae4                I2C0_IRQHandler
                0x08005ae4                LFXO_IRQHandler
                0x08005ae4                HardFault_Handler
                0x08005ae4                SMU_SECURE_IRQHandler
                0x08005ae4                SysTick_Handler
                0x08005ae4                SYSRTC_SEQ_IRQHandler
                0x08005ae4                EMUEFP_IRQHandler
                0x08005ae4                EUSART2_TX_IRQHandler
                0x08005ae4                PendSV_Handler
                0x08005ae4                NMI_Handler
                0x08005ae4                SYNTH_IRQHandler
                0x08005ae4                HOSTMAILBOX_IRQHandler
                0x08005ae4                HFXO0_IRQHandler
                0x08005ae4                I2C1_IRQHandler
                0x08005ae4                WDOG0_IRQHandler
                0x08005ae4                TIMER3_IRQHandler
                0x08005ae4                SYSCFG_IRQHandler
                0x08005ae4                RFECA1_IRQHandler
                0x08005ae4                EMUDG_IRQHandler
                0x08005ae4                MSC_IRQHandler
                0x08005ae4                DPLL0_IRQHandler
                0x08005ae4                UsageFault_Handler
                0x08005ae4                WDOG1_IRQHandler
                0x08005ae4                M33CTI1_IRQHandler
                0x08005ae4                TIMER4_IRQHandler
                0x08005ae4                GPIO_EVEN_IRQHandler
                0x08005ae4                VDAC0_IRQHandler
                0x08005ae4                SEMBTX_IRQHandler
                0x08005ae4                SW0_IRQHandler
                0x08005ae4                TIMER0_IRQHandler
                0x08005ae4                LCD_IRQHandler
                0x08005ae4                MVP_IRQHandler
                0x08005ae4                LETIMER0_IRQHandler
                0x08005ae4                EUSART1_RX_IRQHandler
                0x08005ae4                TIMER1_IRQHandler
                0x08005ae4                HFRCO0_IRQHandler
                0x08005ae4                SecureFault_Handler
                0x08005ae4                BUFC_IRQHandler
                0x08005ae4                DCDC_IRQHandler
                0x08005ae4                MODEM_IRQHandler
                0x08005ae4                Default_Handler
                0x08005ae4                RAC_SEQ_IRQHandler
                0x08005ae4                FRC_PRI_IRQHandler
                0x08005ae4                EMU_IRQHandler
                0x08005ae4                SW3_IRQHandler
                0x08005ae4                KERNEL0_IRQHandler
                0x08005ae4                FRC_IRQHandler
                0x08005ae4                PCNT0_IRQHandler
                0x08005ae4                KERNEL1_IRQHandler
                0x08005ae4                AGC_IRQHandler
                0x08005ae4                EUSART1_TX_IRQHandler
                0x08005ae4                KEYSCAN_IRQHandler
                0x08005ae4                sl_app_properties
                0x08005ae4                HFRCOEM23_IRQHandler
                0x08005ae4                BURTC_IRQHandler
                0x08005ae4                SEMBRX_IRQHandler
                0x08005ae4                RFECA0_IRQHandler
                0x08005ae4                LFRCO_IRQHandler
                0x08005ae4                ACMP0_IRQHandler
                0x08005ae4                MemManage_Handler
                0x08005ae4                AHB2AHB0_IRQHandler
                0x08005ae4                SVC_Handler
                0x08005ae4                EUSART2_RX_IRQHandler
                0x08005ae4                SMU_S_PRIVILEGED_IRQHandler
                0x08005ae4                SW1_IRQHandler
                0x08005ae4                CMU_IRQHandler
                0x08005ae4                EUSART0_RX_IRQHandler
                0x08005ae4                RAC_RSM_IRQHandler
                0x08005ae4                SETAMPERHOST_IRQHandler
                0x08005ae4                GPIO_ODD_IRQHandler
                0x08005ae4                LESENSE_IRQHandler
                0x08005ae4                AES_IRQHandler
                0x08005ae4                M33CTI0_IRQHandler
                0x08005ae4                ICACHE0_IRQHandler
                0x08005ae4                SMU_NS_PRIVILEGED_IRQHandler
                0x08005ae4                FPUEXH_IRQHandler
                0x08005ae4                PROTIMER_IRQHandler
                0x08005ae4                ACMP1_IRQHandler
                0x08005ae4                BusFault_Handler
                0x08005ae4                MPAHBRAM_IRQHandler
                0x08005ae4                SYSRTC_APP_IRQHandler
 .text.FlashToRamCopy
                0x08005ae6       0x16 CMakeFiles/slc_XDRONE.dir/default_config/b5bb5260dacc7379f80b8d14ba2fd242/Firmware/gecko_sdk_4.4.3/platform/Device/SiliconLabs/EFR32FG28/Source/system_efr32fg28.c.obj
                0x08005ae6                FlashToRamCopy
 .text.SystemCLKIN0Get
                0x08005afc        0x4 CMakeFiles/slc_XDRONE.dir/default_config/b5bb5260dacc7379f80b8d14ba2fd242/Firmware/gecko_sdk_4.4.3/platform/Device/SiliconLabs/EFR32FG28/Source/system_efr32fg28.c.obj
                0x08005afc                SystemCLKIN0Get
 .text.SystemLFRCOClockGet
                0x08005b00        0x6 CMakeFiles/slc_XDRONE.dir/default_config/b5bb5260dacc7379f80b8d14ba2fd242/Firmware/gecko_sdk_4.4.3/platform/Device/SiliconLabs/EFR32FG28/Source/system_efr32fg28.c.obj
                0x08005b00                SystemLFRCOClockGet
 .text.SystemULFRCOClockGet
                0x08005b06        0x6 CMakeFiles/slc_XDRONE.dir/default_config/b5bb5260dacc7379f80b8d14ba2fd242/Firmware/gecko_sdk_4.4.3/platform/Device/SiliconLabs/EFR32FG28/Source/system_efr32fg28.c.obj
                0x08005b06                SystemULFRCOClockGet
 .text.DMADRV_PeripheralMemory
                0x08005b0c       0x34 CMakeFiles/slc_XDRONE.dir/default_config/C_/Users/Public/Documents/Altium/Projects/XDRONE/Firmware/gecko_sdk_4.4.3/platform/emdrv/dmadrv/src/dmadrv.c.obj
                0x08005b0c                DMADRV_PeripheralMemory
 .text.BUS_RegMaskedWrite
                0x08005b40       0x1e CMakeFiles/slc_XDRONE.dir/default_config/C_/Users/Public/Documents/Altium/Projects/XDRONE/Firmware/gecko_sdk_4.4.3/platform/emlib/src/em_cmu.c.obj
 .text.waitStateMax
                0x08005b5e       0x10 CMakeFiles/slc_XDRONE.dir/default_config/C_/Users/Public/Documents/Altium/Projects/XDRONE/Firmware/gecko_sdk_4.4.3/platform/emlib/src/em_cmu.c.obj
 .text.CMU_UpdateWaitStates
                0x08005b6e        0xc CMakeFiles/slc_XDRONE.dir/default_config/C_/Users/Public/Documents/Altium/Projects/XDRONE/Firmware/gecko_sdk_4.4.3/platform/emlib/src/em_cmu.c.obj
                0x08005b6e                CMU_UpdateWaitStates
 .text.pclkDivMax
                0x08005b7a        0xa CMakeFiles/slc_XDRONE.dir/default_config/C_/Users/Public/Documents/Altium/Projects/XDRONE/Firmware/gecko_sdk_4.4.3/platform/emlib/src/em_cmu.c.obj
 .text.sli_em_cmu_SYSCLKInitPostClockSelect
                0x08005b84       0x2a CMakeFiles/slc_XDRONE.dir/default_config/C_/Users/Public/Documents/Altium/Projects/XDRONE/Firmware/gecko_sdk_4.4.3/platform/emlib/src/em_cmu.c.obj
                0x08005b84                sli_em_cmu_SYSCLKInitPostClockSelect
 .text.CORE_EnterCritical
                0x08005bae        0x8 CMakeFiles/slc_XDRONE.dir/default_config/C_/Users/Public/Documents/Altium/Projects/XDRONE/Firmware/gecko_sdk_4.4.3/platform/emlib/src/em_core.c.obj
                0x08005bae                CORE_EnterCritical
 .text.CORE_ExitCritical
                0x08005bb6        0x6 CMakeFiles/slc_XDRONE.dir/default_config/C_/Users/Public/Documents/Altium/Projects/XDRONE/Firmware/gecko_sdk_4.4.3/platform/emlib/src/em_core.c.obj
                0x08005bb6                CORE_ExitCritical
 .text.CORE_EnterAtomic
                0x08005bbc        0xc CMakeFiles/slc_XDRONE.dir/default_config/C_/Users/Public/Documents/Altium/Projects/XDRONE/Firmware/gecko_sdk_4.4.3/platform/emlib/src/em_core.c.obj
                0x08005bbc                CORE_EnterAtomic
 .text.CORE_ExitAtomic
                0x08005bc8        0x6 CMakeFiles/slc_XDRONE.dir/default_config/C_/Users/Public/Documents/Altium/Projects/XDRONE/Firmware/gecko_sdk_4.4.3/platform/emlib/src/em_core.c.obj
                0x08005bc8                CORE_ExitAtomic
 .text.EMU_EFPEM01VScale
                0x08005bce        0x2 CMakeFiles/slc_XDRONE.dir/default_config/C_/Users/Public/Documents/Altium/Projects/XDRONE/Firmware/gecko_sdk_4.4.3/platform/emlib/src/em_emu.c.obj
                0x08005bce                EMU_EFPEM01VScale
 .text.EMU_DCDCUpdatedHook
                0x08005bd0        0x2 CMakeFiles/slc_XDRONE.dir/default_config/C_/Users/Public/Documents/Altium/Projects/XDRONE/Firmware/gecko_sdk_4.4.3/platform/emlib/src/em_emu.c.obj
                0x08005bd0                EMU_DCDCUpdatedHook
 .text.EMU_DCDCPowerOff
                0x08005bd2        0xc CMakeFiles/slc_XDRONE.dir/default_config/C_/Users/Public/Documents/Altium/Projects/XDRONE/Firmware/gecko_sdk_4.4.3/platform/emlib/src/em_emu.c.obj
                0x08005bd2                EMU_DCDCPowerOff
 .text.BUS_RegMaskedWrite
                0x08005bde       0x1e CMakeFiles/slc_XDRONE.dir/default_config/C_/Users/Public/Documents/Altium/Projects/XDRONE/Firmware/gecko_sdk_4.4.3/platform/emlib/src/em_gpio.c.obj
 .text.TIMER_SyncWait
                0x08005bfc        0xe CMakeFiles/slc_XDRONE.dir/default_config/C_/Users/Public/Documents/Altium/Projects/XDRONE/Firmware/gecko_sdk_4.4.3/platform/emlib/src/em_timer.c.obj
                0x08005bfc                TIMER_SyncWait
 .text.USART_Tx
                0x08005c0a        0xa CMakeFiles/slc_XDRONE.dir/default_config/C_/Users/Public/Documents/Altium/Projects/XDRONE/Firmware/gecko_sdk_4.4.3/platform/emlib/src/em_usart.c.obj
                0x08005c0a                USART_Tx
 .text.sli_cli_session_activity_notification
                0x08005c14        0x2 CMakeFiles/slc_XDRONE.dir/default_config/C_/Users/Public/Documents/Altium/Projects/XDRONE/Firmware/gecko_sdk_4.4.3/platform/service/cli/src/sl_cli.c.obj
                0x08005c14                sli_cli_session_activity_notification
 .text.sli_cli_session_init
                0x08005c16        0x4 CMakeFiles/slc_XDRONE.dir/default_config/C_/Users/Public/Documents/Altium/Projects/XDRONE/Firmware/gecko_sdk_4.4.3/platform/service/cli/src/sl_cli.c.obj
                0x08005c16                sli_cli_session_init
 .text.sli_cli_session_handler
                0x08005c1a        0x4 CMakeFiles/slc_XDRONE.dir/default_config/C_/Users/Public/Documents/Altium/Projects/XDRONE/Firmware/gecko_sdk_4.4.3/platform/service/cli/src/sl_cli.c.obj
                0x08005c1a                sli_cli_session_handler
 .text.sli_cli_handle_input_and_history
                0x08005c1e       0x26 CMakeFiles/slc_XDRONE.dir/default_config/C_/Users/Public/Documents/Altium/Projects/XDRONE/Firmware/gecko_sdk_4.4.3/platform/service/cli/src/sl_cli.c.obj
                0x08005c1e                sli_cli_handle_input_and_history
 .text.sl_cli_instance_init
                0x08005c44       0x28 CMakeFiles/slc_XDRONE.dir/default_config/C_/Users/Public/Documents/Altium/Projects/XDRONE/Firmware/gecko_sdk_4.4.3/platform/service/cli/src/sl_cli.c.obj
                0x08005c44                sl_cli_instance_init
 .text.sl_cli_tick_instance
                0x08005c6c        0x8 CMakeFiles/slc_XDRONE.dir/default_config/C_/Users/Public/Documents/Altium/Projects/XDRONE/Firmware/gecko_sdk_4.4.3/platform/service/cli/src/sl_cli.c.obj
                0x08005c6c                sl_cli_tick_instance
 .text.sli_cli_arguments_validate_int
                0x08005c74       0x12 CMakeFiles/slc_XDRONE.dir/default_config/C_/Users/Public/Documents/Altium/Projects/XDRONE/Firmware/gecko_sdk_4.4.3/platform/service/cli/src/sl_cli_arguments.c.obj
                0x08005c74                sli_cli_arguments_validate_int
 .text.sli_cli_validate_argument
                0x08005c86       0x40 CMakeFiles/slc_XDRONE.dir/default_config/C_/Users/Public/Documents/Altium/Projects/XDRONE/Firmware/gecko_sdk_4.4.3/platform/service/cli/src/sl_cli_arguments.c.obj
                0x08005c86                sli_cli_validate_argument
 .text.sli_cli_arguments_convert_single
                0x08005cc6       0xfc CMakeFiles/slc_XDRONE.dir/default_config/C_/Users/Public/Documents/Altium/Projects/XDRONE/Firmware/gecko_sdk_4.4.3/platform/service/cli/src/sl_cli_arguments.c.obj
                0x08005cc6                sli_cli_arguments_convert_single
 .text.sli_cli_arguments_convert_multiple
                0x08005dc2       0xf8 CMakeFiles/slc_XDRONE.dir/default_config/C_/Users/Public/Documents/Altium/Projects/XDRONE/Firmware/gecko_sdk_4.4.3/platform/service/cli/src/sl_cli_arguments.c.obj
                0x08005dc2                sli_cli_arguments_convert_multiple
 .text.scan_entry
                0x08005eba       0x90 CMakeFiles/slc_XDRONE.dir/default_config/C_/Users/Public/Documents/Altium/Projects/XDRONE/Firmware/gecko_sdk_4.4.3/platform/service/cli/src/sl_cli_command.c.obj
 .text.cmd_help_group
                0x08005f4a       0x18 CMakeFiles/slc_XDRONE.dir/default_config/C_/Users/Public/Documents/Altium/Projects/XDRONE/Firmware/gecko_sdk_4.4.3/platform/service/cli/src/sl_cli_command.c.obj
 .text.sli_cli_pre_cmd_hook
                0x08005f62        0x2 CMakeFiles/slc_XDRONE.dir/default_config/C_/Users/Public/Documents/Altium/Projects/XDRONE/Firmware/gecko_sdk_4.4.3/platform/service/cli/src/sl_cli_command.c.obj
                0x08005f62                sli_cli_pre_cmd_hook
 .text.sli_cli_post_cmd_hook
                0x08005f64        0x2 CMakeFiles/slc_XDRONE.dir/default_config/C_/Users/Public/Documents/Altium/Projects/XDRONE/Firmware/gecko_sdk_4.4.3/platform/service/cli/src/sl_cli_command.c.obj
                0x08005f64                sli_cli_post_cmd_hook
 .text.sl_cli_command_add_command_group
                0x08005f66       0x1a CMakeFiles/slc_XDRONE.dir/default_config/C_/Users/Public/Documents/Altium/Projects/XDRONE/Firmware/gecko_sdk_4.4.3/platform/service/cli/src/sl_cli_command.c.obj
                0x08005f66                sl_cli_command_add_command_group
 .text.sl_cli_command_execute
                0x08005f80       0xae CMakeFiles/slc_XDRONE.dir/default_config/C_/Users/Public/Documents/Altium/Projects/XDRONE/Firmware/gecko_sdk_4.4.3/platform/service/cli/src/sl_cli_command.c.obj
                0x08005f80                sl_cli_command_execute
 .text.history_get_count
                0x0800602e       0x28 CMakeFiles/slc_XDRONE.dir/default_config/C_/Users/Public/Documents/Altium/Projects/XDRONE/Firmware/gecko_sdk_4.4.3/platform/service/cli/src/sl_cli_input.c.obj
 .text.history_get_ofs
                0x08006056       0x64 CMakeFiles/slc_XDRONE.dir/default_config/C_/Users/Public/Documents/Altium/Projects/XDRONE/Firmware/gecko_sdk_4.4.3/platform/service/cli/src/sl_cli_input.c.obj
 .text.sl_cli_input_clear
                0x080060ba       0x16 CMakeFiles/slc_XDRONE.dir/default_config/C_/Users/Public/Documents/Altium/Projects/XDRONE/Firmware/gecko_sdk_4.4.3/platform/service/cli/src/sl_cli_input.c.obj
                0x080060ba                sl_cli_input_clear
 .text.sli_cli_input_update_history
                0x080060d0       0x86 CMakeFiles/slc_XDRONE.dir/default_config/C_/Users/Public/Documents/Altium/Projects/XDRONE/Firmware/gecko_sdk_4.4.3/platform/service/cli/src/sl_cli_input.c.obj
                0x080060d0                sli_cli_input_update_history
 .text.sl_cli_input_get_history
                0x08006156       0x80 CMakeFiles/slc_XDRONE.dir/default_config/C_/Users/Public/Documents/Altium/Projects/XDRONE/Firmware/gecko_sdk_4.4.3/platform/service/cli/src/sl_cli_input.c.obj
                0x08006156                sl_cli_input_get_history
 .text.sli_cli_io_getchar
                0x080061d6       0x1e CMakeFiles/slc_XDRONE.dir/default_config/C_/Users/Public/Documents/Altium/Projects/XDRONE/Firmware/gecko_sdk_4.4.3/platform/service/cli/src/sl_cli_io.c.obj
                0x080061d6                sli_cli_io_getchar
 .text.sli_cli_io_putchar
                0x080061f4       0x18 CMakeFiles/slc_XDRONE.dir/default_config/C_/Users/Public/Documents/Altium/Projects/XDRONE/Firmware/gecko_sdk_4.4.3/platform/service/cli/src/sl_cli_io.c.obj
                0x080061f4                sli_cli_io_putchar
 .text.sli_cli_io_printf
                0x0800620c       0x1c CMakeFiles/slc_XDRONE.dir/default_config/C_/Users/Public/Documents/Altium/Projects/XDRONE/Firmware/gecko_sdk_4.4.3/platform/service/cli/src/sl_cli_io.c.obj
                0x0800620c                sli_cli_io_printf
 .text.escape   0x08006228       0x26 CMakeFiles/slc_XDRONE.dir/default_config/C_/Users/Public/Documents/Altium/Projects/XDRONE/Firmware/gecko_sdk_4.4.3/platform/service/cli/src/sl_cli_tokenize.c.obj
 .text.sl_cli_tokenize
                0x0800624e       0xe2 CMakeFiles/slc_XDRONE.dir/default_config/C_/Users/Public/Documents/Altium/Projects/XDRONE/Firmware/gecko_sdk_4.4.3/platform/service/cli/src/sl_cli_tokenize.c.obj
                0x0800624e                sl_cli_tokenize
 .text.sl_device_init_dcdc
                0x08006330        0xa CMakeFiles/slc_XDRONE.dir/default_config/bf440dac2f447c31269e52145c203f2d/XDRONE/Firmware/gecko_sdk_4.4.3/platform/service/device_init/src/sl_device_init_dcdc_s2.c.obj
                0x08006330                sl_device_init_dcdc
 .text.sl_iostream_write
                0x0800633a       0x22 CMakeFiles/slc_XDRONE.dir/default_config/C_/Users/Public/Documents/Altium/Projects/XDRONE/Firmware/gecko_sdk_4.4.3/platform/service/iostream/src/sl_iostream.c.obj
                0x0800633a                sl_iostream_write
 .text.sl_iostream_read
                0x0800635c       0x30 CMakeFiles/slc_XDRONE.dir/default_config/C_/Users/Public/Documents/Altium/Projects/XDRONE/Firmware/gecko_sdk_4.4.3/platform/service/iostream/src/sl_iostream.c.obj
                0x0800635c                sl_iostream_read
 .text.sl_iostream_putchar
                0x0800638c       0x16 CMakeFiles/slc_XDRONE.dir/default_config/C_/Users/Public/Documents/Altium/Projects/XDRONE/Firmware/gecko_sdk_4.4.3/platform/service/iostream/src/sl_iostream.c.obj
                0x0800638c                sl_iostream_putchar
 .text.sl_iostream_getchar
                0x080063a2        0x8 CMakeFiles/slc_XDRONE.dir/default_config/C_/Users/Public/Documents/Altium/Projects/XDRONE/Firmware/gecko_sdk_4.4.3/platform/service/iostream/src/sl_iostream.c.obj
                0x080063a2                sl_iostream_getchar
 .text.set_auto_cr_lf
                0x080063aa        0x6 CMakeFiles/slc_XDRONE.dir/default_config/C_/Users/Public/Documents/Altium/Projects/XDRONE/Firmware/gecko_sdk_4.4.3/platform/service/iostream/src/sl_iostream_uart.c.obj
 .text.get_auto_cr_lf
                0x080063b0        0x6 CMakeFiles/slc_XDRONE.dir/default_config/C_/Users/Public/Documents/Altium/Projects/XDRONE/Firmware/gecko_sdk_4.4.3/platform/service/iostream/src/sl_iostream_uart.c.obj
 .text.usart_set_next_byte_detect
                0x080063b6        0xc CMakeFiles/slc_XDRONE.dir/default_config/C_/Users/Public/Documents/Altium/Projects/XDRONE/Firmware/gecko_sdk_4.4.3/platform/service/iostream/src/sl_iostream_usart.c.obj
 .text.usart_deinit
                0x080063c2       0x78 CMakeFiles/slc_XDRONE.dir/default_config/C_/Users/Public/Documents/Altium/Projects/XDRONE/Firmware/gecko_sdk_4.4.3/platform/service/iostream/src/sl_iostream_usart.c.obj
 .text.usart_tx
                0x0800643a        0xc CMakeFiles/slc_XDRONE.dir/default_config/C_/Users/Public/Documents/Altium/Projects/XDRONE/Firmware/gecko_sdk_4.4.3/platform/service/iostream/src/sl_iostream_usart.c.obj
 .text.sl_iostream_usart_irq_handler
                0x08006446       0x70 CMakeFiles/slc_XDRONE.dir/default_config/C_/Users/Public/Documents/Altium/Projects/XDRONE/Firmware/gecko_sdk_4.4.3/platform/service/iostream/src/sl_iostream_usart.c.obj
                0x08006446                sl_iostream_usart_irq_handler
 .text.sl_system_init
                0x080064b6       0x1a CMakeFiles/slc_XDRONE.dir/default_config/C_/Users/Public/Documents/Altium/Projects/XDRONE/Firmware/gecko_sdk_4.4.3/platform/service/system/src/sl_system_init.c.obj
                0x080064b6                sl_system_init
 .text.sl_system_process_action
                0x080064d0       0x16 CMakeFiles/slc_XDRONE.dir/default_config/bf440dac2f447c31269e52145c203f2d/XDRONE/Firmware/gecko_sdk_4.4.3/platform/service/system/src/sl_system_process_action.c.obj
                0x080064d0                sl_system_process_action
 .text._out_null
                0x080064e6        0x2 CMakeFiles/slc_XDRONE.dir/default_config/C_/Users/Public/Documents/Altium/Projects/XDRONE/Firmware/gecko_sdk_4.4.3/util/third_party/printf/printf.c.obj
 .text._out_rev
                0x080064e8       0x88 CMakeFiles/slc_XDRONE.dir/default_config/C_/Users/Public/Documents/Altium/Projects/XDRONE/Firmware/gecko_sdk_4.4.3/util/third_party/printf/printf.c.obj
 .text._ntoa_format
                0x08006570      0x138 CMakeFiles/slc_XDRONE.dir/default_config/C_/Users/Public/Documents/Altium/Projects/XDRONE/Firmware/gecko_sdk_4.4.3/util/third_party/printf/printf.c.obj
 .text._ntoa_long
                0x080066a8       0x86 CMakeFiles/slc_XDRONE.dir/default_config/C_/Users/Public/Documents/Altium/Projects/XDRONE/Firmware/gecko_sdk_4.4.3/util/third_party/printf/printf.c.obj
 .text._ntoa_long_long
                0x0800672e       0x9e CMakeFiles/slc_XDRONE.dir/default_config/C_/Users/Public/Documents/Altium/Projects/XDRONE/Firmware/gecko_sdk_4.4.3/util/third_party/printf/printf.c.obj
 .text._out_char
                0x080067cc        0x8 CMakeFiles/slc_XDRONE.dir/default_config/C_/Users/Public/Documents/Altium/Projects/XDRONE/Firmware/gecko_sdk_4.4.3/util/third_party/printf/printf.c.obj
 .text._putchar
                0x080067d4        0x8 CMakeFiles/slc_XDRONE.dir/default_config/C_/Users/Public/Documents/Altium/Projects/XDRONE/Firmware/gecko_sdk_4.4.3/util/third_party/printf/src/iostream_printf.c.obj
                0x080067d4                _putchar
 .text.app_init
                0x080067dc        0x2 CMakeFiles/slc_XDRONE.dir/default_config/C_/Users/Public/Documents/Altium/Projects/XDRONE/Firmware/app.c.obj
                0x080067dc                app_init
 .text.app_process_action
                0x080067de        0x2 CMakeFiles/slc_XDRONE.dir/default_config/C_/Users/Public/Documents/Altium/Projects/XDRONE/Firmware/app.c.obj
                0x080067de                app_process_action
 .text.sl_platform_init
                0x080067e0       0x22 CMakeFiles/slc_XDRONE.dir/default_config/C_/Users/Public/Documents/Altium/Projects/XDRONE/Firmware/autogen/sl_event_handler.c.obj
                0x080067e0                sl_platform_init
 .text.sl_driver_init
                0x08006802        0x2 CMakeFiles/slc_XDRONE.dir/default_config/C_/Users/Public/Documents/Altium/Projects/XDRONE/Firmware/autogen/sl_event_handler.c.obj
                0x08006802                sl_driver_init
 .text.sl_service_init
                0x08006804        0xe CMakeFiles/slc_XDRONE.dir/default_config/C_/Users/Public/Documents/Altium/Projects/XDRONE/Firmware/autogen/sl_event_handler.c.obj
                0x08006804                sl_service_init
 .text.sl_stack_init
                0x08006812        0x2 CMakeFiles/slc_XDRONE.dir/default_config/C_/Users/Public/Documents/Altium/Projects/XDRONE/Firmware/autogen/sl_event_handler.c.obj
                0x08006812                sl_stack_init
 .text.sl_internal_app_init
                0x08006814        0x2 CMakeFiles/slc_XDRONE.dir/default_config/C_/Users/Public/Documents/Altium/Projects/XDRONE/Firmware/autogen/sl_event_handler.c.obj
                0x08006814                sl_internal_app_init
 .text.sl_platform_process_action
                0x08006816        0x2 CMakeFiles/slc_XDRONE.dir/default_config/C_/Users/Public/Documents/Altium/Projects/XDRONE/Firmware/autogen/sl_event_handler.c.obj
                0x08006816                sl_platform_process_action
 .text.sl_service_process_action
                0x08006818        0x4 CMakeFiles/slc_XDRONE.dir/default_config/C_/Users/Public/Documents/Altium/Projects/XDRONE/Firmware/autogen/sl_event_handler.c.obj
                0x08006818                sl_service_process_action
 .text.sl_stack_process_action
                0x0800681c        0x2 CMakeFiles/slc_XDRONE.dir/default_config/C_/Users/Public/Documents/Altium/Projects/XDRONE/Firmware/autogen/sl_event_handler.c.obj
                0x0800681c                sl_stack_process_action
 .text.sl_internal_app_process_action
                0x0800681e        0x2 CMakeFiles/slc_XDRONE.dir/default_config/C_/Users/Public/Documents/Altium/Projects/XDRONE/Firmware/autogen/sl_event_handler.c.obj
                0x0800681e                sl_internal_app_process_action
 .text.USART0_TX_IRQHandler
                0x08006820        0x4 CMakeFiles/slc_XDRONE.dir/default_config/C_/Users/Public/Documents/Altium/Projects/XDRONE/Firmware/autogen/sl_iostream_init_usart_instances.c.obj
                0x08006820                USART0_TX_IRQHandler
 .text.memmove  0x08006824       0x34 c:/siliconlabs/simplicitystudio/v5/developer/toolchains/gnu_arm/12.2.rel1_2023.7/bin/../lib/gcc/arm-none-eabi/12.2.1/thumb/v8-m.main+fp/hard\libc_nano.a(libc_a-memmove.o)
                0x08006824                memmove
 .text.memset   0x08006858       0x10 c:/siliconlabs/simplicitystudio/v5/developer/toolchains/gnu_arm/12.2.rel1_2023.7/bin/../lib/gcc/arm-none-eabi/12.2.1/thumb/v8-m.main+fp/hard\libc_nano.a(libc_a-memset.o)
                0x08006858                memset
 .text.strncmp  0x08006868       0x24 c:/siliconlabs/simplicitystudio/v5/developer/toolchains/gnu_arm/12.2.rel1_2023.7/bin/../lib/gcc/arm-none-eabi/12.2.1/thumb/v8-m.main+fp/hard\libc_nano.a(libc_a-strncmp.o)
                0x08006868                strncmp
 .text          0x0800688c       0x14 c:/siliconlabs/simplicitystudio/v5/developer/toolchains/gnu_arm/12.2.rel1_2023.7/bin/../lib/gcc/arm-none-eabi/12.2.1/thumb/v8-m.main+fp/hard\libc_nano.a(libc_a-strcmp.o)
                0x0800688c                strcmp
 .text.memcpy   0x080068a0       0x1a c:/siliconlabs/simplicitystudio/v5/developer/toolchains/gnu_arm/12.2.rel1_2023.7/bin/../lib/gcc/arm-none-eabi/12.2.1/thumb/v8-m.main+fp/hard\libc_nano.a(libc_a-memcpy-stub.o)
                0x080068a0                memcpy
 .text          0x080068ba       0x10 c:/siliconlabs/simplicitystudio/v5/developer/toolchains/gnu_arm/12.2.rel1_2023.7/bin/../lib/gcc/arm-none-eabi/12.2.1/thumb/v8-m.main+fp/hard\libc_nano.a(libc_a-strlen.o)
                0x080068ba                strlen
                0x080068e0                . = ALIGN (0x20)
 *fill*         0x080068ca       0x16 
                0x080068e0                linker_code_end = .
 *(.init)
 .init          0x080068e0        0x4 c:/siliconlabs/simplicitystudio/v5/developer/toolchains/gnu_arm/12.2.rel1_2023.7/bin/../lib/gcc/arm-none-eabi/12.2.1/thumb/v8-m.main+fp/hard/crti.o
                0x080068e0                _init
 .init          0x080068e4        0x8 c:/siliconlabs/simplicitystudio/v5/developer/toolchains/gnu_arm/12.2.rel1_2023.7/bin/../lib/gcc/arm-none-eabi/12.2.1/thumb/v8-m.main+fp/hard/crtn.o
 *(.fini)
 .fini          0x080068ec        0x4 c:/siliconlabs/simplicitystudio/v5/developer/toolchains/gnu_arm/12.2.rel1_2023.7/bin/../lib/gcc/arm-none-eabi/12.2.1/thumb/v8-m.main+fp/hard/crti.o
                0x080068ec                _fini
 .fini          0x080068f0        0x8 c:/siliconlabs/simplicitystudio/v5/developer/toolchains/gnu_arm/12.2.rel1_2023.7/bin/../lib/gcc/arm-none-eabi/12.2.1/thumb/v8-m.main+fp/hard/crtn.o
 *crtbegin.o(.ctors)
 *crtbegin?.o(.ctors)
 *(EXCLUDE_FILE(*crtend.o *crtend?.o) .ctors)
 *(SORT_BY_NAME(.ctors.*))
 *(.ctors)
 *crtbegin.o(.dtors)
 *crtbegin?.o(.dtors)
 *(EXCLUDE_FILE(*crtend.o *crtend?.o) .dtors)
 *(SORT_BY_NAME(.dtors.*))
 *(.dtors)
                0x080068f8                __code_classification_validator_start__ = .
                0x08006918                . = (. + 0x20)
 *fill*         0x080068f8       0x20 
 *(code_classification_validator)
                0x08006920                . = ALIGN (0x20)
 *fill*         0x08006918        0x8 
                0x08006920                __code_classification_validator_end__ = .
 *(.rodata*)
 .rodata.sl_slist_push.str1.1
                0x08006920       0x69 CMakeFiles/slc_XDRONE.dir/default_config/C_/Users/Public/Documents/Altium/Projects/XDRONE/Firmware/gecko_sdk_4.4.3/platform/common/src/sl_slist.c.obj
 .rodata        0x08006989        0x4 CMakeFiles/slc_XDRONE.dir/default_config/C_/Users/Public/Documents/Altium/Projects/XDRONE/Firmware/gecko_sdk_4.4.3/platform/emdrv/dmadrv/src/dmadrv.c.obj
 .rodata.HFRCODPLLDevinfoGet.str1.1
                0x0800698d       0x66 CMakeFiles/slc_XDRONE.dir/default_config/C_/Users/Public/Documents/Altium/Projects/XDRONE/Firmware/gecko_sdk_4.4.3/platform/emlib/src/em_cmu.c.obj
 *fill*         0x080069f3        0x1 
 .rodata.hfrcoCalTable
                0x080069f4      0x190 CMakeFiles/slc_XDRONE.dir/default_config/C_/Users/Public/Documents/Altium/Projects/XDRONE/Firmware/gecko_sdk_4.4.3/platform/emlib/src/em_cmu.c.obj
 .rodata.EMU_VScaleEM01.str1.1
                0x08006b84       0x66 CMakeFiles/slc_XDRONE.dir/default_config/C_/Users/Public/Documents/Altium/Projects/XDRONE/Firmware/gecko_sdk_4.4.3/platform/emlib/src/em_emu.c.obj
 .rodata.GPIO_PinOutSet.str1.1
                0x08006bea       0x67 CMakeFiles/slc_XDRONE.dir/default_config/C_/Users/Public/Documents/Altium/Projects/XDRONE/Firmware/gecko_sdk_4.4.3/platform/emlib/src/em_gpio.c.obj
 .rodata.GPIO_ExtIntConfig.str1.1
                0x08006c51       0x67 CMakeFiles/slc_XDRONE.dir/default_config/C_/Users/Public/Documents/Altium/Projects/XDRONE/Firmware/gecko_sdk_4.4.3/platform/emlib/src/em_gpio.c.obj
 .rodata.CSWTCH.31
                0x08006cb8        0x8 CMakeFiles/slc_XDRONE.dir/default_config/C_/Users/Public/Documents/Altium/Projects/XDRONE/Firmware/gecko_sdk_4.4.3/platform/emlib/src/em_gpio.c.obj
 .rodata.LDMA_EnableChannelRequest.str1.1
                0x08006cc0       0xcd CMakeFiles/slc_XDRONE.dir/default_config/C_/Users/Public/Documents/Altium/Projects/XDRONE/Firmware/gecko_sdk_4.4.3/platform/emlib/src/em_ldma.c.obj
 .rodata.timerPrsConfig.str1.1
                0x08006d8d       0x68 CMakeFiles/slc_XDRONE.dir/default_config/C_/Users/Public/Documents/Altium/Projects/XDRONE/Firmware/gecko_sdk_4.4.3/platform/emlib/src/em_timer.c.obj
 .rodata.USART_BaudrateAsyncSet.str1.1
                0x08006df5       0x68 CMakeFiles/slc_XDRONE.dir/default_config/C_/Users/Public/Documents/Altium/Projects/XDRONE/Firmware/gecko_sdk_4.4.3/platform/emlib/src/em_usart.c.obj
 .rodata.sl_cli_clear.str1.1
                0x08006e5d        0x3 CMakeFiles/slc_XDRONE.dir/default_config/C_/Users/Public/Documents/Altium/Projects/XDRONE/Firmware/gecko_sdk_4.4.3/platform/service/cli/src/sl_cli.c.obj
 .rodata.sl_cli_handle_input.str1.1
                0x08006e60       0x12 CMakeFiles/slc_XDRONE.dir/default_config/C_/Users/Public/Documents/Altium/Projects/XDRONE/Firmware/gecko_sdk_4.4.3/platform/service/cli/src/sl_cli.c.obj
 .rodata.sli_cli_tick.str1.1
                0x08006e72       0x12 CMakeFiles/slc_XDRONE.dir/default_config/C_/Users/Public/Documents/Altium/Projects/XDRONE/Firmware/gecko_sdk_4.4.3/platform/service/cli/src/sl_cli.c.obj
                                  0x3 (size before relaxing)
 .rodata.str1.1
                0x08006e72       0x94 CMakeFiles/slc_XDRONE.dir/default_config/C_/Users/Public/Documents/Altium/Projects/XDRONE/Firmware/gecko_sdk_4.4.3/platform/service/cli/src/sl_cli.c.obj
                                 0x95 (size before relaxing)
 *fill*         0x08006f06        0x2 
 .rodata.CSWTCH.4
                0x08006f08       0xb8 CMakeFiles/slc_XDRONE.dir/default_config/C_/Users/Public/Documents/Altium/Projects/XDRONE/Firmware/gecko_sdk_4.4.3/platform/service/cli/src/sl_cli.c.obj
 .rodata.print_and_pad.str1.1
                0x08006fc0       0x94 CMakeFiles/slc_XDRONE.dir/default_config/C_/Users/Public/Documents/Altium/Projects/XDRONE/Firmware/gecko_sdk_4.4.3/platform/service/cli/src/sl_cli_command.c.obj
                                  0x2 (size before relaxing)
 .rodata.cmd_help_command.str1.1
                0x08006fc0       0x6b CMakeFiles/slc_XDRONE.dir/default_config/C_/Users/Public/Documents/Altium/Projects/XDRONE/Firmware/gecko_sdk_4.4.3/platform/service/cli/src/sl_cli_command.c.obj
                                 0x9c (size before relaxing)
 .rodata.sl_cli_command_find_matches.str1.1
                0x0800702b        0x5 CMakeFiles/slc_XDRONE.dir/default_config/C_/Users/Public/Documents/Altium/Projects/XDRONE/Firmware/gecko_sdk_4.4.3/platform/service/cli/src/sl_cli_command.c.obj
 .rodata.sl_cli_command_find.str1.1
                0x08007030        0x5 CMakeFiles/slc_XDRONE.dir/default_config/C_/Users/Public/Documents/Altium/Projects/XDRONE/Firmware/gecko_sdk_4.4.3/platform/service/cli/src/sl_cli_command.c.obj
 .rodata.sl_cli_input_autocomplete.str1.1
                0x08007035        0x9 CMakeFiles/slc_XDRONE.dir/default_config/C_/Users/Public/Documents/Altium/Projects/XDRONE/Firmware/gecko_sdk_4.4.3/platform/service/cli/src/sl_cli_input.c.obj
                                  0xc (size before relaxing)
 .rodata.sl_cli_input_char.str1.1
                0x0800703e        0x9 CMakeFiles/slc_XDRONE.dir/default_config/C_/Users/Public/Documents/Altium/Projects/XDRONE/Firmware/gecko_sdk_4.4.3/platform/service/cli/src/sl_cli_input.c.obj
 *fill*         0x08007047        0x1 
 .rodata        0x08007048       0x18 CMakeFiles/slc_XDRONE.dir/default_config/bf440dac2f447c31269e52145c203f2d/XDRONE/Firmware/gecko_sdk_4.4.3/platform/service/device_init/src/sl_device_init_dpll_s2.c.obj
 .rodata        0x08007060       0x28 CMakeFiles/slc_XDRONE.dir/default_config/bf440dac2f447c31269e52145c203f2d/XDRONE/Firmware/gecko_sdk_4.4.3/platform/service/device_init/src/sl_device_init_hfxo_s2.c.obj
 .rodata        0x08007088       0x14 CMakeFiles/slc_XDRONE.dir/default_config/bf440dac2f447c31269e52145c203f2d/XDRONE/Firmware/gecko_sdk_4.4.3/platform/service/device_init/src/sl_device_init_lfxo_s2.c.obj
 .rodata.get_write_ptr.str1.1
                0x0800709c       0x7b CMakeFiles/slc_XDRONE.dir/default_config/C_/Users/Public/Documents/Altium/Projects/XDRONE/Firmware/gecko_sdk_4.4.3/platform/service/iostream/src/sl_iostream_uart.c.obj
 .rodata._ftoa.str1.1
                0x08007117       0x12 CMakeFiles/slc_XDRONE.dir/default_config/C_/Users/Public/Documents/Altium/Projects/XDRONE/Firmware/gecko_sdk_4.4.3/util/third_party/printf/printf.c.obj
 *fill*         0x08007129        0x7 
 .rodata.pow10.0
                0x08007130       0x50 CMakeFiles/slc_XDRONE.dir/default_config/C_/Users/Public/Documents/Altium/Projects/XDRONE/Firmware/gecko_sdk_4.4.3/util/third_party/printf/printf.c.obj
 .rodata.sl_cli_instances_init.str1.1
                0x08007180       0x14 CMakeFiles/slc_XDRONE.dir/default_config/C_/Users/Public/Documents/Altium/Projects/XDRONE/Firmware/autogen/sl_cli_instances.c.obj
 .rodata.sl_iostream_usart_init_uart_cli.str1.1
                0x08007194       0x65 CMakeFiles/slc_XDRONE.dir/default_config/C_/Users/Public/Documents/Altium/Projects/XDRONE/Firmware/autogen/sl_iostream_init_usart_instances.c.obj
 *fill*         0x080071f9        0x3 
 .rodata        0x080071fc       0x1c CMakeFiles/slc_XDRONE.dir/default_config/C_/Users/Public/Documents/Altium/Projects/XDRONE/Firmware/autogen/sl_iostream_init_usart_instances.c.obj
 .rodata.main.str1.1
                0x08007218       0x53 CMakeFiles/slc_XDRONE.dir/default_config/C_/Users/Public/Documents/Altium/Projects/XDRONE/Firmware/main.c.obj
 .rodata.TIMER_CompareSet.constprop.0.str1.1
                0x0800726b       0x68 CMakeFiles/XDRONE.dir/default_config/C_/Users/Public/Documents/Altium/Projects/XDRONE/Firmware/XDRONE/01_Drivers/src/led.c.obj
 .rodata.cli_led_print.str1.1
                0x080072d3      0x145 CMakeFiles/XDRONE.dir/default_config/C_/Users/Public/Documents/Altium/Projects/XDRONE/Firmware/XDRONE/04_CLI/cli_led.c.obj
                                0x147 (size before relaxing)
 .rodata.str1.1
                0x08007418       0x7d CMakeFiles/XDRONE.dir/default_config/C_/Users/Public/Documents/Altium/Projects/XDRONE/Firmware/XDRONE/04_CLI/cli_led.c.obj
                                 0x84 (size before relaxing)
 *fill*         0x08007495        0x3 
 .rodata.led_print
                0x08007498        0xd CMakeFiles/XDRONE.dir/default_config/C_/Users/Public/Documents/Altium/Projects/XDRONE/Firmware/XDRONE/04_CLI/cli_led.c.obj
 *fill*         0x080074a5        0x3 
 .rodata.led_rgb
                0x080074a8       0x10 CMakeFiles/XDRONE.dir/default_config/C_/Users/Public/Documents/Altium/Projects/XDRONE/Firmware/XDRONE/04_CLI/cli_led.c.obj
 .rodata.led_intensity
                0x080074b8        0xe CMakeFiles/XDRONE.dir/default_config/C_/Users/Public/Documents/Altium/Projects/XDRONE/Firmware/XDRONE/04_CLI/cli_led.c.obj
 *fill*         0x080074c6        0x2 
 .rodata.led_state
                0x080074c8        0xe CMakeFiles/XDRONE.dir/default_config/C_/Users/Public/Documents/Altium/Projects/XDRONE/Firmware/XDRONE/04_CLI/cli_led.c.obj
 *fill*         0x080074d6        0x2 
 .rodata.cli_led_group
                0x080074d8        0xd CMakeFiles/XDRONE.dir/default_config/C_/Users/Public/Documents/Altium/Projects/XDRONE/Firmware/XDRONE/04_CLI/cli_led.c.obj
 .rodata._ctype_
                0x080074e5      0x101 c:/siliconlabs/simplicitystudio/v5/developer/toolchains/gnu_arm/12.2.rel1_2023.7/bin/../lib/gcc/arm-none-eabi/12.2.1/thumb/v8-m.main+fp/hard\libc_nano.a(libc_a-ctype_.o)
                0x080074e5                _ctype_
 *(.eh_frame*)
 *fill*         0x080075e6        0x2 
 .eh_frame      0x080075e8        0x0 c:/siliconlabs/simplicitystudio/v5/developer/toolchains/gnu_arm/12.2.rel1_2023.7/bin/../lib/gcc/arm-none-eabi/12.2.1/thumb/v8-m.main+fp/hard/crtbegin.o

.glue_7         0x080075e8        0x0
 .glue_7        0x080075e8        0x0 linker stubs

.glue_7t        0x080075e8        0x0
 .glue_7t       0x080075e8        0x0 linker stubs

.vfp11_veneer   0x080075e8        0x0
 .vfp11_veneer  0x080075e8        0x0 linker stubs

.v4_bx          0x080075e8        0x0
 .v4_bx         0x080075e8        0x0 linker stubs

.iplt           0x080075e8        0x0
 .iplt          0x080075e8        0x0 c:/siliconlabs/simplicitystudio/v5/developer/toolchains/gnu_arm/12.2.rel1_2023.7/bin/../lib/gcc/arm-none-eabi/12.2.1/thumb/v8-m.main+fp/hard/crtbegin.o

.ARM.extab
 *(.ARM.extab* .gnu.linkonce.armextab.*)
                0x080075e8                __exidx_start = .

.ARM.exidx      0x080075e8        0x8
 *(.ARM.exidx* .gnu.linkonce.armexidx.*)
 .ARM.exidx     0x080075e8        0x8 c:/siliconlabs/simplicitystudio/v5/developer/toolchains/gnu_arm/12.2.rel1_2023.7/bin/../lib/gcc/arm-none-eabi/12.2.1/thumb/v8-m.main+fp/hard/crt0.o
                                 0x10 (size before relaxing)
 .ARM.exidx.text.__udivmoddi4
                0x080075f0        0x0 c:/siliconlabs/simplicitystudio/v5/developer/toolchains/gnu_arm/12.2.rel1_2023.7/bin/../lib/gcc/arm-none-eabi/12.2.1/thumb/v8-m.main+fp/hard\libgcc.a(_udivmoddi4.o)
                                  0x8 (size before relaxing)
                0x080075f0                __exidx_end = .

.rel.dyn        0x080075f0        0x0
 .rel.iplt      0x080075f0        0x0 c:/siliconlabs/simplicitystudio/v5/developer/toolchains/gnu_arm/12.2.rel1_2023.7/bin/../lib/gcc/arm-none-eabi/12.2.1/thumb/v8-m.main+fp/hard/crtbegin.o

.copy.table     0x080075f0        0xc
                0x080075f0                . = ALIGN (0x4)
                0x080075f0                __copy_table_start__ = .
                0x080075f0        0x4 LONG 0x80075fc __etext
                0x080075f4        0x4 LONG 0x20001000 __data_start__
                0x080075f8        0x4 LONG 0x38 ((__data_end__ - __data_start__) / 0x4)
                0x080075fc                __copy_table_end__ = .

.zero.table     0x080075fc        0x0
                0x080075fc                . = ALIGN (0x4)
                0x080075fc                __zero_table_start__ = .
                0x080075fc                __zero_table_end__ = .
                0x080075fc                __etext = .
                0x20000000                . = ORIGIN (RAM)

.stack          0x20000000     0x1000
                0x20000000                __StackLimit = .
 *(.stack*)
 .stack         0x20000000     0x1000 CMakeFiles/slc_XDRONE.dir/default_config/C_/Users/Public/Documents/Altium/Projects/XDRONE/Firmware/gecko_sdk_4.4.3/platform/common/toolchain/src/sl_memory.c.obj
                0x20001000                . = ALIGN (0x4)
                0x20001000                __StackTop = .
                0x20001000                PROVIDE (__stack = __StackTop)

.noinit
 *(.noinit*)

.data           0x20001000       0xe0 load address 0x080075fc
                0x20001000                . = ALIGN (0x4)
                0x20001000                __data_start__ = .
 *(vtable)
 *(SORT_BY_ALIGNMENT(.data*))
 .data.SystemCoreClock