Archive member included to satisfy reference by file (symbol)

c:/siliconlabs/simplicitystudio/v5/developer/toolchains/gnu_arm/12.2.rel1_2023.7/bin/../lib/gcc/arm-none-eabi/12.2.1/thumb/v8-m.main+fp/hard\libgcc.a(_arm_muldf3.o)
                              CMakeFiles/slc_XDRONE.dir/default_config/C_/Users/Public/Documents/Altium/Projects/XDRONE/Firmware/gecko_sdk_4.4.3/util/third_party/printf/printf.c.obj (__aeabi_dmul)
c:/siliconlabs/simplicitystudio/v5/developer/toolchains/gnu_arm/12.2.rel1_2023.7/bin/../lib/gcc/arm-none-eabi/12.2.1/thumb/v8-m.main+fp/hard\libgcc.a(_arm_addsubdf3.o)
                              CMakeFiles/slc_XDRONE.dir/default_config/C_/Users/Public/Documents/Altium/Projects/XDRONE/Firmware/gecko_sdk_4.4.3/util/third_party/printf/printf.c.obj (__aeabi_dsub)
c:/siliconlabs/simplicitystudio/v5/developer/toolchains/gnu_arm/12.2.rel1_2023.7/bin/../lib/gcc/arm-none-eabi/12.2.1/thumb/v8-m.main+fp/hard\libgcc.a(_arm_muldivdf3.o)
                              CMakeFiles/slc_XDRONE.dir/default_config/C_/Users/Public/Documents/Altium/Projects/XDRONE/Firmware/gecko_sdk_4.4.3/util/third_party/printf/printf.c.obj (__aeabi_ddiv)
c:/siliconlabs/simplicitystudio/v5/developer/toolchains/gnu_arm/12.2.rel1_2023.7/bin/../lib/gcc/arm-none-eabi/12.2.1/thumb/v8-m.main+fp/hard\libgcc.a(_arm_cmpdf2.o)
                              CMakeFiles/slc_XDRONE.dir/default_config/C_/Users/Public/Documents/Altium/Projects/XDRONE/Firmware/gecko_sdk_4.4.3/util/third_party/printf/printf.c.obj (__aeabi_dcmpeq)
c:/siliconlabs/simplicitystudio/v5/developer/toolchains/gnu_arm/12.2.rel1_2023.7/bin/../lib/gcc/arm-none-eabi/12.2.1/thumb/v8-m.main+fp/hard\libgcc.a(_arm_fixdfsi.o)
                              CMakeFiles/slc_XDRONE.dir/default_config/C_/Users/Public/Documents/Altium/Projects/XDRONE/Firmware/gecko_sdk_4.4.3/util/third_party/printf/printf.c.obj (__aeabi_d2iz)
c:/siliconlabs/simplicitystudio/v5/developer/toolchains/gnu_arm/12.2.rel1_2023.7/bin/../lib/gcc/arm-none-eabi/12.2.1/thumb/v8-m.main+fp/hard\libgcc.a(_arm_fixunsdfsi.o)
                              CMakeFiles/slc_XDRONE.dir/default_config/C_/Users/Public/Documents/Altium/Projects/XDRONE/Firmware/gecko_sdk_4.4.3/util/third_party/printf/printf.c.obj (__aeabi_d2uiz)
c:/siliconlabs/simplicitystudio/v5/developer/toolchains/gnu_arm/12.2.rel1_2023.7/bin/../lib/gcc/arm-none-eabi/12.2.1/thumb/v8-m.main+fp/hard\libgcc.a(_aeabi_ldivmod.o)
                              CMakeFiles/slc_XDRONE.dir/default_config/C_/Users/Public/Documents/Altium/Projects/XDRONE/Firmware/gecko_sdk_4.4.3/platform/emlib/src/em_usart.c.obj (__aeabi_ldivmod)
c:/siliconlabs/simplicitystudio/v5/developer/toolchains/gnu_arm/12.2.rel1_2023.7/bin/../lib/gcc/arm-none-eabi/12.2.1/thumb/v8-m.main+fp/hard\libgcc.a(_aeabi_uldivmod.o)
                              CMakeFiles/slc_XDRONE.dir/default_config/C_/Users/Public/Documents/Altium/Projects/XDRONE/Firmware/gecko_sdk_4.4.3/platform/emlib/src/em_usart.c.obj (__aeabi_uldivmod)
c:/siliconlabs/simplicitystudio/v5/developer/toolchains/gnu_arm/12.2.rel1_2023.7/bin/../lib/gcc/arm-none-eabi/12.2.1/thumb/v8-m.main+fp/hard\libgcc.a(_udivmoddi4.o)
                              c:/siliconlabs/simplicitystudio/v5/developer/toolchains/gnu_arm/12.2.rel1_2023.7/bin/../lib/gcc/arm-none-eabi/12.2.1/thumb/v8-m.main+fp/hard\libgcc.a(_aeabi_ldivmod.o) (__udivmoddi4)
c:/siliconlabs/simplicitystudio/v5/developer/toolchains/gnu_arm/12.2.rel1_2023.7/bin/../lib/gcc/arm-none-eabi/12.2.1/thumb/v8-m.main+fp/hard\libgcc.a(_dvmd_tls.o)
                              c:/siliconlabs/simplicitystudio/v5/developer/toolchains/gnu_arm/12.2.rel1_2023.7/bin/../lib/gcc/arm-none-eabi/12.2.1/thumb/v8-m.main+fp/hard\libgcc.a(_aeabi_ldivmod.o) (__aeabi_ldiv0)
c:/siliconlabs/simplicitystudio/v5/developer/toolchains/gnu_arm/12.2.rel1_2023.7/bin/../lib/gcc/arm-none-eabi/12.2.1/thumb/v8-m.main+fp/hard\libc_nano.a(libc_a-exit.o)
                              c:/siliconlabs/simplicitystudio/v5/developer/toolchains/gnu_arm/12.2.rel1_2023.7/bin/../lib/gcc/arm-none-eabi/12.2.1/thumb/v8-m.main+fp/hard/crt0.o (exit)
c:/siliconlabs/simplicitystudio/v5/developer/toolchains/gnu_arm/12.2.rel1_2023.7/bin/../lib/gcc/arm-none-eabi/12.2.1/thumb/v8-m.main+fp/hard\libc_nano.a(libc_a-strtol.o)
                              CMakeFiles/slc_XDRONE.dir/default_config/C_/Users/Public/Documents/Altium/Projects/XDRONE/Firmware/gecko_sdk_4.4.3/platform/service/cli/src/sl_cli_arguments.c.obj (strtol)
c:/siliconlabs/simplicitystudio/v5/developer/toolchains/gnu_arm/12.2.rel1_2023.7/bin/../lib/gcc/arm-none-eabi/12.2.1/thumb/v8-m.main+fp/hard\libc_nano.a(libc_a-strtoul.o)
                              CMakeFiles/slc_XDRONE.dir/default_config/C_/Users/Public/Documents/Altium/Projects/XDRONE/Firmware/gecko_sdk_4.4.3/platform/service/cli/src/sl_cli_arguments.c.obj (strtoul)
[...]
Memory Configuration

Name             Origin             Length             Attributes
FLASH            0x08000000         0x000fe000         xr
RAM              0x20000000         0x00040000         xrw
*default*        0x00000000         0xffffffff

Linker script and memory map

LOAD c:/siliconlabs/simplicitystudio/v5/developer/toolchains/gnu_arm/12.2.rel1_2023.7/bin/../lib/gcc/arm-none-eabi/12.2.1/thumb/v8-m.main+fp/hard/crti.o
LOAD c:/siliconlabs/simplicitystudio/v5/developer/toolchains/gnu_arm/12.2.rel1_2023.7/bin/../lib/gcc/arm-none-eabi/12.2.1/thumb/v8-m.main+fp/hard/crtbegin.o
LOAD c:/siliconlabs/simplicitystudio/v5/developer/toolchains/gnu_arm/12.2.rel1_2023.7/bin/../lib/gcc/arm-none-eabi/12.2.1/thumb/v8-m.main+fp/hard/crt0.o
LOAD CMakeFiles/slc_XDRONE.dir/default_config/C_/Users/Public/Documents/Altium/Projects/XDRONE/Firmware/gecko_sdk_4.4.3/platform/common/src/sl_assert.c.obj
LOAD CMakeFiles/slc_XDRONE.dir/default_config/C_/Users/Public/Documents/Altium/Projects/XDRONE/Firmware/gecko_sdk_4.4.3/platform/common/src/sl_slist.c.obj
LOAD CMakeFiles/slc_XDRONE.dir/default_config/C_/Users/Public/Documents/Altium/Projects/XDRONE/Firmware/gecko_sdk_4.4.3/platform/common/src/sl_string.c.obj
LOAD CMakeFiles/slc_XDRONE.dir/default_config/C_/Users/Public/Documents/Altium/Projects/XDRONE/Firmware/gecko_sdk_4.4.3/platform/common/src/sl_syscalls.c.obj
LOAD CMakeFiles/slc_XDRONE.dir/default_config/C_/Users/Public/Documents/Altium/Projects/XDRONE/Firmware/gecko_sdk_4.4.3/platform/common/toolchain/src/sl_memory.c.obj
LOAD CMakeFiles/slc_XDRONE.dir/default_config/b5bb5260dacc7379f80b8d14ba2fd242/Firmware/gecko_sdk_4.4.3/platform/Device/SiliconLabs/EFR32FG28/Source/startup_efr32fg28.c.obj
LOAD CMakeFiles/slc_XDRONE.dir/default_config/b5bb5260dacc7379f80b8d14ba2fd242/Firmware/gecko_sdk_4.4.3/platform/Device/SiliconLabs/EFR32FG28/Source/system_efr32fg28.c.obj
LOAD CMakeFiles/slc_XDRONE.dir/default_config/C_/Users/Public/Documents/Altium/Projects/XDRONE/Firmware/gecko_sdk_4.4.3/platform/emdrv/dmadrv/src/dmadrv.c.obj
LOAD CMakeFiles/slc_XDRONE.dir/default_config/C_/Users/Public/Documents/Altium/Projects/XDRONE/Firmware/gecko_sdk_4.4.3/platform/emlib/src/em_cmu.c.obj
LOAD CMakeFiles/slc_XDRONE.dir/default_config/C_/Users/Public/Documents/Altium/Projects/XDRONE/Firmware/gecko_sdk_4.4.3/platform/emlib/src/em_core.c.obj
LOAD CMakeFiles/slc_XDRONE.dir/default_config/C_/Users/Public/Documents/Altium/Projects/XDRONE/Firmware/gecko_sdk_4.4.3/platform/emlib/src/em_emu.c.obj
LOAD CMakeFiles/slc_XDRONE.dir/default_config/C_/Users/Public/Documents/Altium/Projects/XDRONE/Firmware/gecko_sdk_4.4.3/platform/emlib/src/em_gpio.c.obj
LOAD CMakeFiles/slc_XDRONE.dir/default_config/C_/Users/Public/Documents/Altium/Projects/XDRONE/Firmware/gecko_sdk_4.4.3/platform/emlib/src/em_ldma.c.obj
LOAD CMakeFiles/slc_XDRONE.dir/default_config/C_/Users/Public/Documents/Altium/Projects/XDRONE/Firmware/gecko_sdk_4.4.3/platform/emlib/src/em_msc.c.obj
LOAD CMakeFiles/slc_XDRONE.dir/default_config/C_/Users/Public/Documents/Altium/Projects/XDRONE/Firmware/gecko_sdk_4.4.3/platform/emlib/src/em_system.c.obj
LOAD CMakeFiles/slc_XDRONE.dir/default_config/C_/Users/Public/Documents/Altium/Projects/XDRONE/Firmware/gecko_sdk_4.4.3/platform/emlib/src/em_timer.c.obj
LOAD CMakeFiles/slc_XDRONE.dir/default_config/C_/Users/Public/Documents/Altium/Projects/XDRONE/Firmware/gecko_sdk_4.4.3/platform/emlib/src/em_usart.c.obj
LOAD CMakeFiles/slc_XDRONE.dir/default_config/C_/Users/Public/Documents/Altium/Projects/XDRONE/Firmware/gecko_sdk_4.4.3/platform/service/cli/src/sl_cli.c.obj
LOAD CMakeFiles/slc_XDRONE.dir/default_config/C_/Users/Public/Documents/Altium/Projects/XDRONE/Firmware/gecko_sdk_4.4.3/platform/service/cli/src/sl_cli_arguments.c.obj
LOAD CMakeFiles/slc_XDRONE.dir/default_config/C_/Users/Public/Documents/Altium/Projects/XDRONE/Firmware/gecko_sdk_4.4.3/platform/service/cli/src/sl_cli_command.c.obj
LOAD CMakeFiles/slc_XDRONE.dir/default_config/C_/Users/Public/Documents/Altium/Projects/XDRONE/Firmware/gecko_sdk_4.4.3/platform/service/cli/src/sl_cli_input.c.obj
LOAD CMakeFiles/slc_XDRONE.dir/default_config/C_/Users/Public/Documents/Altium/Projects/XDRONE/Firmware/gecko_sdk_4.4.3/platform/service/cli/src/sl_cli_io.c.obj
LOAD CMakeFiles/slc_XDRONE.dir/default_config/C_/Users/Public/Documents/Altium/Projects/XDRONE/Firmware/gecko_sdk_4.4.3/platform/service/cli/src/sl_cli_tokenize.c.obj
LOAD CMakeFiles/slc_XDRONE.dir/default_config/bf440dac2f447c31269e52145c203f2d/XDRONE/Firmware/gecko_sdk_4.4.3/platform/service/device_init/src/sl_device_init_dcdc_s2.c.obj
LOAD CMakeFiles/slc_XDRONE.dir/default_config/bf440dac2f447c31269e52145c203f2d/XDRONE/Firmware/gecko_sdk_4.4.3/platform/service/device_init/src/sl_device_init_dpll_s2.c.obj
LOAD CMakeFiles/slc_XDRONE.dir/default_config/bf440dac2f447c31269e52145c203f2d/XDRONE/Firmware/gecko_sdk_4.4.3/platform/service/device_init/src/sl_device_init_emu_s2.c.obj
LOAD CMakeFiles/slc_XDRONE.dir/default_config/bf440dac2f447c31269e52145c203f2d/XDRONE/Firmware/gecko_sdk_4.4.3/platform/service/device_init/src/sl_device_init_hfxo_s2.c.obj
LOAD CMakeFiles/slc_XDRONE.dir/default_config/bf440dac2f447c31269e52145c203f2d/XDRONE/Firmware/gecko_sdk_4.4.3/platform/service/device_init/src/sl_device_init_lfxo_s2.c.obj
LOAD CMakeFiles/slc_XDRONE.dir/default_config/bf440dac2f447c31269e52145c203f2d/XDRONE/Firmware/gecko_sdk_4.4.3/platform/service/device_init/src/sl_device_init_nvic.c.obj
LOAD CMakeFiles/slc_XDRONE.dir/default_config/C_/Users/Public/Documents/Altium/Projects/XDRONE/Firmware/gecko_sdk_4.4.3/platform/service/iostream/src/sl_iostream.c.obj
LOAD CMakeFiles/slc_XDRONE.dir/default_config/C_/Users/Public/Documents/Altium/Projects/XDRONE/Firmware/gecko_sdk_4.4.3/platform/service/iostream/src/sl_iostream_uart.c.obj
LOAD CMakeFiles/slc_XDRONE.dir/default_config/C_/Users/Public/Documents/Altium/Projects/XDRONE/Firmware/gecko_sdk_4.4.3/platform/service/iostream/src/sl_iostream_usart.c.obj
LOAD CMakeFiles/slc_XDRONE.dir/default_config/C_/Users/Public/Documents/Altium/Projects/XDRONE/Firmware/gecko_sdk_4.4.3/platform/service/system/src/sl_system_init.c.obj
LOAD CMakeFiles/slc_XDRONE.dir/default_config/bf440dac2f447c31269e52145c203f2d/XDRONE/Firmware/gecko_sdk_4.4.3/platform/service/system/src/sl_system_process_action.c.obj
LOAD CMakeFiles/slc_XDRONE.dir/default_config/C_/Users/Public/Documents/Altium/Projects/XDRONE/Firmware/gecko_sdk_4.4.3/util/third_party/printf/printf.c.obj
LOAD CMakeFiles/slc_XDRONE.dir/default_config/C_/Users/Public/Documents/Altium/Projects/XDRONE/Firmware/gecko_sdk_4.4.3/util/third_party/printf/src/iostream_printf.c.obj
LOAD CMakeFiles/slc_XDRONE.dir/default_config/C_/Users/Public/Documents/Altium/Projects/XDRONE/Firmware/app.c.obj
LOAD CMakeFiles/slc_XDRONE.dir/default_config/C_/Users/Public/Documents/Altium/Projects/XDRONE/Firmware/autogen/sl_cli_command_table.c.obj
LOAD CMakeFiles/slc_XDRONE.dir/default_config/C_/Users/Public/Documents/Altium/Projects/XDRONE/Firmware/autogen/sl_cli_instances.c.obj
LOAD CMakeFiles/slc_XDRONE.dir/default_config/C_/Users/Public/Documents/Altium/Projects/XDRONE/Firmware/autogen/sl_device_init_clocks.c.obj
LOAD CMakeFiles/slc_XDRONE.dir/default_config/C_/Users/Public/Documents/Altium/Projects/XDRONE/Firmware/autogen/sl_event_handler.c.obj
LOAD CMakeFiles/slc_XDRONE.dir/default_config/C_/Users/Public/Documents/Altium/Projects/XDRONE/Firmware/autogen/sl_iostream_handles.c.obj
LOAD CMakeFiles/slc_XDRONE.dir/default_config/C_/Users/Public/Documents/Altium/Projects/XDRONE/Firmware/autogen/sl_iostream_init_usart_instances.c.obj
LOAD CMakeFiles/slc_XDRONE.dir/default_config/C_/Users/Public/Documents/Altium/Projects/XDRONE/Firmware/autogen/sli_cli_hooks.c.obj
LOAD CMakeFiles/slc_XDRONE.dir/default_config/C_/Users/Public/Documents/Altium/Projects/XDRONE/Firmware/main.c.obj
LOAD CMakeFiles/XDRONE.dir/default_config/C_/Users/Public/Documents/Altium/Projects/XDRONE/Firmware/XDRONE/01_Drivers/src/led.c.obj
LOAD CMakeFiles/XDRONE.dir/default_config/C_/Users/Public/Documents/Altium/Projects/XDRONE/Firmware/XDRONE/01_Drivers/src/motor.c.obj
LOAD CMakeFiles/XDRONE.dir/default_config/C_/Users/Public/Documents/Altium/Projects/XDRONE/Firmware/XDRONE/02_Middlewares/OS/src/OS.c.obj
LOAD CMakeFiles/XDRONE.dir/default_config/C_/Users/Public/Documents/Altium/Projects/XDRONE/Firmware/XDRONE/02_Middlewares/OS/src/OS_Callbacks.c.obj
LOAD CMakeFiles/XDRONE.dir/default_config/C_/Users/Public/Documents/Altium/Projects/XDRONE/Firmware/XDRONE/02_Middlewares/OS/src/OS_Event.c.obj
LOAD CMakeFiles/XDRONE.dir/default_config/C_/Users/Public/Documents/Altium/Projects/XDRONE/Firmware/XDRONE/02_Middlewares/OS/src/OS_Heap.c.obj
LOAD CMakeFiles/XDRONE.dir/default_config/C_/Users/Public/Documents/Altium/Projects/XDRONE/Firmware/XDRONE/02_Middlewares/OS/src/OS_Internal.c.obj
LOAD CMakeFiles/XDRONE.dir/default_config/C_/Users/Public/Documents/Altium/Projects/XDRONE/Firmware/XDRONE/02_Middlewares/OS/src/OS_MsgQ.c.obj
LOAD CMakeFiles/XDRONE.dir/default_config/C_/Users/Public/Documents/Altium/Projects/XDRONE/Firmware/XDRONE/02_Middlewares/OS/src/OS_Mutex.c.obj
LOAD CMakeFiles/XDRONE.dir/default_config/C_/Users/Public/Documents/Altium/Projects/XDRONE/Firmware/XDRONE/02_Middlewares/OS/src/OS_Obj.c.obj
LOAD CMakeFiles/XDRONE.dir/default_config/C_/Users/Public/Documents/Altium/Projects/XDRONE/Firmware/XDRONE/02_Middlewares/OS/src/OS_Scheduler.c.obj
LOAD CMakeFiles/XDRONE.dir/default_config/C_/Users/Public/Documents/Altium/Projects/XDRONE/Firmware/XDRONE/02_Middlewares/OS/src/OS_Sem.c.obj
LOAD CMakeFiles/XDRONE.dir/default_config/C_/Users/Public/Documents/Altium/Projects/XDRONE/Firmware/XDRONE/02_Middlewares/OS/src/OS_Tasks.c.obj
LOAD CMakeFiles/XDRONE.dir/default_config/C_/Users/Public/Documents/Altium/Projects/XDRONE/Firmware/XDRONE/02_Middlewares/OS/src/OS_Tick.c.obj
LOAD CMakeFiles/XDRONE.dir/default_config/C_/Users/Public/Documents/Altium/Projects/XDRONE/Firmware/XDRONE/04_CLI/cli.c.obj
LOAD CMakeFiles/XDRONE.dir/default_config/C_/Users/Public/Documents/Altium/Projects/XDRONE/Firmware/XDRONE/04_CLI/cli_led.c.obj
LOAD CMakeFiles/XDRONE.dir/default_config/C_/Users/Public/Documents/Altium/Projects/XDRONE/Firmware/XDRONE/04_CLI/cli_motor.c.obj
START GROUP
LOAD c:/siliconlabs/simplicitystudio/v5/developer/toolchains/gnu_arm/12.2.rel1_2023.7/bin/../lib/gcc/arm-none-eabi/12.2.1/thumb/v8-m.main+fp/hard\libgcc.a
LOAD c:/siliconlabs/simplicitystudio/v5/developer/toolchains/gnu_arm/12.2.rel1_2023.7/bin/../lib/gcc/arm-none-eabi/12.2.1/thumb/v8-m.main+fp/hard\libc_nano.a
LOAD c:/siliconlabs/simplicitystudio/v5/developer/toolchains/gnu_arm/12.2.rel1_2023.7/bin/../lib/gcc/arm-none-eabi/12.2.1/thumb/v8-m.main+fp/hard\libm.a
LOAD c:/siliconlabs/simplicitystudio/v5/developer/toolchains/gnu_arm/12.2.rel1_2023.7/bin/../lib/gcc/arm-none-eabi/12.2.1/thumb/v8-m.main+fp/hard\libnosys.a
END GROUP
START GROUP
LOAD c:/siliconlabs/simplicitystudio/v5/developer/toolchains/gnu_arm/12.2.rel1_2023.7/bin/../lib/gcc/arm-none-eabi/12.2.1/thumb/v8-m.main+fp/hard\libgcc.a
LOAD c:/siliconlabs/simplicitystudio/v5/developer/toolchains/gnu_arm/12.2.rel1_2023.7/bin/../lib/gcc/arm-none-eabi/12.2.1/thumb/v8-m.main+fp/hard\libc_nano.a
END GROUP
START GROUP
LOAD c:/siliconlabs/simplicitystudio/v5/developer/toolchains/gnu_arm/12.2.rel1_2023.7/bin/../lib/gcc/arm-none-eabi/12.2.1/thumb/v8-m.main+fp/hard\libgcc.a
LOAD c:/siliconlabs/simplicitystudio/v5/developer/toolchains/gnu_arm/12.2.rel1_2023.7/bin/../lib/gcc/arm-none-eabi/12.2.1/thumb/v8-m.main+fp/hard\libc_nano.a
END GROUP
LOAD c:/siliconlabs/simplicitystudio/v5/developer/toolchains/gnu_arm/12.2.rel1_2023.7/bin/../lib/gcc/arm-none-eabi/12.2.1/thumb/v8-m.main+fp/hard/crtend.o
LOAD c:/siliconlabs/simplicitystudio/v5/developer/toolchains/gnu_arm/12.2.rel1_2023.7/bin/../lib/gcc/arm-none-eabi/12.2.1/thumb/v8-m.main+fp/hard/crtn.o

.text           0x08000000     0x90f0
                0x08000000                linker_vectors_begin = .
 *(.vectors)
 .vectors       0x08000000      0x17c CMakeFiles/slc_XDRONE.dir/default_config/b5bb5260dacc7379f80b8d14ba2fd242/Firmware/gecko_sdk_4.4.3/platform/Device/SiliconLabs/EFR32FG28/Source/startup_efr32fg28.c.obj
                0x08000000                __Vectors
                0x0800017c                linker_vectors_end = .
                0x0800017c                __Vectors_End = .
                0x0800017c                __Vectors_Size = (__Vectors_End - __Vectors)
                0x0800017c                linker_code_begin = .
 *(SORT_BY_ALIGNMENT(.text*))
 *fill*         0x0800017c        0x4 
 .text._etoa    0x08000180      0x374 CMakeFiles/slc_XDRONE.dir/default_config/C_/Users/Public/Documents/Altium/Projects/XDRONE/Firmware/gecko_sdk_4.4.3/util/third_party/printf/printf.c.obj
 *fill*         0x080004f4        0x4 
 .text._ftoa    0x080004f8      0x30c CMakeFiles/slc_XDRONE.dir/default_config/C_/Users/Public/Documents/Altium/Projects/XDRONE/Firmware/gecko_sdk_4.4.3/util/third_party/printf/printf.c.obj
 .text.deregister_tm_clones
                0x08000804       0x1c c:/siliconlabs/simplicitystudio/v5/developer/toolchains/gnu_arm/12.2.rel1_2023.7/bin/../lib/gcc/arm-none-eabi/12.2.1/thumb/v8-m.main+fp/hard/crtbegin.o
 .text.register_tm_clones
                0x08000820       0x28 c:/siliconlabs/simplicitystudio/v5/developer/toolchains/gnu_arm/12.2.rel1_2023.7/bin/../lib/gcc/arm-none-eabi/12.2.1/thumb/v8-m.main+fp/hard/crtbegin.o
 .text.__do_global_dtors_aux
                0x08000848       0x28 c:/siliconlabs/simplicitystudio/v5/developer/toolchains/gnu_arm/12.2.rel1_2023.7/bin/../lib/gcc/arm-none-eabi/12.2.1/thumb/v8-m.main+fp/hard/crtbegin.o
 .text.frame_dummy
                0x08000870       0x24 c:/siliconlabs/simplicitystudio/v5/developer/toolchains/gnu_arm/12.2.rel1_2023.7/bin/../lib/gcc/arm-none-eabi/12.2.1/thumb/v8-m.main+fp/hard/crtbegin.o
 .text          0x08000894       0x7c c:/siliconlabs/simplicitystudio/v5/developer/toolchains/gnu_arm/12.2.rel1_2023.7/bin/../lib/gcc/arm-none-eabi/12.2.1/thumb/v8-m.main+fp/hard/crt0.o
                0x08000894                _stack_init
                0x0800089c                _start
                0x0800089c                _mainCRTStartup
 .text.sl_slist_push
                0x08000910       0x20 CMakeFiles/slc_XDRONE.dir/default_config/C_/Users/Public/Documents/Altium/Projects/XDRONE/Firmware/gecko_sdk_4.4.3/platform/common/src/sl_slist.c.obj
                0x08000910                sl_slist_push
 .text.sl_strcasecmp
                0x08000930       0x44 CMakeFiles/slc_XDRONE.dir/default_config/C_/Users/Public/Documents/Altium/Projects/XDRONE/Firmware/gecko_sdk_4.4.3/platform/common/src/sl_string.c.obj
                0x08000930                sl_strcasecmp
 .text.CopyRamFuncs
                0x08000974       0x1c CMakeFiles/slc_XDRONE.dir/default_config/b5bb5260dacc7379f80b8d14ba2fd242/Firmware/gecko_sdk_4.4.3/platform/Device/SiliconLabs/EFR32FG28/Source/startup_efr32fg28.c.obj
                0x08000974                CopyRamFuncs
 .text.Reset_Handler
                0x08000990       0x64 CMakeFiles/slc_XDRONE.dir/default_config/b5bb5260dacc7379f80b8d14ba2fd242/Firmware/gecko_sdk_4.4.3/platform/Device/SiliconLabs/EFR32FG28/Source/startup_efr32fg28.c.obj
                0x08000990                Reset_Handler
 .text.SystemInit
                0x080009f4       0x68 CMakeFiles/slc_XDRONE.dir/default_config/b5bb5260dacc7379f80b8d14ba2fd242/Firmware/gecko_sdk_4.4.3/platform/Device/SiliconLabs/EFR32FG28/Source/system_efr32fg28.c.obj
                0x080009f4                SystemInit
 .text.SystemHFRCODPLLClockGet
                0x08000a5c        0xc CMakeFiles/slc_XDRONE.dir/default_config/b5bb5260dacc7379f80b8d14ba2fd242/Firmware/gecko_sdk_4.4.3/platform/Device/SiliconLabs/EFR32FG28/Source/system_efr32fg28.c.obj
                0x08000a5c                SystemHFRCODPLLClockGet
 .text.SystemHFRCODPLLClockSet
                0x08000a68        0xc CMakeFiles/slc_XDRONE.dir/default_config/b5bb5260dacc7379f80b8d14ba2fd242/Firmware/gecko_sdk_4.4.3/platform/Device/SiliconLabs/EFR32FG28/Source/system_efr32fg28.c.obj
                0x08000a68                SystemHFRCODPLLClockSet
 .text.SystemSYSCLKGet
                0x08000a74       0x34 CMakeFiles/slc_XDRONE.dir/default_config/b5bb5260dacc7379f80b8d14ba2fd242/Firmware/gecko_sdk_4.4.3/platform/Device/SiliconLabs/EFR32FG28/Source/system_efr32fg28.c.obj
                0x08000a74                SystemSYSCLKGet
 .text.SystemHCLKGet
                0x08000aa8       0x24 CMakeFiles/slc_XDRONE.dir/default_config/b5bb5260dacc7379f80b8d14ba2fd242/Firmware/gecko_sdk_4.4.3/platform/Device/SiliconLabs/EFR32FG28/Source/system_efr32fg28.c.obj
                0x08000aa8                SystemHCLKGet
 .text.SystemMaxCoreClockGet
                0x08000acc        0x8 CMakeFiles/slc_XDRONE.dir/default_config/b5bb5260dacc7379f80b8d14ba2fd242/Firmware/gecko_sdk_4.4.3/platform/Device/SiliconLabs/EFR32FG28/Source/system_efr32fg28.c.obj
                0x08000acc                SystemMaxCoreClockGet
 .text.SystemHFXOClockGet
                0x08000ad4        0xc CMakeFiles/slc_XDRONE.dir/default_config/b5bb5260dacc7379f80b8d14ba2fd242/Firmware/gecko_sdk_4.4.3/platform/Device/SiliconLabs/EFR32FG28/Source/system_efr32fg28.c.obj
                0x08000ad4                SystemHFXOClockGet
 .text.SystemHFXOClockSet
                0x08000ae0       0x20 CMakeFiles/slc_XDRONE.dir/default_config/b5bb5260dacc7379f80b8d14ba2fd242/Firmware/gecko_sdk_4.4.3/platform/Device/SiliconLabs/EFR32FG28/Source/system_efr32fg28.c.obj
                0x08000ae0                SystemHFXOClockSet
 .text.SystemFSRCOClockGet
                0x08000b00        0x8 CMakeFiles/slc_XDRONE.dir/default_config/b5bb5260dacc7379f80b8d14ba2fd242/Firmware/gecko_sdk_4.4.3/platform/Device/SiliconLabs/EFR32FG28/Source/system_efr32fg28.c.obj
                0x08000b00                SystemFSRCOClockGet
 .text.SystemHFRCOEM23ClockGet
                0x08000b08       0x84 CMakeFiles/slc_XDRONE.dir/default_config/b5bb5260dacc7379f80b8d14ba2fd242/Firmware/gecko_sdk_4.4.3/platform/Device/SiliconLabs/EFR32FG28/Source/system_efr32fg28.c.obj
                0x08000b08                SystemHFRCOEM23ClockGet
 .text.SystemLFXOClockGet
                0x08000b8c        0xc CMakeFiles/slc_XDRONE.dir/default_config/b5bb5260dacc7379f80b8d14ba2fd242/Firmware/gecko_sdk_4.4.3/platform/Device/SiliconLabs/EFR32FG28/Source/system_efr32fg28.c.obj
                0x08000b8c                SystemLFXOClockGet
 .text.StartTransfer
                0x08000b98      0x17c CMakeFiles/slc_XDRONE.dir/default_config/C_/Users/Public/Documents/Altium/Projects/XDRONE/Firmware/gecko_sdk_4.4.3/platform/emdrv/dmadrv/src/dmadrv.c.obj
 .text.DMADRV_AllocateChannel
                0x08000d14       0x60 CMakeFiles/slc_XDRONE.dir/default_config/C_/Users/Public/Documents/Altium/Projects/XDRONE/Firmware/gecko_sdk_4.4.3/platform/emdrv/dmadrv/src/dmadrv.c.obj
                0x08000d14                DMADRV_AllocateChannel
 .text.DMADRV_DeInit
                0x08000d74       0x44 CMakeFiles/slc_XDRONE.dir/default_config/C_/Users/Public/Documents/Altium/Projects/XDRONE/Firmware/gecko_sdk_4.4.3/platform/emdrv/dmadrv/src/dmadrv.c.obj
                0x08000d74                DMADRV_DeInit
 .text.DMADRV_FreeChannel
                0x08000db8       0x4c CMakeFiles/slc_XDRONE.dir/default_config/C_/Users/Public/Documents/Altium/Projects/XDRONE/Firmware/gecko_sdk_4.4.3/platform/emdrv/dmadrv/src/dmadrv.c.obj
                0x08000db8                DMADRV_FreeChannel
 .text.DMADRV_Init
                0x08000e04       0x68 CMakeFiles/slc_XDRONE.dir/default_config/C_/Users/Public/Documents/Altium/Projects/XDRONE/Firmware/gecko_sdk_4.4.3/platform/emdrv/dmadrv/src/dmadrv.c.obj
                0x08000e04                DMADRV_Init
 .text.DMADRV_PauseTransfer
                0x08000e6c       0x40 CMakeFiles/slc_XDRONE.dir/default_config/C_/Users/Public/Documents/Altium/Projects/XDRONE/Firmware/gecko_sdk_4.4.3/platform/emdrv/dmadrv/src/dmadrv.c.obj
                0x08000e6c                DMADRV_PauseTransfer
 .text.DMADRV_ResumeTransfer
                0x08000eac       0x40 CMakeFiles/slc_XDRONE.dir/default_config/C_/Users/Public/Documents/Altium/Projects/XDRONE/Firmware/gecko_sdk_4.4.3/platform/emdrv/dmadrv/src/dmadrv.c.obj
                0x08000eac                DMADRV_ResumeTransfer
 .text.DMADRV_StopTransfer
                0x08000eec       0x40 CMakeFiles/slc_XDRONE.dir/default_config/C_/Users/Public/Documents/Altium/Projects/XDRONE/Firmware/gecko_sdk_4.4.3/platform/emdrv/dmadrv/src/dmadrv.c.obj
                0x08000eec                DMADRV_StopTransfer
 .text.DMADRV_TransferCompletePending
                0x08000f2c       0x50 CMakeFiles/slc_XDRONE.dir/default_config/C_/Users/Public/Documents/Altium/Projects/XDRONE/Firmware/gecko_sdk_4.4.3/platform/emdrv/dmadrv/src/dmadrv.c.obj
                0x08000f2c                DMADRV_TransferCompletePending
 .text.DMADRV_TransferDone
                0x08000f7c       0x44 CMakeFiles/slc_XDRONE.dir/default_config/C_/Users/Public/Documents/Altium/Projects/XDRONE/Firmware/gecko_sdk_4.4.3/platform/emdrv/dmadrv/src/dmadrv.c.obj
                0x08000f7c                DMADRV_TransferDone
 .text.LDMA_IRQHandler
                0x08000fc0       0x74 CMakeFiles/slc_XDRONE.dir/default_config/C_/Users/Public/Documents/Altium/Projects/XDRONE/Firmware/gecko_sdk_4.4.3/platform/emdrv/dmadrv/src/dmadrv.c.obj
                0x08000fc0                LDMA_IRQHandler
 .text.EMU_VScaleGet
                0x08001034       0x18 CMakeFiles/slc_XDRONE.dir/default_config/C_/Users/Public/Documents/Altium/Projects/XDRONE/Firmware/gecko_sdk_4.4.3/platform/emlib/src/em_cmu.c.obj
 .text.HFRCODPLLDevinfoGet
                0x0800104c      0x108 CMakeFiles/slc_XDRONE.dir/default_config/C_/Users/Public/Documents/Altium/Projects/XDRONE/Firmware/gecko_sdk_4.4.3/platform/emlib/src/em_cmu.c.obj
 .text.traceClkGet
                0x08001154       0x54 CMakeFiles/slc_XDRONE.dir/default_config/C_/Users/Public/Documents/Altium/Projects/XDRONE/Firmware/gecko_sdk_4.4.3/platform/emlib/src/em_cmu.c.obj
 .text.em01GrpaClkGet
                0x080011a8       0x74 CMakeFiles/slc_XDRONE.dir/default_config/C_/Users/Public/Documents/Altium/Projects/XDRONE/Firmware/gecko_sdk_4.4.3/platform/emlib/src/em_cmu.c.obj
 .text.em01GrpcClkGet
                0x0800121c       0x70 CMakeFiles/slc_XDRONE.dir/default_config/C_/Users/Public/Documents/Altium/Projects/XDRONE/Firmware/gecko_sdk_4.4.3/platform/emlib/src/em_cmu.c.obj
 .text.iadcClkGet
                0x0800128c       0x60 CMakeFiles/slc_XDRONE.dir/default_config/C_/Users/Public/Documents/Altium/Projects/XDRONE/Firmware/gecko_sdk_4.4.3/platform/emlib/src/em_cmu.c.obj
 .text.lesenseHFClkGet
                0x080012ec       0x48 CMakeFiles/slc_XDRONE.dir/default_config/C_/Users/Public/Documents/Altium/Projects/XDRONE/Firmware/gecko_sdk_4.4.3/platform/emlib/src/em_cmu.c.obj
 .text.eusart0ClkGet
                0x08001334       0x74 CMakeFiles/slc_XDRONE.dir/default_config/C_/Users/Public/Documents/Altium/Projects/XDRONE/Firmware/gecko_sdk_4.4.3/platform/emlib/src/em_cmu.c.obj
 .text.em23GrpaClkGet
                0x080013a8       0x48 CMakeFiles/slc_XDRONE.dir/default_config/C_/Users/Public/Documents/Altium/Projects/XDRONE/Firmware/gecko_sdk_4.4.3/platform/emlib/src/em_cmu.c.obj
 .text.vdac0ClkGet
                0x080013f0       0x70 CMakeFiles/slc_XDRONE.dir/default_config/C_/Users/Public/Documents/Altium/Projects/XDRONE/Firmware/gecko_sdk_4.4.3/platform/emlib/src/em_cmu.c.obj
 .text.pcnt0ClkGet
                0x08001460       0x4c CMakeFiles/slc_XDRONE.dir/default_config/C_/Users/Public/Documents/Altium/Projects/XDRONE/Firmware/gecko_sdk_4.4.3/platform/emlib/src/em_cmu.c.obj
 .text.wdog0ClkGet
                0x080014ac       0x64 CMakeFiles/slc_XDRONE.dir/default_config/C_/Users/Public/Documents/Altium/Projects/XDRONE/Firmware/gecko_sdk_4.4.3/platform/emlib/src/em_cmu.c.obj
 .text.wdog1ClkGet
                0x08001510       0x64 CMakeFiles/slc_XDRONE.dir/default_config/C_/Users/Public/Documents/Altium/Projects/XDRONE/Firmware/gecko_sdk_4.4.3/platform/emlib/src/em_cmu.c.obj
 .text.sysrtcClkGet
                0x08001574       0x48 CMakeFiles/slc_XDRONE.dir/default_config/C_/Users/Public/Documents/Altium/Projects/XDRONE/Firmware/gecko_sdk_4.4.3/platform/emlib/src/em_cmu.c.obj
 .text.lcdClkGet
                0x080015bc       0x54 CMakeFiles/slc_XDRONE.dir/default_config/C_/Users/Public/Documents/Altium/Projects/XDRONE/Firmware/gecko_sdk_4.4.3/platform/emlib/src/em_cmu.c.obj
 .text.em4GrpaClkGet
                0x08001610       0x48 CMakeFiles/slc_XDRONE.dir/default_config/C_/Users/Public/Documents/Altium/Projects/XDRONE/Firmware/gecko_sdk_4.4.3/platform/emlib/src/em_cmu.c.obj
 .text.CMU_ClockDivGet
                0x08001658       0x78 CMakeFiles/slc_XDRONE.dir/default_config/C_/Users/Public/Documents/Altium/Projects/XDRONE/Firmware/gecko_sdk_4.4.3/platform/emlib/src/em_cmu.c.obj
                0x08001658                CMU_ClockDivGet
 .text.flashWaitStateControl
                0x080016d0       0x58 CMakeFiles/slc_XDRONE.dir/default_config/C_/Users/Public/Documents/Altium/Projects/XDRONE/Firmware/gecko_sdk_4.4.3/platform/emlib/src/em_cmu.c.obj
 .text.CMU_ClockEnable
                0x08001728       0x50 CMakeFiles/slc_XDRONE.dir/default_config/C_/Users/Public/Documents/Altium/Projects/XDRONE/Firmware/gecko_sdk_4.4.3/platform/emlib/src/em_cmu.c.obj
                0x08001728                CMU_ClockEnable
 .text.CMU_ClockFreqGet
                0x08001778      0x280 CMakeFiles/slc_XDRONE.dir/default_config/C_/Users/Public/Documents/Altium/Projects/XDRONE/Firmware/gecko_sdk_4.4.3/platform/emlib/src/em_cmu.c.obj
                0x08001778                CMU_ClockFreqGet
 .text.rhclkPrescOptimize
                0x080019f8       0x20 CMakeFiles/slc_XDRONE.dir/default_config/C_/Users/Public/Documents/Altium/Projects/XDRONE/Firmware/gecko_sdk_4.4.3/platform/emlib/src/em_cmu.c.obj
 .text.CMU_ClockSelectGet
                0x08001a18      0x278 CMakeFiles/slc_XDRONE.dir/default_config/C_/Users/Public/Documents/Altium/Projects/XDRONE/Firmware/gecko_sdk_4.4.3/platform/emlib/src/em_cmu.c.obj
                0x08001a18                CMU_ClockSelectGet
 .text.CMU_HFXOInit
                0x08001c90      0x238 CMakeFiles/slc_XDRONE.dir/default_config/C_/Users/Public/Documents/Altium/Projects/XDRONE/Firmware/gecko_sdk_4.4.3/platform/emlib/src/em_cmu.c.obj
                0x08001c90                CMU_HFXOInit
 .text.CMU_HFXOCTuneDeltaGet
                0x08001ec8        0xc CMakeFiles/slc_XDRONE.dir/default_config/C_/Users/Public/Documents/Altium/Projects/XDRONE/Firmware/gecko_sdk_4.4.3/platform/emlib/src/em_cmu.c.obj
                0x08001ec8                CMU_HFXOCTuneDeltaGet
 .text.CMU_LFXOInit
                0x08001ed4       0xc4 CMakeFiles/slc_XDRONE.dir/default_config/C_/Users/Public/Documents/Altium/Projects/XDRONE/Firmware/gecko_sdk_4.4.3/platform/emlib/src/em_cmu.c.obj
                0x08001ed4                CMU_LFXOInit
 .text.CMU_LFXOPrecisionSet
                0x08001f98        0xc CMakeFiles/slc_XDRONE.dir/default_config/C_/Users/Public/Documents/Altium/Projects/XDRONE/Firmware/gecko_sdk_4.4.3/platform/emlib/src/em_cmu.c.obj
                0x08001f98                CMU_LFXOPrecisionSet
 .text.CMU_HFXOPrecisionSet
                0x08001fa4        0xc CMakeFiles/slc_XDRONE.dir/default_config/C_/Users/Public/Documents/Altium/Projects/XDRONE/Firmware/gecko_sdk_4.4.3/platform/emlib/src/em_cmu.c.obj
                0x08001fa4                CMU_HFXOPrecisionSet
 .text.CMU_ClockDivSet
                0x08001fb0      0x12c CMakeFiles/slc_XDRONE.dir/default_config/C_/Users/Public/Documents/Altium/Projects/XDRONE/Firmware/gecko_sdk_4.4.3/platform/emlib/src/em_cmu.c.obj
                0x08001fb0                CMU_ClockDivSet
 .text.sli_em_cmu_SYSCLKInitPreClockSelect
                0x080020dc       0x20 CMakeFiles/slc_XDRONE.dir/default_config/C_/Users/Public/Documents/Altium/Projects/XDRONE/Firmware/gecko_sdk_4.4.3/platform/emlib/src/em_cmu.c.obj
                0x080020dc                sli_em_cmu_SYSCLKInitPreClockSelect
 .text.pclkDivOptimize
                0x080020fc       0x24 CMakeFiles/slc_XDRONE.dir/default_config/C_/Users/Public/Documents/Altium/Projects/XDRONE/Firmware/gecko_sdk_4.4.3/platform/emlib/src/em_cmu.c.obj
 .text.CMU_DPLLLock
                0x08002120      0x288 CMakeFiles/slc_XDRONE.dir/default_config/C_/Users/Public/Documents/Altium/Projects/XDRONE/Firmware/gecko_sdk_4.4.3/platform/emlib/src/em_cmu.c.obj
                0x08002120                CMU_DPLLLock
 .text.EMU_DCDCSync
                0x080023a8       0x10 CMakeFiles/slc_XDRONE.dir/default_config/C_/Users/Public/Documents/Altium/Projects/XDRONE/Firmware/gecko_sdk_4.4.3/platform/emlib/src/em_emu.c.obj
 .text.EMU_EM4Init
                0x080023b8       0x14 CMakeFiles/slc_XDRONE.dir/default_config/C_/Users/Public/Documents/Altium/Projects/XDRONE/Firmware/gecko_sdk_4.4.3/platform/emlib/src/em_emu.c.obj
                0x080023b8                EMU_EM4Init
 .text.EMU_VScaleEM01
                0x080023cc       0xa8 CMakeFiles/slc_XDRONE.dir/default_config/C_/Users/Public/Documents/Altium/Projects/XDRONE/Firmware/gecko_sdk_4.4.3/platform/emlib/src/em_emu.c.obj
                0x080023cc                EMU_VScaleEM01
 .text.EMU_VScaleEM01ByClock
                0x08002474       0x30 CMakeFiles/slc_XDRONE.dir/default_config/C_/Users/Public/Documents/Altium/Projects/XDRONE/Firmware/gecko_sdk_4.4.3/platform/emlib/src/em_emu.c.obj
                0x08002474                EMU_VScaleEM01ByClock
 .text.EMU_DCDCModeSet
                0x080024a4       0xac CMakeFiles/slc_XDRONE.dir/default_config/C_/Users/Public/Documents/Altium/Projects/XDRONE/Firmware/gecko_sdk_4.4.3/platform/emlib/src/em_emu.c.obj
                0x080024a4                EMU_DCDCModeSet
 .text.GPIO_PinOutSet
                0x08002550       0x3c CMakeFiles/slc_XDRONE.dir/default_config/C_/Users/Public/Documents/Altium/Projects/XDRONE/Firmware/gecko_sdk_4.4.3/platform/emlib/src/em_gpio.c.obj
 .text.GPIO_PinOutClear
                0x0800258c       0x3c CMakeFiles/slc_XDRONE.dir/default_config/C_/Users/Public/Documents/Altium/Projects/XDRONE/Firmware/gecko_sdk_4.4.3/platform/emlib/src/em_gpio.c.obj
 .text.GPIO_PinModeSet
                0x080025c8       0x94 CMakeFiles/slc_XDRONE.dir/default_config/C_/Users/Public/Documents/Altium/Projects/XDRONE/Firmware/gecko_sdk_4.4.3/platform/emlib/src/em_gpio.c.obj
                0x080025c8                GPIO_PinModeSet
 .text.LDMA_DeInit
                0x0800265c       0x3c CMakeFiles/slc_XDRONE.dir/default_config/C_/Users/Public/Documents/Altium/Projects/XDRONE/Firmware/gecko_sdk_4.4.3/platform/emlib/src/em_ldma.c.obj
                0x0800265c                LDMA_DeInit
 .text.LDMA_EnableChannelRequest
                0x08002698       0x40 CMakeFiles/slc_XDRONE.dir/default_config/C_/Users/Public/Documents/Altium/Projects/XDRONE/Firmware/gecko_sdk_4.4.3/platform/emlib/src/em_ldma.c.obj
                0x08002698                LDMA_EnableChannelRequest
 .text.LDMA_Init
                0x080026d8       0x94 CMakeFiles/slc_XDRONE.dir/default_config/C_/Users/Public/Documents/Altium/Projects/XDRONE/Firmware/gecko_sdk_4.4.3/platform/emlib/src/em_ldma.c.obj
                0x080026d8                LDMA_Init
 .text.LDMA_StartTransfer
                0x0800276c      0x104 CMakeFiles/slc_XDRONE.dir/default_config/C_/Users/Public/Documents/Altium/Projects/XDRONE/Firmware/gecko_sdk_4.4.3/platform/emlib/src/em_ldma.c.obj
                0x0800276c                LDMA_StartTransfer
 .text.LDMA_StopTransfer
                0x08002870       0x38 CMakeFiles/slc_XDRONE.dir/default_config/C_/Users/Public/Documents/Altium/Projects/XDRONE/Firmware/gecko_sdk_4.4.3/platform/emlib/src/em_ldma.c.obj
                0x08002870                LDMA_StopTransfer
 .text.LDMA_TransferDone
                0x080028a8       0x44 CMakeFiles/slc_XDRONE.dir/default_config/C_/Users/Public/Documents/Altium/Projects/XDRONE/Firmware/gecko_sdk_4.4.3/platform/emlib/src/em_ldma.c.obj
                0x080028a8                LDMA_TransferDone
 .text.TIMER_Valid
                0x080028ec       0x34 CMakeFiles/slc_XDRONE.dir/default_config/C_/Users/Public/Documents/Altium/Projects/XDRONE/Firmware/gecko_sdk_4.4.3/platform/emlib/src/em_timer.c.obj
 .text.timerPrsConfig
                0x08002920       0x70 CMakeFiles/slc_XDRONE.dir/default_config/C_/Users/Public/Documents/Altium/Projects/XDRONE/Firmware/gecko_sdk_4.4.3/platform/emlib/src/em_timer.c.obj
 .text.TIMER_Init
                0x08002990       0x98 CMakeFiles/slc_XDRONE.dir/default_config/C_/Users/Public/Documents/Altium/Projects/XDRONE/Firmware/gecko_sdk_4.4.3/platform/emlib/src/em_timer.c.obj
                0x08002990                TIMER_Init
 .text.TIMER_InitCC
                0x08002a28       0xac CMakeFiles/slc_XDRONE.dir/default_config/C_/Users/Public/Documents/Altium/Projects/XDRONE/Firmware/gecko_sdk_4.4.3/platform/emlib/src/em_timer.c.obj
                0x08002a28                TIMER_InitCC
 .text.USART_BaudrateAsyncSet
                0x08002ad4       0xe0 CMakeFiles/slc_XDRONE.dir/default_config/C_/Users/Public/Documents/Altium/Projects/XDRONE/Firmware/gecko_sdk_4.4.3/platform/emlib/src/em_usart.c.obj
                0x08002ad4                USART_BaudrateAsyncSet
 .text.USART_Enable
                0x08002bb4       0x3c CMakeFiles/slc_XDRONE.dir/default_config/C_/Users/Public/Documents/Altium/Projects/XDRONE/Firmware/gecko_sdk_4.4.3/platform/emlib/src/em_usart.c.obj
                0x08002bb4                USART_Enable
 .text.USART_Reset
                0x08002bf0       0x58 CMakeFiles/slc_XDRONE.dir/default_config/C_/Users/Public/Documents/Altium/Projects/XDRONE/Firmware/gecko_sdk_4.4.3/platform/emlib/src/em_usart.c.obj
                0x08002bf0                USART_Reset
 .text.USART_InitAsync
                0x08002c48       0xd4 CMakeFiles/slc_XDRONE.dir/default_config/C_/Users/Public/Documents/Altium/Projects/XDRONE/Firmware/gecko_sdk_4.4.3/platform/emlib/src/em_usart.c.obj
                0x08002c48                USART_InitAsync
 .text.sl_cli_clear
                0x08002d1c       0x30 CMakeFiles/slc_XDRONE.dir/default_config/C_/Users/Public/Documents/Altium/Projects/XDRONE/Firmware/gecko_sdk_4.4.3/platform/service/cli/src/sl_cli.c.obj
                0x08002d1c                sl_cli_clear
 .text.sl_cli_handle_input
                0x08002d4c       0x44 CMakeFiles/slc_XDRONE.dir/default_config/C_/Users/Public/Documents/Altium/Projects/XDRONE/Firmware/gecko_sdk_4.4.3/platform/service/cli/src/sl_cli.c.obj
                0x08002d4c                sl_cli_handle_input
 .text.sli_cli_tick
                0x08002d90       0x94 CMakeFiles/slc_XDRONE.dir/default_config/C_/Users/Public/Documents/Altium/Projects/XDRONE/Firmware/gecko_sdk_4.4.3/platform/service/cli/src/sl_cli.c.obj
                0x08002d90                sli_cli_tick
 .text.sli_cli_arguments_validate_uint
                0x08002e24       0xc4 CMakeFiles/slc_XDRONE.dir/default_config/C_/Users/Public/Documents/Altium/Projects/XDRONE/Firmware/gecko_sdk_4.4.3/platform/service/cli/src/sl_cli_arguments.c.obj
                0x08002e24                sli_cli_arguments_validate_uint
 .text.sli_cli_arguments_validate_hex_string
                0x08002ee8       0x44 CMakeFiles/slc_XDRONE.dir/default_config/C_/Users/Public/Documents/Altium/Projects/XDRONE/Firmware/gecko_sdk_4.4.3/platform/service/cli/src/sl_cli_arguments.c.obj
                0x08002ee8                sli_cli_arguments_validate_hex_string
 .text.print_and_pad
                0x08002f2c       0x28 CMakeFiles/slc_XDRONE.dir/default_config/C_/Users/Public/Documents/Altium/Projects/XDRONE/Firmware/gecko_sdk_4.4.3/platform/service/cli/src/sl_cli_command.c.obj
 .text.cmd_help_command
                0x08002f54      0x1f0 CMakeFiles/slc_XDRONE.dir/default_config/C_/Users/Public/Documents/Altium/Projects/XDRONE/Firmware/gecko_sdk_4.4.3/platform/service/cli/src/sl_cli_command.c.obj
 .text.sl_cli_command_find_matches
                0x08003144      0x19c CMakeFiles/slc_XDRONE.dir/default_config/C_/Users/Public/Documents/Altium/Projects/XDRONE/Firmware/gecko_sdk_4.4.3/platform/service/cli/src/sl_cli_command.c.obj
                0x08003144                sl_cli_command_find_matches
 .text.sl_cli_command_find
                0x080032e0       0x74 CMakeFiles/slc_XDRONE.dir/default_config/C_/Users/Public/Documents/Altium/Projects/XDRONE/Firmware/gecko_sdk_4.4.3/platform/service/cli/src/sl_cli_command.c.obj
                0x080032e0                sl_cli_command_find
 .text.sl_cli_input_autocomplete
                0x08003354      0x1f0 CMakeFiles/slc_XDRONE.dir/default_config/C_/Users/Public/Documents/Altium/Projects/XDRONE/Firmware/gecko_sdk_4.4.3/platform/service/cli/src/sl_cli_input.c.obj
                0x08003354                sl_cli_input_autocomplete
 .text.sl_cli_input_char
                0x08003544      0x1d4 CMakeFiles/slc_XDRONE.dir/default_config/C_/Users/Public/Documents/Altium/Projects/XDRONE/Firmware/gecko_sdk_4.4.3/platform/service/cli/src/sl_cli_input.c.obj
                0x08003544                sl_cli_input_char
 .text.sl_device_init_dpll
                0x08003718       0x7c CMakeFiles/slc_XDRONE.dir/default_config/bf440dac2f447c31269e52145c203f2d/XDRONE/Firmware/gecko_sdk_4.4.3/platform/service/device_init/src/sl_device_init_dpll_s2.c.obj
                0x08003718                sl_device_init_dpll
 .text.sl_device_init_emu
                0x08003794       0x24 CMakeFiles/slc_XDRONE.dir/default_config/bf440dac2f447c31269e52145c203f2d/XDRONE/Firmware/gecko_sdk_4.4.3/platform/service/device_init/src/sl_device_init_emu_s2.c.obj
                0x08003794                sl_device_init_emu
 .text.sl_device_init_hfxo
                0x080037b8       0x70 CMakeFiles/slc_XDRONE.dir/default_config/bf440dac2f447c31269e52145c203f2d/XDRONE/Firmware/gecko_sdk_4.4.3/platform/service/device_init/src/sl_device_init_hfxo_s2.c.obj
                0x080037b8                sl_device_init_hfxo
 .text.sl_device_init_lfxo
                0x08003828       0x2c CMakeFiles/slc_XDRONE.dir/default_config/bf440dac2f447c31269e52145c203f2d/XDRONE/Firmware/gecko_sdk_4.4.3/platform/service/device_init/src/sl_device_init_lfxo_s2.c.obj
                0x08003828                sl_device_init_lfxo
 .text.sl_device_init_nvic
                0x08003854       0x3c CMakeFiles/slc_XDRONE.dir/default_config/bf440dac2f447c31269e52145c203f2d/XDRONE/Firmware/gecko_sdk_4.4.3/platform/service/device_init/src/sl_device_init_nvic.c.obj
                0x08003854                sl_device_init_nvic
 .text.sl_iostream_set_default
                0x08003890       0x18 CMakeFiles/slc_XDRONE.dir/default_config/C_/Users/Public/Documents/Altium/Projects/XDRONE/Firmware/gecko_sdk_4.4.3/platform/service/iostream/src/sl_iostream.c.obj
                0x08003890                sl_iostream_set_default
 .text.sl_iostream_get_default
                0x080038a8       0x18 CMakeFiles/slc_XDRONE.dir/default_config/C_/Users/Public/Documents/Altium/Projects/XDRONE/Firmware/gecko_sdk_4.4.3/platform/service/iostream/src/sl_iostream.c.obj
                0x080038a8                sl_iostream_get_default
 .text.get_write_ptr
                0x080038c0       0x40 CMakeFiles/slc_XDRONE.dir/default_config/C_/Users/Public/Documents/Altium/Projects/XDRONE/Firmware/gecko_sdk_4.4.3/platform/service/iostream/src/sl_iostream_uart.c.obj
 .text.dma_irq_handler
                0x08003900       0x74 CMakeFiles/slc_XDRONE.dir/default_config/C_/Users/Public/Documents/Altium/Projects/XDRONE/Firmware/gecko_sdk_4.4.3/platform/service/iostream/src/sl_iostream_uart.c.obj
 .text.uart_read
                0x08003974      0x1f4 CMakeFiles/slc_XDRONE.dir/default_config/C_/Users/Public/Documents/Altium/Projects/XDRONE/Firmware/gecko_sdk_4.4.3/platform/service/iostream/src/sl_iostream_uart.c.obj
 .text.uart_deinit
                0x08003b68       0x98 CMakeFiles/slc_XDRONE.dir/default_config/C_/Users/Public/Documents/Altium/Projects/XDRONE/Firmware/gecko_sdk_4.4.3/platform/service/iostream/src/sl_iostream_uart.c.obj
 .text.uart_write
                0x08003c00       0xc0 CMakeFiles/slc_XDRONE.dir/default_config/C_/Users/Public/Documents/Altium/Projects/XDRONE/Firmware/gecko_sdk_4.4.3/platform/service/iostream/src/sl_iostream_uart.c.obj
 .text.sli_iostream_uart_context_init
                0x08003cc0       0xf8 CMakeFiles/slc_XDRONE.dir/default_config/C_/Users/Public/Documents/Altium/Projects/XDRONE/Firmware/gecko_sdk_4.4.3/platform/service/iostream/src/sl_iostream_uart.c.obj
                0x08003cc0                sli_iostream_uart_context_init
 .text.sl_iostream_usart_init
                0x08003db8      0x174 CMakeFiles/slc_XDRONE.dir/default_config/C_/Users/Public/Documents/Altium/Projects/XDRONE/Firmware/gecko_sdk_4.4.3/platform/service/iostream/src/sl_iostream_usart.c.obj
                0x08003db8                sl_iostream_usart_init
 .text._vsnprintf
                0x08003f2c      0x528 CMakeFiles/slc_XDRONE.dir/default_config/C_/Users/Public/Documents/Altium/Projects/XDRONE/Firmware/gecko_sdk_4.4.3/util/third_party/printf/printf.c.obj
 .text.printf   0x08004454       0x28 CMakeFiles/slc_XDRONE.dir/default_config/C_/Users/Public/Documents/Altium/Projects/XDRONE/Firmware/gecko_sdk_4.4.3/util/third_party/printf/printf.c.obj
                0x08004454                printf
 .text.vprintf  0x0800447c       0x1c CMakeFiles/slc_XDRONE.dir/default_config/C_/Users/Public/Documents/Altium/Projects/XDRONE/Firmware/gecko_sdk_4.4.3/util/third_party/printf/printf.c.obj
                0x0800447c                vprintf
 .text.sl_cli_instances_init
                0x08004498       0x40 CMakeFiles/slc_XDRONE.dir/default_config/C_/Users/Public/Documents/Altium/Projects/XDRONE/Firmware/autogen/sl_cli_instances.c.obj
                0x08004498                sl_cli_instances_init
 .text.sl_cli_instances_tick
                0x080044d8       0x28 CMakeFiles/slc_XDRONE.dir/default_config/C_/Users/Public/Documents/Altium/Projects/XDRONE/Firmware/autogen/sl_cli_instances.c.obj
                0x080044d8                sl_cli_instances_tick
 .text.sl_device_init_clocks
                0x08004500       0x90 CMakeFiles/slc_XDRONE.dir/default_config/C_/Users/Public/Documents/Altium/Projects/XDRONE/Firmware/autogen/sl_device_init_clocks.c.obj
                0x08004500                sl_device_init_clocks
 .text.sl_iostream_usart_init_uart_cli
                0x08004590       0x9c CMakeFiles/slc_XDRONE.dir/default_config/C_/Users/Public/Documents/Altium/Projects/XDRONE/Firmware/autogen/sl_iostream_init_usart_instances.c.obj
                0x08004590                sl_iostream_usart_init_uart_cli
 .text.sl_iostream_usart_init_instances
                0x0800462c       0x1c CMakeFiles/slc_XDRONE.dir/default_config/C_/Users/Public/Documents/Altium/Projects/XDRONE/Firmware/autogen/sl_iostream_init_usart_instances.c.obj
                0x0800462c                sl_iostream_usart_init_instances
 .text.USART0_RX_IRQHandler
                0x08004648        0xc CMakeFiles/slc_XDRONE.dir/default_config/C_/Users/Public/Documents/Altium/Projects/XDRONE/Firmware/autogen/sl_iostream_init_usart_instances.c.obj
                0x08004648                USART0_RX_IRQHandler
 .text.startup.main
                0x08004654       0xa4 CMakeFiles/slc_XDRONE.dir/default_config/C_/Users/Public/Documents/Altium/Projects/XDRONE/Firmware/main.c.obj
                0x08004654                main
 .text.TIMER_CompareSet.constprop.0
                0x080046f8       0x28 CMakeFiles/XDRONE.dir/default_config/C_/Users/Public/Documents/Altium/Projects/XDRONE/Firmware/XDRONE/01_Drivers/src/led.c.obj
 .text.led_getIntesity
                0x08004720        0xc CMakeFiles/XDRONE.dir/default_config/C_/Users/Public/Documents/Altium/Projects/XDRONE/Firmware/XDRONE/01_Drivers/src/led.c.obj
                0x08004720                led_getIntesity
 .text.led_getState
                0x0800472c        0xc CMakeFiles/XDRONE.dir/default_config/C_/Users/Public/Documents/Altium/Projects/XDRONE/Firmware/XDRONE/01_Drivers/src/led.c.obj
                0x0800472c                led_getState
 .text.led_getRGB
                0x08004738       0x28 CMakeFiles/XDRONE.dir/default_config/C_/Users/Public/Documents/Altium/Projects/XDRONE/Firmware/XDRONE/01_Drivers/src/led.c.obj
                0x08004738                led_getRGB
 .text.led_setRGB
                0x08004760       0x70 CMakeFiles/XDRONE.dir/default_config/C_/Users/Public/Documents/Altium/Projects/XDRONE/Firmware/XDRONE/01_Drivers/src/led.c.obj
                0x08004760                led_setRGB
 .text.led_setIntesity
                0x080047d0       0x24 CMakeFiles/XDRONE.dir/default_config/C_/Users/Public/Documents/Altium/Projects/XDRONE/Firmware/XDRONE/01_Drivers/src/led.c.obj
                0x080047d0                led_setIntesity
 .text.led_setState
                0x080047f4       0x24 CMakeFiles/XDRONE.dir/default_config/C_/Users/Public/Documents/Altium/Projects/XDRONE/Firmware/XDRONE/01_Drivers/src/led.c.obj
                0x080047f4                led_setState
 .text.led_init
                0x08004818      0x128 CMakeFiles/XDRONE.dir/default_config/C_/Users/Public/Documents/Altium/Projects/XDRONE/Firmware/XDRONE/01_Drivers/src/led.c.obj
                0x08004818                led_init
 .text.TIMER_MaxCount
                0x08004940       0x4c CMakeFiles/XDRONE.dir/default_config/C_/Users/Public/Documents/Altium/Projects/XDRONE/Firmware/XDRONE/01_Drivers/src/motor.c.obj
 .text.TIMER_CompareSet
                0x0800498c       0x38 CMakeFiles/XDRONE.dir/default_config/C_/Users/Public/Documents/Altium/Projects/XDRONE/Firmware/XDRONE/01_Drivers/src/motor.c.obj
 .text.TIMER_TopSet.constprop.0
                0x080049c4       0x34 CMakeFiles/XDRONE.dir/default_config/C_/Users/Public/Documents/Altium/Projects/XDRONE/Firmware/XDRONE/01_Drivers/src/motor.c.obj
 .text.GPIO_PinInGet.constprop.0
                0x080049f8       0x14 CMakeFiles/XDRONE.dir/default_config/C_/Users/Public/Documents/Altium/Projects/XDRONE/Firmware/XDRONE/01_Drivers/src/motor.c.obj
 .text.motor_setPower
                0x08004a0c       0x30 CMakeFiles/XDRONE.dir/default_config/C_/Users/Public/Documents/Altium/Projects/XDRONE/Firmware/XDRONE/01_Drivers/src/motor.c.obj
                0x08004a0c                motor_setPower
 .text.motor_getPower
                0x08004a3c       0x54 CMakeFiles/XDRONE.dir/default_config/C_/Users/Public/Documents/Altium/Projects/XDRONE/Firmware/XDRONE/01_Drivers/src/motor.c.obj
                0x08004a3c                motor_getPower
 .text.motor_init
                0x08004a90      0x38c CMakeFiles/XDRONE.dir/default_config/C_/Users/Public/Documents/Altium/Projects/XDRONE/Firmware/XDRONE/01_Drivers/src/motor.c.obj
                0x08004a90                motor_init
 .text.os_init_get
                0x08004e1c        0xc CMakeFiles/XDRONE.dir/default_config/C_/Users/Public/Documents/Altium/Projects/XDRONE/Firmware/XDRONE/02_Middlewares/OS/src/OS.c.obj
                0x08004e1c                os_init_get
 .text.os_init  0x08004e28       0xcc CMakeFiles/XDRONE.dir/default_config/C_/Users/Public/Documents/Altium/Projects/XDRONE/Firmware/XDRONE/02_Middlewares/OS/src/OS.c.obj
                0x08004e28                os_init
 .text.os_heap_BlockGetSize
                0x08004ef4       0x14 CMakeFiles/XDRONE.dir/default_config/C_/Users/Public/Documents/Altium/Projects/XDRONE/Firmware/XDRONE/02_Middlewares/OS/src/OS_Heap.c.obj
 .text.os_heap_clear
                0x08004f08       0x10 CMakeFiles/XDRONE.dir/default_config/C_/Users/Public/Documents/Altium/Projects/XDRONE/Firmware/XDRONE/02_Middlewares/OS/src/OS_Heap.c.obj
                0x08004f08                os_heap_clear
 .text.os_heap_alloc
                0x08004f18       0xb4 CMakeFiles/XDRONE.dir/default_config/C_/Users/Public/Documents/Altium/Projects/XDRONE/Firmware/XDRONE/02_Middlewares/OS/src/OS_Heap.c.obj
                0x08004f18                os_heap_alloc
 .text.os_heap_free
                0x08004fcc       0x88 CMakeFiles/XDRONE.dir/default_config/C_/Users/Public/Documents/Altium/Projects/XDRONE/Firmware/XDRONE/02_Middlewares/OS/src/OS_Heap.c.obj
                0x08004fcc                os_heap_free
 .text.os_handle_list_getObjToUpdate
                0x08005054       0x18 CMakeFiles/XDRONE.dir/default_config/C_/Users/Public/Documents/Altium/Projects/XDRONE/Firmware/XDRONE/02_Middlewares/OS/src/OS_Internal.c.obj
                0x08005054                os_handle_list_getObjToUpdate
 .text.os_handle_list_updateAndCheck
                0x0800506c      0x1b0 CMakeFiles/XDRONE.dir/default_config/C_/Users/Public/Documents/Altium/Projects/XDRONE/Firmware/XDRONE/02_Middlewares/OS/src/OS_Internal.c.obj
                0x0800506c                os_handle_list_updateAndCheck
 .text.os_scheduler
                0x0800521c       0xdc CMakeFiles/XDRONE.dir/default_config/C_/Users/Public/Documents/Altium/Projects/XDRONE/Firmware/XDRONE/02_Middlewares/OS/src/OS_Scheduler.c.obj
 .text.os_scheduler_start
                0x080052f8       0x4c CMakeFiles/XDRONE.dir/default_config/C_/Users/Public/Documents/Altium/Projects/XDRONE/Firmware/XDRONE/02_Middlewares/OS/src/OS_Scheduler.c.obj
                0x080052f8                os_scheduler_start
 .text.os_scheduler_state_get
                0x08005344        0xc CMakeFiles/XDRONE.dir/default_config/C_/Users/Public/Documents/Altium/Projects/XDRONE/Firmware/XDRONE/02_Middlewares/OS/src/OS_Scheduler.c.obj
                0x08005344                os_scheduler_state_get
 .text.os_task_init
                0x08005350      0x138 CMakeFiles/XDRONE.dir/default_config/C_/Users/Public/Documents/Altium/Projects/XDRONE/Firmware/XDRONE/02_Middlewares/OS/src/OS_Tasks.c.obj
                0x08005350                os_task_init
 .text.os_task_return
                0x08005488       0x3c CMakeFiles/XDRONE.dir/default_config/C_/Users/Public/Documents/Altium/Projects/XDRONE/Firmware/XDRONE/02_Middlewares/OS/src/OS_Tasks.c.obj
                0x08005488                os_task_return
 .text.os_task_delete
                0x080054c4      0x138 CMakeFiles/XDRONE.dir/default_config/C_/Users/Public/Documents/Altium/Projects/XDRONE/Firmware/XDRONE/02_Middlewares/OS/src/OS_Tasks.c.obj
                0x080054c4                os_task_delete
 .text.os_task_end
                0x080055fc       0x10 CMakeFiles/XDRONE.dir/default_config/C_/Users/Public/Documents/Altium/Projects/XDRONE/Firmware/XDRONE/02_Middlewares/OS/src/OS_Tasks.c.obj
                0x080055fc                os_task_end
 .text.os_task_must_yeild
                0x0800560c       0x5c CMakeFiles/XDRONE.dir/default_config/C_/Users/Public/Documents/Altium/Projects/XDRONE/Firmware/XDRONE/02_Middlewares/OS/src/OS_Tasks.c.obj
                0x0800560c                os_task_must_yeild
 .text.os_task_getState
                0x08005668       0x34 CMakeFiles/XDRONE.dir/default_config/C_/Users/Public/Documents/Altium/Projects/XDRONE/Firmware/XDRONE/02_Middlewares/OS/src/OS_Tasks.c.obj
                0x08005668                os_task_getState
 .text.os_task_getByPID
                0x0800569c       0x38 CMakeFiles/XDRONE.dir/default_config/C_/Users/Public/Documents/Altium/Projects/XDRONE/Firmware/XDRONE/02_Middlewares/OS/src/OS_Tasks.c.obj
                0x0800569c                os_task_getByPID
 .text.os_task_create
                0x080056d4      0x214 CMakeFiles/XDRONE.dir/default_config/C_/Users/Public/Documents/Altium/Projects/XDRONE/Firmware/XDRONE/02_Middlewares/OS/src/OS_Tasks.c.obj
                0x080056d4                os_task_create
 .text.os_getMsTick
                0x080058e8        0xc CMakeFiles/XDRONE.dir/default_config/C_/Users/Public/Documents/Altium/Projects/XDRONE/Firmware/XDRONE/02_Middlewares/OS/src/OS_Tick.c.obj
                0x080058e8                os_getMsTick
 .text.os_tick  0x080058f4       0xa8 CMakeFiles/XDRONE.dir/default_config/C_/Users/Public/Documents/Altium/Projects/XDRONE/Firmware/XDRONE/02_Middlewares/OS/src/OS_Tick.c.obj
                0x080058f4                os_tick
 .text.cli_panic
                0x0800599c       0x38 CMakeFiles/XDRONE.dir/default_config/C_/Users/Public/Documents/Altium/Projects/XDRONE/Firmware/XDRONE/04_CLI/cli.c.obj
 .text.cli_rst  0x080059d4       0x48 CMakeFiles/XDRONE.dir/default_config/C_/Users/Public/Documents/Altium/Projects/XDRONE/Firmware/XDRONE/04_CLI/cli.c.obj
 .text.cli_init
                0x08005a1c       0x30 CMakeFiles/XDRONE.dir/default_config/C_/Users/Public/Documents/Altium/Projects/XDRONE/Firmware/XDRONE/04_CLI/cli.c.obj
                0x08005a1c                cli_init
 .text.cli_led_print
                0x08005a4c       0xa0 CMakeFiles/XDRONE.dir/default_config/C_/Users/Public/Documents/Altium/Projects/XDRONE/Firmware/XDRONE/04_CLI/cli_led.c.obj
 .text.cli_led_rgb
                0x08005aec       0x60 CMakeFiles/XDRONE.dir/default_config/C_/Users/Public/Documents/Altium/Projects/XDRONE/Firmware/XDRONE/04_CLI/cli_led.c.obj
 .text.cli_led_intensity
                0x08005b4c       0x2c CMakeFiles/XDRONE.dir/default_config/C_/Users/Public/Documents/Altium/Projects/XDRONE/Firmware/XDRONE/04_CLI/cli_led.c.obj
 .text.cli_led_state
                0x08005b78       0x34 CMakeFiles/XDRONE.dir/default_config/C_/Users/Public/Documents/Altium/Projects/XDRONE/Firmware/XDRONE/04_CLI/cli_led.c.obj
 .text.cli_motor_print
                0x08005bac       0x8c CMakeFiles/XDRONE.dir/default_config/C_/Users/Public/Documents/Altium/Projects/XDRONE/Firmware/XDRONE/04_CLI/cli_motor.c.obj
 .text.cli_motorAll_pwm
                0x08005c38       0xac CMakeFiles/XDRONE.dir/default_config/C_/Users/Public/Documents/Altium/Projects/XDRONE/Firmware/XDRONE/04_CLI/cli_motor.c.obj
 .text.cli_motorDR_pwm
                0x08005ce4       0x30 CMakeFiles/XDRONE.dir/default_config/C_/Users/Public/Documents/Altium/Projects/XDRONE/Firmware/XDRONE/04_CLI/cli_motor.c.obj
 .text.cli_motorDL_pwm
                0x08005d14       0x30 CMakeFiles/XDRONE.dir/default_config/C_/Users/Public/Documents/Altium/Projects/XDRONE/Firmware/XDRONE/04_CLI/cli_motor.c.obj
 .text.cli_motorUR_pwm
                0x08005d44       0x30 CMakeFiles/XDRONE.dir/default_config/C_/Users/Public/Documents/Altium/Projects/XDRONE/Firmware/XDRONE/04_CLI/cli_motor.c.obj
 .text.cli_motorUL_pwm
                0x08005d74       0x30 CMakeFiles/XDRONE.dir/default_config/C_/Users/Public/Documents/Altium/Projects/XDRONE/Firmware/XDRONE/04_CLI/cli_motor.c.obj
 .text          0x08005da4      0x378 c:/siliconlabs/simplicitystudio/v5/developer/toolchains/gnu_arm/12.2.rel1_2023.7/bin/../lib/gcc/arm-none-eabi/12.2.1/thumb/v8-m.main+fp/hard\libgcc.a(_arm_addsubdf3.o)
                0x08005da4                __aeabi_drsub
                0x08005dac                __aeabi_dsub
                0x08005dac                __subdf3
                0x08005db0                __aeabi_dadd
                0x08005db0                __adddf3
                0x08006028                __floatunsidf
                0x08006028                __aeabi_ui2d
                0x08006048                __floatsidf
                0x08006048                __aeabi_i2d
                0x0800606c                __aeabi_f2d
                0x0800606c                __extendsfdf2
                0x080060b0                __floatundidf
                0x080060b0                __aeabi_ul2d
                0x080060c0                __floatdidf
                0x080060c0                __aeabi_l2d
 .text          0x0800611c      0x424 c:/siliconlabs/simplicitystudio/v5/developer/toolchains/gnu_arm/12.2.rel1_2023.7/bin/../lib/gcc/arm-none-eabi/12.2.1/thumb/v8-m.main+fp/hard\libgcc.a(_arm_muldivdf3.o)
                0x0800611c                __aeabi_dmul
                0x0800611c                __muldf3
                0x08006370                __divdf3
                0x08006370                __aeabi_ddiv
 .text          0x08006540      0x110 c:/siliconlabs/simplicitystudio/v5/developer/toolchains/gnu_arm/12.2.rel1_2023.7/bin/../lib/gcc/arm-none-eabi/12.2.1/thumb/v8-m.main+fp/hard\libgcc.a(_arm_cmpdf2.o)
                0x08006540                __gtdf2
                0x08006540                __gedf2
                0x08006548                __ltdf2
                0x08006548                __ledf2
                0x08006550                __nedf2
                0x08006550                __eqdf2
                0x08006550                __cmpdf2
                0x080065cc                __aeabi_cdrcmple
                0x080065dc                __aeabi_cdcmpeq
                0x080065dc                __aeabi_cdcmple
                0x080065ec                __aeabi_dcmpeq
                0x08006600                __aeabi_dcmplt
                0x08006614                __aeabi_dcmple
                0x08006628                __aeabi_dcmpge
                0x0800663c                __aeabi_dcmpgt
 .text          0x08006650       0x50 c:/siliconlabs/simplicitystudio/v5/developer/toolchains/gnu_arm/12.2.rel1_2023.7/bin/../lib/gcc/arm-none-eabi/12.2.1/thumb/v8-m.main+fp/hard\libgcc.a(_arm_fixdfsi.o)
                0x08006650                __aeabi_d2iz
                0x08006650                __fixdfsi
 .text          0x080066a0       0x40 c:/siliconlabs/simplicitystudio/v5/developer/toolchains/gnu_arm/12.2.rel1_2023.7/bin/../lib/gcc/arm-none-eabi/12.2.1/thumb/v8-m.main+fp/hard\libgcc.a(_arm_fixunsdfsi.o)
                0x080066a0                __aeabi_d2uiz
                0x080066a0                __fixunsdfsi
 .text          0x080066e0       0x30 c:/siliconlabs/simplicitystudio/v5/developer/toolchains/gnu_arm/12.2.rel1_2023.7/bin/../lib/gcc/arm-none-eabi/12.2.1/thumb/v8-m.main+fp/hard\libgcc.a(_aeabi_uldivmod.o)
                0x080066e0                __aeabi_uldivmod
 .text.__udivmoddi4
                0x08006710      0x2ec c:/siliconlabs/simplicitystudio/v5/developer/toolchains/gnu_arm/12.2.rel1_2023.7/bin/../lib/gcc/arm-none-eabi/12.2.1/thumb/v8-m.main+fp/hard\libgcc.a(_udivmoddi4.o)
                0x08006710                __udivmoddi4
 .text          0x080069fc        0x4 c:/siliconlabs/simplicitystudio/v5/developer/toolchains/gnu_arm/12.2.rel1_2023.7/bin/../lib/gcc/arm-none-eabi/12.2.1/thumb/v8-m.main+fp/hard\libgcc.a(_dvmd_tls.o)
                0x080069fc                __aeabi_idiv0
                0x080069fc                __aeabi_ldiv0
 .text.exit     0x08006a00       0x24 c:/siliconlabs/simplicitystudio/v5/developer/toolchains/gnu_arm/12.2.rel1_2023.7/bin/../lib/gcc/arm-none-eabi/12.2.1/thumb/v8-m.main+fp/hard\libc_nano.a(libc_a-exit.o)
                0x08006a00                exit
 .text._strtol_l.constprop.0
                0x08006a24       0xfc c:/siliconlabs/simplicitystudio/v5/developer/toolchains/gnu_arm/12.2.rel1_2023.7/bin/../lib/gcc/arm-none-eabi/12.2.1/thumb/v8-m.main+fp/hard\libc_nano.a(libc_a-strtol.o)
 .text.strtol   0x08006b20       0x14 c:/siliconlabs/simplicitystudio/v5/developer/toolchains/gnu_arm/12.2.rel1_2023.7/bin/../lib/gcc/arm-none-eabi/12.2.1/thumb/v8-m.main+fp/hard\libc_nano.a(libc_a-strtol.o)
                0x08006b20                strtol
 .text._strtoul_l.constprop.0
                0x08006b34       0xe4 c:/siliconlabs/simplicitystudio/v5/developer/toolchains/gnu_arm/12.2.rel1_2023.7/bin/../lib/gcc/arm-none-eabi/12.2.1/thumb/v8-m.main+fp/hard\libc_nano.a(libc_a-strtoul.o)
 .text.strtoul  0x08006c18       0x14 c:/siliconlabs/simplicitystudio/v5/developer/toolchains/gnu_arm/12.2.rel1_2023.7/bin/../lib/gcc/arm-none-eabi/12.2.1/thumb/v8-m.main+fp/hard\libc_nano.a(libc_a-strtoul.o)
                0x08006c18                strtoul
 .text._strtoll_l.constprop.0
                0x08006c2c      0x128 c:/siliconlabs/simplicitystudio/v5/developer/toolchains/gnu_arm/12.2.rel1_2023.7/bin/../lib/gcc/arm-none-eabi/12.2.1/thumb/v8-m.main+fp/hard\libc_nano.a(libc_a-strtoll.o)
 .text.strtoll  0x08006d54       0x14 c:/siliconlabs/simplicitystudio/v5/developer/toolchains/gnu_arm/12.2.rel1_2023.7/bin/../lib/gcc/arm-none-eabi/12.2.1/thumb/v8-m.main+fp/hard\libc_nano.a(libc_a-strtoll.o)
                0x08006d54                strtoll
 .text.__errno  0x08006d68        0xc c:/siliconlabs/simplicitystudio/v5/developer/toolchains/gnu_arm/12.2.rel1_2023.7/bin/../lib/gcc/arm-none-eabi/12.2.1/thumb/v8-m.main+fp/hard\libc_nano.a(libc_a-errno.o)
                0x08006d68                __errno
 .text.__libc_init_array
                0x08006d74       0x48 c:/siliconlabs/simplicitystudio/v5/developer/toolchains/gnu_arm/12.2.rel1_2023.7/bin/../lib/gcc/arm-none-eabi/12.2.1/thumb/v8-m.main+fp/hard\libc_nano.a(libc_a-init.o)
                0x08006d74                __libc_init_array
 .text.assertEFM
                0x08006dbc        0x2 CMakeFiles/slc_XDRONE.dir/default_config/C_/Users/Public/Documents/Altium/Projects/XDRONE/Firmware/gecko_sdk_4.4.3/platform/common/src/sl_assert.c.obj
                0x08006dbc                assertEFM
 .text.sl_slist_init
                0x08006dbe        0x6 CMakeFiles/slc_XDRONE.dir/default_config/C_/Users/Public/Documents/Altium/Projects/XDRONE/Firmware/gecko_sdk_4.4.3/platform/common/src/sl_slist.c.obj
                0x08006dbe                sl_slist_init
 .text.sl_strcpy_s
                0x08006dc4       0x22 CMakeFiles/slc_XDRONE.dir/default_config/C_/Users/Public/Documents/Altium/Projects/XDRONE/Firmware/gecko_sdk_4.4.3/platform/common/src/sl_string.c.obj
                0x08006dc4                sl_strcpy_s
 .text.sl_strnlen
                0x08006de6       0x16 CMakeFiles/slc_XDRONE.dir/default_config/C_/Users/Public/Documents/Altium/Projects/XDRONE/Firmware/gecko_sdk_4.4.3/platform/common/src/sl_string.c.obj
                0x08006de6                sl_strnlen
 .text.sl_strlen
                0x08006dfc        0x8 CMakeFiles/slc_XDRONE.dir/default_config/C_/Users/Public/Documents/Altium/Projects/XDRONE/Firmware/gecko_sdk_4.4.3/platform/common/src/sl_string.c.obj
                0x08006dfc                sl_strlen
 .text.sl_strcat_s
                0x08006e04       0x26 CMakeFiles/slc_XDRONE.dir/default_config/C_/Users/Public/Documents/Altium/Projects/XDRONE/Firmware/gecko_sdk_4.4.3/platform/common/src/sl_string.c.obj
                0x08006e04                sl_strcat_s
 .text._exit    0x08006e2a        0x2 CMakeFiles/slc_XDRONE.dir/default_config/C_/Users/Public/Documents/Altium/Projects/XDRONE/Firmware/gecko_sdk_4.4.3/platform/common/src/sl_syscalls.c.obj
                0x08006e2a                _exit
 .text.Default_Handler
                0x08006e2c        0x2 CMakeFiles/slc_XDRONE.dir/default_config/b5bb5260dacc7379f80b8d14ba2fd242/Firmware/gecko_sdk_4.4.3/platform/Device/SiliconLabs/EFR32FG28/Source/startup_efr32fg28.c.obj
                0x08006e2c                ULFRCO_IRQHandler
                0x08006e2c                AHB2AHB1_IRQHandler
                0x08006e2c                SW2_IRQHandler
                0x08006e2c                TIMER2_IRQHandler
                0x08006e2c                DebugMon_Handler
                0x08006e2c                IADC_IRQHandler
                0x08006e2c                EUSART0_TX_IRQHandler
                0x08006e2c                I2C0_IRQHandler
                0x08006e2c                LFXO_IRQHandler
                0x08006e2c                HardFault_Handler
                0x08006e2c                SMU_SECURE_IRQHandler
                0x08006e2c                SYSRTC_SEQ_IRQHandler
                0x08006e2c                EMUEFP_IRQHandler
                0x08006e2c                EUSART2_TX_IRQHandler
                0x08006e2c                NMI_Handler
                0x08006e2c                SYNTH_IRQHandler
                0x08006e2c                HOSTMAILBOX_IRQHandler
                0x08006e2c                HFXO0_IRQHandler
                0x08006e2c                I2C1_IRQHandler
                0x08006e2c                WDOG0_IRQHandler
                0x08006e2c                TIMER3_IRQHandler
                0x08006e2c                SYSCFG_IRQHandler
                0x08006e2c                RFECA1_IRQHandler
                0x08006e2c                EMUDG_IRQHandler
                0x08006e2c                MSC_IRQHandler
                0x08006e2c                DPLL0_IRQHandler
                0x08006e2c                UsageFault_Handler
                0x08006e2c                WDOG1_IRQHandler
                0x08006e2c                M33CTI1_IRQHandler
                0x08006e2c                TIMER4_IRQHandler
                0x08006e2c                GPIO_EVEN_IRQHandler
                0x08006e2c                VDAC0_IRQHandler
                0x08006e2c                SEMBTX_IRQHandler
                0x08006e2c                SW0_IRQHandler
                0x08006e2c                TIMER0_IRQHandler
                0x08006e2c                LCD_IRQHandler
                0x08006e2c                MVP_IRQHandler
                0x08006e2c                LETIMER0_IRQHandler
                0x08006e2c                EUSART1_RX_IRQHandler
                0x08006e2c                TIMER1_IRQHandler
                0x08006e2c                HFRCO0_IRQHandler
                0x08006e2c                SecureFault_Handler
                0x08006e2c                BUFC_IRQHandler
                0x08006e2c                DCDC_IRQHandler
                0x08006e2c                MODEM_IRQHandler
                0x08006e2c                Default_Handler
                0x08006e2c                RAC_SEQ_IRQHandler
                0x08006e2c                FRC_PRI_IRQHandler
                0x08006e2c                EMU_IRQHandler
                0x08006e2c                SW3_IRQHandler
                0x08006e2c                KERNEL0_IRQHandler
                0x08006e2c                FRC_IRQHandler
                0x08006e2c                PCNT0_IRQHandler
                0x08006e2c                KERNEL1_IRQHandler
                0x08006e2c                AGC_IRQHandler
                0x08006e2c                EUSART1_TX_IRQHandler
                0x08006e2c                KEYSCAN_IRQHandler
                0x08006e2c                sl_app_properties
                0x08006e2c                HFRCOEM23_IRQHandler
                0x08006e2c                BURTC_IRQHandler
                0x08006e2c                SEMBRX_IRQHandler
                0x08006e2c                RFECA0_IRQHandler
                0x08006e2c                LFRCO_IRQHandler
                0x08006e2c                ACMP0_IRQHandler
                0x08006e2c                MemManage_Handler
                0x08006e2c                AHB2AHB0_IRQHandler
                0x08006e2c                SVC_Handler
                0x08006e2c                EUSART2_RX_IRQHandler
                0x08006e2c                SMU_S_PRIVILEGED_IRQHandler
                0x08006e2c                SW1_IRQHandler
                0x08006e2c                CMU_IRQHandler
                0x08006e2c                EUSART0_RX_IRQHandler
                0x08006e2c                RAC_RSM_IRQHandler
                0x08006e2c                SETAMPERHOST_IRQHandler
                0x08006e2c                GPIO_ODD_IRQHandler
                0x08006e2c                LESENSE_IRQHandler
                0x08006e2c                AES_IRQHandler
                0x08006e2c                M33CTI0_IRQHandler
                0x08006e2c                ICACHE0_IRQHandler
                0x08006e2c                SMU_NS_PRIVILEGED_IRQHandler
                0x08006e2c                FPUEXH_IRQHandler
                0x08006e2c                PROTIMER_IRQHandler
                0x08006e2c                ACMP1_IRQHandler
                0x08006e2c                BusFault_Handler
                0x08006e2c                MPAHBRAM_IRQHandler
                0x08006e2c                SYSRTC_APP_IRQHandler
 .text.FlashToRamCopy
                0x08006e2e       0x16 CMakeFiles/slc_XDRONE.dir/default_config/b5bb5260dacc7379f80b8d14ba2fd242/Firmware/gecko_sdk_4.4.3/platform/Device/SiliconLabs/EFR32FG28/Source/system_efr32fg28.c.obj
                0x08006e2e                FlashToRamCopy
 .text.SystemCLKIN0Get
                0x08006e44        0x4 CMakeFiles/slc_XDRONE.dir/default_config/b5bb5260dacc7379f80b8d14ba2fd242/Firmware/gecko_sdk_4.4.3/platform/Device/SiliconLabs/EFR32FG28/Source/system_efr32fg28.c.obj
                0x08006e44                SystemCLKIN0Get
 .text.SystemLFRCOClockGet
                0x08006e48        0x6 CMakeFiles/slc_XDRONE.dir/default_config/b5bb5260dacc7379f80b8d14ba2fd242/Firmware/gecko_sdk_4.4.3/platform/Device/SiliconLabs/EFR32FG28/Source/system_efr32fg28.c.obj
                0x08006e48                SystemLFRCOClockGet
 .text.SystemULFRCOClockGet
                0x08006e4e        0x6 CMakeFiles/slc_XDRONE.dir/default_config/b5bb5260dacc7379f80b8d14ba2fd242/Firmware/gecko_sdk_4.4.3/platform/Device/SiliconLabs/EFR32FG28/Source/system_efr32fg28.c.obj
                0x08006e4e                SystemULFRCOClockGet
 .text.DMADRV_PeripheralMemory
                0x08006e54       0x34 CMakeFiles/slc_XDRONE.dir/default_config/C_/Users/Public/Documents/Altium/Projects/XDRONE/Firmware/gecko_sdk_4.4.3/platform/emdrv/dmadrv/src/dmadrv.c.obj
                0x08006e54                DMADRV_PeripheralMemory
 .text.BUS_RegMaskedWrite
                0x08006e88       0x1e CMakeFiles/slc_XDRONE.dir/default_config/C_/Users/Public/Documents/Altium/Projects/XDRONE/Firmware/gecko_sdk_4.4.3/platform/emlib/src/em_cmu.c.obj
 .text.waitStateMax
                0x08006ea6       0x10 CMakeFiles/slc_XDRONE.dir/default_config/C_/Users/Public/Documents/Altium/Projects/XDRONE/Firmware/gecko_sdk_4.4.3/platform/emlib/src/em_cmu.c.obj
 .text.CMU_UpdateWaitStates
                0x08006eb6        0xc CMakeFiles/slc_XDRONE.dir/default_config/C_/Users/Public/Documents/Altium/Projects/XDRONE/Firmware/gecko_sdk_4.4.3/platform/emlib/src/em_cmu.c.obj
                0x08006eb6                CMU_UpdateWaitStates
 .text.pclkDivMax
                0x08006ec2        0xa CMakeFiles/slc_XDRONE.dir/default_config/C_/Users/Public/Documents/Altium/Projects/XDRONE/Firmware/gecko_sdk_4.4.3/platform/emlib/src/em_cmu.c.obj
 .text.sli_em_cmu_SYSCLKInitPostClockSelect
                0x08006ecc       0x2a CMakeFiles/slc_XDRONE.dir/default_config/C_/Users/Public/Documents/Altium/Projects/XDRONE/Firmware/gecko_sdk_4.4.3/platform/emlib/src/em_cmu.c.obj
                0x08006ecc                sli_em_cmu_SYSCLKInitPostClockSelect
 .text.CORE_EnterCritical
                0x08006ef6        0x8 CMakeFiles/slc_XDRONE.dir/default_config/C_/Users/Public/Documents/Altium/Projects/XDRONE/Firmware/gecko_sdk_4.4.3/platform/emlib/src/em_core.c.obj
                0x08006ef6                CORE_EnterCritical
 .text.CORE_ExitCritical
                0x08006efe        0x6 CMakeFiles/slc_XDRONE.dir/default_config/C_/Users/Public/Documents/Altium/Projects/XDRONE/Firmware/gecko_sdk_4.4.3/platform/emlib/src/em_core.c.obj
                0x08006efe                CORE_ExitCritical
 .text.CORE_EnterAtomic
                0x08006f04        0xc CMakeFiles/slc_XDRONE.dir/default_config/C_/Users/Public/Documents/Altium/Projects/XDRONE/Firmware/gecko_sdk_4.4.3/platform/emlib/src/em_core.c.obj
                0x08006f04                CORE_EnterAtomic
 .text.CORE_ExitAtomic
                0x08006f10        0x6 CMakeFiles/slc_XDRONE.dir/default_config/C_/Users/Public/Documents/Altium/Projects/XDRONE/Firmware/gecko_sdk_4.4.3/platform/emlib/src/em_core.c.obj
                0x08006f10                CORE_ExitAtomic
 .text.EMU_EFPEM01VScale
                0x08006f16        0x2 CMakeFiles/slc_XDRONE.dir/default_config/C_/Users/Public/Documents/Altium/Projects/XDRONE/Firmware/gecko_sdk_4.4.3/platform/emlib/src/em_emu.c.obj
                0x08006f16                EMU_EFPEM01VScale
 .text.EMU_DCDCUpdatedHook
                0x08006f18        0x2 CMakeFiles/slc_XDRONE.dir/default_config/C_/Users/Public/Documents/Altium/Projects/XDRONE/Firmware/gecko_sdk_4.4.3/platform/emlib/src/em_emu.c.obj
                0x08006f18                EMU_DCDCUpdatedHook
 .text.EMU_DCDCPowerOff
                0x08006f1a        0xc CMakeFiles/slc_XDRONE.dir/default_config/C_/Users/Public/Documents/Altium/Projects/XDRONE/Firmware/gecko_sdk_4.4.3/platform/emlib/src/em_emu.c.obj
                0x08006f1a                EMU_DCDCPowerOff
 .text.BUS_RegMaskedWrite
                0x08006f26       0x1e CMakeFiles/slc_XDRONE.dir/default_config/C_/Users/Public/Documents/Altium/Projects/XDRONE/Firmware/gecko_sdk_4.4.3/platform/emlib/src/em_gpio.c.obj
 .text.TIMER_SyncWait
                0x08006f44        0xe CMakeFiles/slc_XDRONE.dir/default_config/C_/Users/Public/Documents/Altium/Projects/XDRONE/Firmware/gecko_sdk_4.4.3/platform/emlib/src/em_timer.c.obj
                0x08006f44                TIMER_SyncWait
 .text.USART_Tx
                0x08006f52        0xa CMakeFiles/slc_XDRONE.dir/default_config/C_/Users/Public/Documents/Altium/Projects/XDRONE/Firmware/gecko_sdk_4.4.3/platform/emlib/src/em_usart.c.obj
                0x08006f52                USART_Tx
 .text.sli_cli_session_activity_notification
                0x08006f5c        0x2 CMakeFiles/slc_XDRONE.dir/default_config/C_/Users/Public/Documents/Altium/Projects/XDRONE/Firmware/gecko_sdk_4.4.3/platform/service/cli/src/sl_cli.c.obj
                0x08006f5c                sli_cli_session_activity_notification
 .text.sli_cli_session_init
                0x08006f5e        0x4 CMakeFiles/slc_XDRONE.dir/default_config/C_/Users/Public/Documents/Altium/Projects/XDRONE/Firmware/gecko_sdk_4.4.3/platform/service/cli/src/sl_cli.c.obj
                0x08006f5e                sli_cli_session_init
 .text.sli_cli_session_handler
                0x08006f62        0x4 CMakeFiles/slc_XDRONE.dir/default_config/C_/Users/Public/Documents/Altium/Projects/XDRONE/Firmware/gecko_sdk_4.4.3/platform/service/cli/src/sl_cli.c.obj
                0x08006f62                sli_cli_session_handler
 .text.sli_cli_handle_input_and_history
                0x08006f66       0x26 CMakeFiles/slc_XDRONE.dir/default_config/C_/Users/Public/Documents/Altium/Projects/XDRONE/Firmware/gecko_sdk_4.4.3/platform/service/cli/src/sl_cli.c.obj
                0x08006f66                sli_cli_handle_input_and_history
 .text.sl_cli_instance_init
                0x08006f8c       0x28 CMakeFiles/slc_XDRONE.dir/default_config/C_/Users/Public/Documents/Altium/Projects/XDRONE/Firmware/gecko_sdk_4.4.3/platform/service/cli/src/sl_cli.c.obj
                0x08006f8c                sl_cli_instance_init
 .text.sl_cli_tick_instance
                0x08006fb4        0x8 CMakeFiles/slc_XDRONE.dir/default_config/C_/Users/Public/Documents/Altium/Projects/XDRONE/Firmware/gecko_sdk_4.4.3/platform/service/cli/src/sl_cli.c.obj
                0x08006fb4                sl_cli_tick_instance
 .text.sli_cli_arguments_validate_int
                0x08006fbc       0x12 CMakeFiles/slc_XDRONE.dir/default_config/C_/Users/Public/Documents/Altium/Projects/XDRONE/Firmware/gecko_sdk_4.4.3/platform/service/cli/src/sl_cli_arguments.c.obj
                0x08006fbc                sli_cli_arguments_validate_int
 .text.sli_cli_validate_argument
                0x08006fce       0x40 CMakeFiles/slc_XDRONE.dir/default_config/C_/Users/Public/Documents/Altium/Projects/XDRONE/Firmware/gecko_sdk_4.4.3/platform/service/cli/src/sl_cli_arguments.c.obj
                0x08006fce                sli_cli_validate_argument
 .text.sli_cli_arguments_convert_single
                0x0800700e       0xfc CMakeFiles/slc_XDRONE.dir/default_config/C_/Users/Public/Documents/Altium/Projects/XDRONE/Firmware/gecko_sdk_4.4.3/platform/service/cli/src/sl_cli_arguments.c.obj
                0x0800700e                sli_cli_arguments_convert_single
 .text.sli_cli_arguments_convert_multiple
                0x0800710a       0xf8 CMakeFiles/slc_XDRONE.dir/default_config/C_/Users/Public/Documents/Altium/Projects/XDRONE/Firmware/gecko_sdk_4.4.3/platform/service/cli/src/sl_cli_arguments.c.obj
                0x0800710a                sli_cli_arguments_convert_multiple
 .text.scan_entry
                0x08007202       0x90 CMakeFiles/slc_XDRONE.dir/default_config/C_/Users/Public/Documents/Altium/Projects/XDRONE/Firmware/gecko_sdk_4.4.3/platform/service/cli/src/sl_cli_command.c.obj
 .text.cmd_help_group
                0x08007292       0x18 CMakeFiles/slc_XDRONE.dir/default_config/C_/Users/Public/Documents/Altium/Projects/XDRONE/Firmware/gecko_sdk_4.4.3/platform/service/cli/src/sl_cli_command.c.obj
 .text.sli_cli_pre_cmd_hook
                0x080072aa        0x2 CMakeFiles/slc_XDRONE.dir/default_config/C_/Users/Public/Documents/Altium/Projects/XDRONE/Firmware/gecko_sdk_4.4.3/platform/service/cli/src/sl_cli_command.c.obj
                0x080072aa                sli_cli_pre_cmd_hook
 .text.sli_cli_post_cmd_hook
                0x080072ac        0x2 CMakeFiles/slc_XDRONE.dir/default_config/C_/Users/Public/Documents/Altium/Projects/XDRONE/Firmware/gecko_sdk_4.4.3/platform/service/cli/src/sl_cli_command.c.obj
                0x080072ac                sli_cli_post_cmd_hook
 .text.sl_cli_command_add_command_group
                0x080072ae       0x1a CMakeFiles/slc_XDRONE.dir/default_config/C_/Users/Public/Documents/Altium/Projects/XDRONE/Firmware/gecko_sdk_4.4.3/platform/service/cli/src/sl_cli_command.c.obj
                0x080072ae                sl_cli_command_add_command_group
 .text.sl_cli_command_execute
                0x080072c8       0xae CMakeFiles/slc_XDRONE.dir/default_config/C_/Users/Public/Documents/Altium/Projects/XDRONE/Firmware/gecko_sdk_4.4.3/platform/service/cli/src/sl_cli_command.c.obj
                0x080072c8                sl_cli_command_execute
 .text.history_get_count
                0x08007376       0x28 CMakeFiles/slc_XDRONE.dir/default_config/C_/Users/Public/Documents/Altium/Projects/XDRONE/Firmware/gecko_sdk_4.4.3/platform/service/cli/src/sl_cli_input.c.obj
 .text.history_get_ofs
                0x0800739e       0x64 CMakeFiles/slc_XDRONE.dir/default_config/C_/Users/Public/Documents/Altium/Projects/XDRONE/Firmware/gecko_sdk_4.4.3/platform/service/cli/src/sl_cli_input.c.obj
 .text.sl_cli_input_clear
                0x08007402       0x16 CMakeFiles/slc_XDRONE.dir/default_config/C_/Users/Public/Documents/Altium/Projects/XDRONE/Firmware/gecko_sdk_4.4.3/platform/service/cli/src/sl_cli_input.c.obj
                0x08007402                sl_cli_input_clear
 .text.sli_cli_input_update_history
                0x08007418       0x86 CMakeFiles/slc_XDRONE.dir/default_config/C_/Users/Public/Documents/Altium/Projects/XDRONE/Firmware/gecko_sdk_4.4.3/platform/service/cli/src/sl_cli_input.c.obj
                0x08007418                sli_cli_input_update_history
 .text.sl_cli_input_get_history
                0x0800749e       0x80 CMakeFiles/slc_XDRONE.dir/default_config/C_/Users/Public/Documents/Altium/Projects/XDRONE/Firmware/gecko_sdk_4.4.3/platform/service/cli/src/sl_cli_input.c.obj
                0x0800749e                sl_cli_input_get_history
 .text.sli_cli_io_getchar
                0x0800751e       0x1e CMakeFiles/slc_XDRONE.dir/default_config/C_/Users/Public/Documents/Altium/Projects/XDRONE/Firmware/gecko_sdk_4.4.3/platform/service/cli/src/sl_cli_io.c.obj
                0x0800751e                sli_cli_io_getchar
 .text.sli_cli_io_putchar
                0x0800753c       0x18 CMakeFiles/slc_XDRONE.dir/default_config/C_/Users/Public/Documents/Altium/Projects/XDRONE/Firmware/gecko_sdk_4.4.3/platform/service/cli/src/sl_cli_io.c.obj
                0x0800753c                sli_cli_io_putchar
 .text.sli_cli_io_printf
                0x08007554       0x1c CMakeFiles/slc_XDRONE.dir/default_config/C_/Users/Public/Documents/Altium/Projects/XDRONE/Firmware/gecko_sdk_4.4.3/platform/service/cli/src/sl_cli_io.c.obj
                0x08007554                sli_cli_io_printf
 .text.escape   0x08007570       0x26 CMakeFiles/slc_XDRONE.dir/default_config/C_/Users/Public/Documents/Altium/Projects/XDRONE/Firmware/gecko_sdk_4.4.3/platform/service/cli/src/sl_cli_tokenize.c.obj
 .text.sl_cli_tokenize
                0x08007596       0xe2 CMakeFiles/slc_XDRONE.dir/default_config/C_/Users/Public/Documents/Altium/Projects/XDRONE/Firmware/gecko_sdk_4.4.3/platform/service/cli/src/sl_cli_tokenize.c.obj
                0x08007596                sl_cli_tokenize
 .text.sl_device_init_dcdc
                0x08007678        0xa CMakeFiles/slc_XDRONE.dir/default_config/bf440dac2f447c31269e52145c203f2d/XDRONE/Firmware/gecko_sdk_4.4.3/platform/service/device_init/src/sl_device_init_dcdc_s2.c.obj
                0x08007678                sl_device_init_dcdc
 .text.sl_iostream_write
                0x08007682       0x22 CMakeFiles/slc_XDRONE.dir/default_config/C_/Users/Public/Documents/Altium/Projects/XDRONE/Firmware/gecko_sdk_4.4.3/platform/service/iostream/src/sl_iostream.c.obj
                0x08007682                sl_iostream_write
 .text.sl_iostream_read
                0x080076a4       0x30 CMakeFiles/slc_XDRONE.dir/default_config/C_/Users/Public/Documents/Altium/Projects/XDRONE/Firmware/gecko_sdk_4.4.3/platform/service/iostream/src/sl_iostream.c.obj
                0x080076a4                sl_iostream_read
 .text.sl_iostream_putchar
                0x080076d4       0x16 CMakeFiles/slc_XDRONE.dir/default_config/C_/Users/Public/Documents/Altium/Projects/XDRONE/Firmware/gecko_sdk_4.4.3/platform/service/iostream/src/sl_iostream.c.obj
                0x080076d4                sl_iostream_putchar
 .text.sl_iostream_getchar
                0x080076ea        0x8 CMakeFiles/slc_XDRONE.dir/default_config/C_/Users/Public/Documents/Altium/Projects/XDRONE/Firmware/gecko_sdk_4.4.3/platform/service/iostream/src/sl_iostream.c.obj
                0x080076ea                sl_iostream_getchar
 .text.set_auto_cr_lf
                0x080076f2        0x6 CMakeFiles/slc_XDRONE.dir/default_config/C_/Users/Public/Documents/Altium/Projects/XDRONE/Firmware/gecko_sdk_4.4.3/platform/service/iostream/src/sl_iostream_uart.c.obj
 .text.get_auto_cr_lf
                0x080076f8        0x6 CMakeFiles/slc_XDRONE.dir/default_config/C_/Users/Public/Documents/Altium/Projects/XDRONE/Firmware/gecko_sdk_4.4.3/platform/service/iostream/src/sl_iostream_uart.c.obj
 .text.usart_set_next_byte_detect
                0x080076fe        0xc CMakeFiles/slc_XDRONE.dir/default_config/C_/Users/Public/Documents/Altium/Projects/XDRONE/Firmware/gecko_sdk_4.4.3/platform/service/iostream/src/sl_iostream_usart.c.obj
 .text.usart_deinit
                0x0800770a       0x78 CMakeFiles/slc_XDRONE.dir/default_config/C_/Users/Public/Documents/Altium/Projects/XDRONE/Firmware/gecko_sdk_4.4.3/platform/service/iostream/src/sl_iostream_usart.c.obj
 .text.usart_tx
                0x08007782        0xc CMakeFiles/slc_XDRONE.dir/default_config/C_/Users/Public/Documents/Altium/Projects/XDRONE/Firmware/gecko_sdk_4.4.3/platform/service/iostream/src/sl_iostream_usart.c.obj
 .text.sl_iostream_usart_irq_handler
                0x0800778e       0x70 CMakeFiles/slc_XDRONE.dir/default_config/C_/Users/Public/Documents/Altium/Projects/XDRONE/Firmware/gecko_sdk_4.4.3/platform/service/iostream/src/sl_iostream_usart.c.obj
                0x0800778e                sl_iostream_usart_irq_handler
 .text.sl_system_init
                0x080077fe       0x1a CMakeFiles/slc_XDRONE.dir/default_config/C_/Users/Public/Documents/Altium/Projects/XDRONE/Firmware/gecko_sdk_4.4.3/platform/service/system/src/sl_system_init.c.obj
                0x080077fe                sl_system_init
 .text.sl_system_process_action
                0x08007818       0x16 CMakeFiles/slc_XDRONE.dir/default_config/bf440dac2f447c31269e52145c203f2d/XDRONE/Firmware/gecko_sdk_4.4.3/platform/service/system/src/sl_system_process_action.c.obj
                0x08007818                sl_system_process_action
 .text._out_null
                0x0800782e        0x2 CMakeFiles/slc_XDRONE.dir/default_config/C_/Users/Public/Documents/Altium/Projects/XDRONE/Firmware/gecko_sdk_4.4.3/util/third_party/printf/printf.c.obj
 .text._out_rev
                0x08007830       0x88 CMakeFiles/slc_XDRONE.dir/default_config/C_/Users/Public/Documents/Altium/Projects/XDRONE/Firmware/gecko_sdk_4.4.3/util/third_party/printf/printf.c.obj
 .text._ntoa_format
                0x080078b8      0x138 CMakeFiles/slc_XDRONE.dir/default_config/C_/Users/Public/Documents/Altium/Projects/XDRONE/Firmware/gecko_sdk_4.4.3/util/third_party/printf/printf.c.obj
 .text._ntoa_long
                0x080079f0       0x86 CMakeFiles/slc_XDRONE.dir/default_config/C_/Users/Public/Documents/Altium/Projects/XDRONE/Firmware/gecko_sdk_4.4.3/util/third_party/printf/printf.c.obj
 .text._ntoa_long_long
                0x08007a76       0x9e CMakeFiles/slc_XDRONE.dir/default_config/C_/Users/Public/Documents/Altium/Projects/XDRONE/Firmware/gecko_sdk_4.4.3/util/third_party/printf/printf.c.obj
 .text._out_char
                0x08007b14        0x8 CMakeFiles/slc_XDRONE.dir/default_config/C_/Users/Public/Documents/Altium/Projects/XDRONE/Firmware/gecko_sdk_4.4.3/util/third_party/printf/printf.c.obj
 .text._putchar
                0x08007b1c        0x8 CMakeFiles/slc_XDRONE.dir/default_config/C_/Users/Public/Documents/Altium/Projects/XDRONE/Firmware/gecko_sdk_4.4.3/util/third_party/printf/src/iostream_printf.c.obj
                0x08007b1c                _putchar
 .text.app_init
                0x08007b24        0x2 CMakeFiles/slc_XDRONE.dir/default_config/C_/Users/Public/Documents/Altium/Projects/XDRONE/Firmware/app.c.obj
                0x08007b24                app_init
 .text.app_process_action
                0x08007b26        0x2 CMakeFiles/slc_XDRONE.dir/default_config/C_/Users/Public/Documents/Altium/Projects/XDRONE/Firmware/app.c.obj
                0x08007b26                app_process_action
 .text.sl_platform_init
                0x08007b28       0x22 CMakeFiles/slc_XDRONE.dir/default_config/C_/Users/Public/Documents/Altium/Projects/XDRONE/Firmware/autogen/sl_event_handler.c.obj
                0x08007b28                sl_platform_init
 .text.sl_driver_init
                0x08007b4a        0x2 CMakeFiles/slc_XDRONE.dir/default_config/C_/Users/Public/Documents/Altium/Projects/XDRONE/Firmware/autogen/sl_event_handler.c.obj
                0x08007b4a                sl_driver_init
 .text.sl_service_init
                0x08007b4c        0xe CMakeFiles/slc_XDRONE.dir/default_config/C_/Users/Public/Documents/Altium/Projects/XDRONE/Firmware/autogen/sl_event_handler.c.obj
                0x08007b4c                sl_service_init
 .text.sl_stack_init
                0x08007b5a        0x2 CMakeFiles/slc_XDRONE.dir/default_config/C_/Users/Public/Documents/Altium/Projects/XDRONE/Firmware/autogen/sl_event_handler.c.obj
                0x08007b5a                sl_stack_init
 .text.sl_internal_app_init
                0x08007b5c        0x2 CMakeFiles/slc_XDRONE.dir/default_config/C_/Users/Public/Documents/Altium/Projects/XDRONE/Firmware/autogen/sl_event_handler.c.obj
                0x08007b5c                sl_internal_app_init
 .text.sl_platform_process_action
                0x08007b5e        0x2 CMakeFiles/slc_XDRONE.dir/default_config/C_/Users/Public/Documents/Altium/Projects/XDRONE/Firmware/autogen/sl_event_handler.c.obj
                0x08007b5e                sl_platform_process_action
 .text.sl_service_process_action
                0x08007b60        0x4 CMakeFiles/slc_XDRONE.dir/default_config/C_/Users/Public/Documents/Altium/Projects/XDRONE/Firmware/autogen/sl_event_handler.c.obj
                0x08007b60                sl_service_process_action
 .text.sl_stack_process_action
                0x08007b64        0x2 CMakeFiles/slc_XDRONE.dir/default_config/C_/Users/Public/Documents/Altium/Projects/XDRONE/Firmware/autogen/sl_event_handler.c.obj
                0x08007b64                sl_stack_process_action
 .text.sl_internal_app_process_action
                0x08007b66        0x2 CMakeFiles/slc_XDRONE.dir/default_config/C_/Users/Public/Documents/Altium/Projects/XDRONE/Firmware/autogen/sl_event_handler.c.obj
                0x08007b66                sl_internal_app_process_action
 .text.USART0_TX_IRQHandler
                0x08007b68        0x4 CMakeFiles/slc_XDRONE.dir/default_config/C_/Users/Public/Documents/Altium/Projects/XDRONE/Firmware/autogen/sl_iostream_init_usart_instances.c.obj
                0x08007b68                USART0_TX_IRQHandler
 .text.SysTick_Handler
                0x08007b6c        0x6 CMakeFiles/slc_XDRONE.dir/default_config/C_/Users/Public/Documents/Altium/Projects/XDRONE/Firmware/main.c.obj
                0x08007b6c                SysTick_Handler
 .text.os_idle_task_fn
                0x08007b72        0x2 CMakeFiles/XDRONE.dir/default_config/C_/Users/Public/Documents/Altium/Projects/XDRONE/Firmware/XDRONE/02_Middlewares/OS/src/OS_Callbacks.c.obj
                0x08007b72                os_idle_task_fn
 .text.os_no_task_ready_cb
                0x08007b74        0x2 CMakeFiles/XDRONE.dir/default_config/C_/Users/Public/Documents/Altium/Projects/XDRONE/Firmware/XDRONE/02_Middlewares/OS/src/OS_Callbacks.c.obj
                0x08007b74                os_no_task_ready_cb
 .text.os_insufficient_heap_cb
                0x08007b76        0x2 CMakeFiles/XDRONE.dir/default_config/C_/Users/Public/Documents/Altium/Projects/XDRONE/Firmware/XDRONE/02_Middlewares/OS/src/OS_Callbacks.c.obj
                0x08007b76                os_insufficient_heap_cb
 .text.os_obj_updatePrio
                0x08007b78       0xaa CMakeFiles/XDRONE.dir/default_config/C_/Users/Public/Documents/Altium/Projects/XDRONE/Firmware/XDRONE/02_Middlewares/OS/src/OS_Internal.c.obj
                0x08007b78                os_obj_updatePrio
 .text.os_list_init
                0x08007c22       0x1a CMakeFiles/XDRONE.dir/default_config/C_/Users/Public/Documents/Altium/Projects/XDRONE/Firmware/XDRONE/02_Middlewares/OS/src/OS_Internal.c.obj
                0x08007c22                os_list_init
 .text.os_list_search
                0x08007c3c       0x2e CMakeFiles/XDRONE.dir/default_config/C_/Users/Public/Documents/Altium/Projects/XDRONE/Firmware/XDRONE/02_Middlewares/OS/src/OS_Internal.c.obj
                0x08007c3c                os_list_search
 .text.os_list_add
                0x08007c6a       0x74 CMakeFiles/XDRONE.dir/default_config/C_/Users/Public/Documents/Altium/Projects/XDRONE/Firmware/XDRONE/02_Middlewares/OS/src/OS_Internal.c.obj
                0x08007c6a                os_list_add
 .text.os_list_remove
                0x08007cde       0x8c CMakeFiles/XDRONE.dir/default_config/C_/Users/Public/Documents/Altium/Projects/XDRONE/Firmware/XDRONE/02_Middlewares/OS/src/OS_Internal.c.obj
                0x08007cde                os_list_remove
 .text.os_list_clear
                0x08007d6a       0x34 CMakeFiles/XDRONE.dir/default_config/C_/Users/Public/Documents/Altium/Projects/XDRONE/Firmware/XDRONE/02_Middlewares/OS/src/OS_Internal.c.obj
                0x08007d6a                os_list_clear
 .text.os_task_list_sort
                0x08007d9e       0x8e CMakeFiles/XDRONE.dir/default_config/C_/Users/Public/Documents/Altium/Projects/XDRONE/Firmware/XDRONE/02_Middlewares/OS/src/OS_Internal.c.obj
                0x08007d9e                os_task_list_sort
 .text.os_task_list_isObjFreeOnTask
                0x08007e2c       0xce CMakeFiles/XDRONE.dir/default_config/C_/Users/Public/Documents/Altium/Projects/XDRONE/Firmware/XDRONE/02_Middlewares/OS/src/OS_Internal.c.obj
                0x08007e2c                os_task_list_isObjFreeOnTask
 .text.PendSV_Handler
                0x08007efa       0x38 CMakeFiles/XDRONE.dir/default_config/C_/Users/Public/Documents/Altium/Projects/XDRONE/Firmware/XDRONE/02_Middlewares/OS/src/OS_Scheduler.c.obj
                0x08007efa                PendSV_Handler
 .text.os_task_objTake
                0x08007f32        0x4 CMakeFiles/XDRONE.dir/default_config/C_/Users/Public/Documents/Altium/Projects/XDRONE/Firmware/XDRONE/02_Middlewares/OS/src/OS_Tasks.c.obj
 .text.os_task_yeild
                0x08007f36       0x12 CMakeFiles/XDRONE.dir/default_config/C_/Users/Public/Documents/Altium/Projects/XDRONE/Firmware/XDRONE/02_Middlewares/OS/src/OS_Tasks.c.obj
                0x08007f36                os_task_yeild
 .text.os_task_getPrio
                0x08007f48       0x14 CMakeFiles/XDRONE.dir/default_config/C_/Users/Public/Documents/Altium/Projects/XDRONE/Firmware/XDRONE/02_Middlewares/OS/src/OS_Tasks.c.obj
                0x08007f48                os_task_getPrio
 .text.os_task_getFreeCount
                0x08007f5c       0x22 CMakeFiles/XDRONE.dir/default_config/C_/Users/Public/Documents/Altium/Projects/XDRONE/Firmware/XDRONE/02_Middlewares/OS/src/OS_Tasks.c.obj
 .text.memmove  0x08007f7e       0x34 c:/siliconlabs/simplicitystudio/v5/developer/toolchains/gnu_arm/12.2.rel1_2023.7/bin/../lib/gcc/arm-none-eabi/12.2.1/thumb/v8-m.main+fp/hard\libc_nano.a(libc_a-memmove.o)
                0x08007f7e                memmove
 .text.memset   0x08007fb2       0x10 c:/siliconlabs/simplicitystudio/v5/developer/toolchains/gnu_arm/12.2.rel1_2023.7/bin/../lib/gcc/arm-none-eabi/12.2.1/thumb/v8-m.main+fp/hard\libc_nano.a(libc_a-memset.o)
                0x08007fb2                memset
 .text.strncmp  0x08007fc2       0x24 c:/siliconlabs/simplicitystudio/v5/developer/toolchains/gnu_arm/12.2.rel1_2023.7/bin/../lib/gcc/arm-none-eabi/12.2.1/thumb/v8-m.main+fp/hard\libc_nano.a(libc_a-strncmp.o)
                0x08007fc2                strncmp
 .text          0x08007fe6       0x14 c:/siliconlabs/simplicitystudio/v5/developer/toolchains/gnu_arm/12.2.rel1_2023.7/bin/../lib/gcc/arm-none-eabi/12.2.1/thumb/v8-m.main+fp/hard\libc_nano.a(libc_a-strcmp.o)
                0x08007fe6                strcmp
 .text.strcpy   0x08007ffa       0x10 c:/siliconlabs/simplicitystudio/v5/developer/toolchains/gnu_arm/12.2.rel1_2023.7/bin/../lib/gcc/arm-none-eabi/12.2.1/thumb/v8-m.main+fp/hard\libc_nano.a(libc_a-strcpy.o)
                0x08007ffa                strcpy
 .text.memcpy   0x0800800a       0x1a c:/siliconlabs/simplicitystudio/v5/developer/toolchains/gnu_arm/12.2.rel1_2023.7/bin/../lib/gcc/arm-none-eabi/12.2.1/thumb/v8-m.main+fp/hard\libc_nano.a(libc_a-memcpy-stub.o)
                0x0800800a                memcpy
 .text          0x08008024       0x10 c:/siliconlabs/simplicitystudio/v5/developer/toolchains/gnu_arm/12.2.rel1_2023.7/bin/../lib/gcc/arm-none-eabi/12.2.1/thumb/v8-m.main+fp/hard\libc_nano.a(libc_a-strlen.o)
                0x08008024                strlen